Component: ARM Compiler 5.06 update 7 (build 960) Tool: armlink [4d3601]

==============================================================================

Section Cross References

    system_stm32f10x.o(i.SetSysClock) refers to system_stm32f10x.o(i.SetSysClockTo72) for SetSysClockTo72
    system_stm32f10x.o(i.SystemCoreClockUpdate) refers to system_stm32f10x.o(.data) for .data
    system_stm32f10x.o(i.SystemInit) refers to system_stm32f10x.o(i.SetSysClock) for SetSysClock
    startup_stm32f10x_hd.o(RESET) refers to startup_stm32f10x_hd.o(STACK) for __initial_sp
    startup_stm32f10x_hd.o(RESET) refers to startup_stm32f10x_hd.o(.text) for Reset_Handler
    startup_stm32f10x_hd.o(RESET) refers to stm32f10x_it.o(i.NMI_Handler) for NMI_Handler
    startup_stm32f10x_hd.o(RESET) refers to context_rvds.o(.text) for HardFault_Handler
    startup_stm32f10x_hd.o(RESET) refers to stm32f10x_it.o(i.MemManage_Handler) for MemManage_Handler
    startup_stm32f10x_hd.o(RESET) refers to stm32f10x_it.o(i.BusFault_Handler) for BusFault_Handler
    startup_stm32f10x_hd.o(RESET) refers to stm32f10x_it.o(i.UsageFault_Handler) for UsageFault_Handler
    startup_stm32f10x_hd.o(RESET) refers to stm32f10x_it.o(i.SVC_Handler) for SVC_Handler
    startup_stm32f10x_hd.o(RESET) refers to stm32f10x_it.o(i.DebugMon_Handler) for DebugMon_Handler
    startup_stm32f10x_hd.o(RESET) refers to board.o(i.SysTick_Handler) for SysTick_Handler
    startup_stm32f10x_hd.o(RESET) refers to stm32f10x_it.o(i.CAN1_RX1_IRQHandler) for CAN1_RX1_IRQHandler
    startup_stm32f10x_hd.o(RESET) refers to stm32f10x_it.o(i.TIM1_UP_IRQHandler) for TIM1_UP_IRQHandler
    startup_stm32f10x_hd.o(RESET) refers to stm32f10x_it.o(i.TIM2_IRQHandler) for TIM2_IRQHandler
    startup_stm32f10x_hd.o(RESET) refers to stm32f10x_it.o(i.TIM3_IRQHandler) for TIM3_IRQHandler
    startup_stm32f10x_hd.o(RESET) refers to stm32f10x_it.o(i.USART1_IRQHandler) for USART1_IRQHandler
    startup_stm32f10x_hd.o(.text) refers to system_stm32f10x.o(i.SystemInit) for SystemInit
    startup_stm32f10x_hd.o(.text) refers to entry.o(.ARM.Collect$$$$00000000) for __main
    stm32f10x_gpio.o(i.GPIO_AFIODeInit) refers to stm32f10x_rcc.o(i.RCC_APB2PeriphResetCmd) for RCC_APB2PeriphResetCmd
    stm32f10x_gpio.o(i.GPIO_DeInit) refers to stm32f10x_rcc.o(i.RCC_APB2PeriphResetCmd) for RCC_APB2PeriphResetCmd
    stm32f10x_rcc.o(i.RCC_GetClocksFreq) refers to stm32f10x_rcc.o(.data) for .data
    stm32f10x_rcc.o(i.RCC_WaitForHSEStartUp) refers to stm32f10x_rcc.o(i.RCC_GetFlagStatus) for RCC_GetFlagStatus
    stm32f10x_tim.o(i.TIM_DeInit) refers to stm32f10x_rcc.o(i.RCC_APB2PeriphResetCmd) for RCC_APB2PeriphResetCmd
    stm32f10x_tim.o(i.TIM_DeInit) refers to stm32f10x_rcc.o(i.RCC_APB1PeriphResetCmd) for RCC_APB1PeriphResetCmd
    stm32f10x_tim.o(i.TIM_ETRClockMode1Config) refers to stm32f10x_tim.o(i.TIM_ETRConfig) for TIM_ETRConfig
    stm32f10x_tim.o(i.TIM_ETRClockMode2Config) refers to stm32f10x_tim.o(i.TIM_ETRConfig) for TIM_ETRConfig
    stm32f10x_tim.o(i.TIM_ICInit) refers to stm32f10x_tim.o(i.TI4_Config) for TI4_Config
    stm32f10x_tim.o(i.TIM_ICInit) refers to stm32f10x_tim.o(i.TIM_SetIC4Prescaler) for TIM_SetIC4Prescaler
    stm32f10x_tim.o(i.TIM_ICInit) refers to stm32f10x_tim.o(i.TI1_Config) for TI1_Config
    stm32f10x_tim.o(i.TIM_ICInit) refers to stm32f10x_tim.o(i.TIM_SetIC1Prescaler) for TIM_SetIC1Prescaler
    stm32f10x_tim.o(i.TIM_ICInit) refers to stm32f10x_tim.o(i.TI2_Config) for TI2_Config
    stm32f10x_tim.o(i.TIM_ICInit) refers to stm32f10x_tim.o(i.TIM_SetIC2Prescaler) for TIM_SetIC2Prescaler
    stm32f10x_tim.o(i.TIM_ICInit) refers to stm32f10x_tim.o(i.TI3_Config) for TI3_Config
    stm32f10x_tim.o(i.TIM_ICInit) refers to stm32f10x_tim.o(i.TIM_SetIC3Prescaler) for TIM_SetIC3Prescaler
    stm32f10x_tim.o(i.TIM_ITRxExternalClockConfig) refers to stm32f10x_tim.o(i.TIM_SelectInputTrigger) for TIM_SelectInputTrigger
    stm32f10x_tim.o(i.TIM_PWMIConfig) refers to stm32f10x_tim.o(i.TI2_Config) for TI2_Config
    stm32f10x_tim.o(i.TIM_PWMIConfig) refers to stm32f10x_tim.o(i.TIM_SetIC2Prescaler) for TIM_SetIC2Prescaler
    stm32f10x_tim.o(i.TIM_PWMIConfig) refers to stm32f10x_tim.o(i.TI1_Config) for TI1_Config
    stm32f10x_tim.o(i.TIM_PWMIConfig) refers to stm32f10x_tim.o(i.TIM_SetIC1Prescaler) for TIM_SetIC1Prescaler
    stm32f10x_tim.o(i.TIM_TIxExternalClockConfig) refers to stm32f10x_tim.o(i.TI1_Config) for TI1_Config
    stm32f10x_tim.o(i.TIM_TIxExternalClockConfig) refers to stm32f10x_tim.o(i.TIM_SelectInputTrigger) for TIM_SelectInputTrigger
    stm32f10x_tim.o(i.TIM_TIxExternalClockConfig) refers to stm32f10x_tim.o(i.TI2_Config) for TI2_Config
    stm32f10x_usart.o(i.USART_DeInit) refers to stm32f10x_rcc.o(i.RCC_APB2PeriphResetCmd) for RCC_APB2PeriphResetCmd
    stm32f10x_usart.o(i.USART_DeInit) refers to stm32f10x_rcc.o(i.RCC_APB1PeriphResetCmd) for RCC_APB1PeriphResetCmd
    stm32f10x_usart.o(i.USART_Init) refers to stm32f10x_rcc.o(i.RCC_GetClocksFreq) for RCC_GetClocksFreq
[...]
    i.ADC_GetCalibrationStatus               0x08001082   Section        0  stm32f10x_adc.o(i.ADC_GetCalibrationStatus)
    i.ADC_GetConversionValue                 0x08001090   Section        0  stm32f10x_adc.o(i.ADC_GetConversionValue)
    i.ADC_GetResetCalibrationStatus          0x08001096   Section        0  stm32f10x_adc.o(i.ADC_GetResetCalibrationStatus)
    i.ADC_Init                               0x080010a4   Section        0  stm32f10x_adc.o(i.ADC_Init)
    i.ADC_RegularChannelConfig               0x080010ec   Section        0  stm32f10x_adc.o(i.ADC_RegularChannelConfig)
    i.ADC_ResetCalibration                   0x08001160   Section        0  stm32f10x_adc.o(i.ADC_ResetCalibration)
    i.ADC_SoftwareStartConvCmd               0x0800116a   Section        0  stm32f10x_adc.o(i.ADC_SoftwareStartConvCmd)
    i.ADC_StartCalibration                   0x08001182   Section        0  stm32f10x_adc.o(i.ADC_StartCalibration)
    i.BusFault_Handler                       0x0800118c   Section        0  stm32f10x_it.o(i.BusFault_Handler)
    i.CAN1_RX1_IRQHandler                    0x08001190   Section        0  stm32f10x_it.o(i.CAN1_RX1_IRQHandler)
    i.CAN_ClearFlag                          0x080011c0   Section        0  stm32f10x_can.o(i.CAN_ClearFlag)
    i.CAN_DeInit                             0x080011f0   Section        0  stm32f10x_can.o(i.CAN_DeInit)
    i.CAN_FilterInit                         0x08001228   Section        0  stm32f10x_can.o(i.CAN_FilterInit)
    i.CAN_ITConfig                           0x080012fc   Section        0  stm32f10x_can.o(i.CAN_ITConfig)
    i.CAN_Init                               0x08001310   Section        0  stm32f10x_can.o(i.CAN_Init)
    i.CAN_Receive                            0x08001414   Section        0  stm32f10x_can.o(i.CAN_Receive)
    i.CAN_Send_MSG                           0x08001498   Section        0  can.o(i.CAN_Send_MSG)
    i.CAN_StructInit                         0x080014d0   Section        0  stm32f10x_can.o(i.CAN_StructInit)
    i.CAN_Transmit                           0x080014f0   Section        0  stm32f10x_can.o(i.CAN_Transmit)
    i.Can_Init                               0x080015a8   Section        0  can.o(i.Can_Init)
    i.DebugMon_Handler                       0x080016ac   Section        0  stm32f10x_it.o(i.DebugMon_Handler)
    i.Encoder_Init                           0x080016b0   Section        0  encoder.o(i.Encoder_Init)
    i.GPIO_Init                              0x0800174c   Section        0  stm32f10x_gpio.o(i.GPIO_Init)
    i.GPIO_PinRemapConfig                    0x080017f4   Section        0  stm32f10x_gpio.o(i.GPIO_PinRemapConfig)
    i.MOTOR_GPIO_Init                        0x08001850   Section        0  motor_ctrl.o(i.MOTOR_GPIO_Init)
    i.MOTOR_PWM_Init                         0x080018b0   Section        0  motor_ctrl.o(i.MOTOR_PWM_Init)
    i.MemManage_Handler                      0x080019f4   Section        0  stm32f10x_it.o(i.MemManage_Handler)
    i.NMI_Handler                            0x080019f6   Section        0  stm32f10x_it.o(i.NMI_Handler)
    i.NVIC_Init                              0x080019f8   Section        0  misc.o(i.NVIC_Init)
    i.NVIC_PriorityGroupConfig               0x08001a5c   Section        0  misc.o(i.NVIC_PriorityGroupConfig)
    i.RCC_ADCCLKConfig                       0x08001a70   Section        0  stm32f10x_rcc.o(i.RCC_ADCCLKConfig)
    i.RCC_AHBPeriphClockCmd                  0x08001a84   Section        0  stm32f10x_rcc.o(i.RCC_AHBPeriphClockCmd)
    i.RCC_APB1PeriphClockCmd                 0x08001aa0   Section        0  stm32f10x_rcc.o(i.RCC_APB1PeriphClockCmd)
    i.RCC_APB1PeriphResetCmd                 0x08001abc   Section        0  stm32f10x_rcc.o(i.RCC_APB1PeriphResetCmd)
    i.RCC_APB2PeriphClockCmd                 0x08001ad8   Section        0  stm32f10x_rcc.o(i.RCC_APB2PeriphClockCmd)
    i.RCC_GetClocksFreq                      0x08001af4   Section        0  stm32f10x_rcc.o(i.RCC_GetClocksFreq)
    i.SVC_Handler                            0x08001ba0   Section        0  stm32f10x_it.o(i.SVC_Handler)
    i.SetSysClock                            0x08001ba2   Section        0  system_stm32f10x.o(i.SetSysClock)
    SetSysClock                              0x08001ba3   Thumb Code     4  system_stm32f10x.o(i.SetSysClock)
    i.SetSysClockTo72                        0x08001ba8   Section        0  system_stm32f10x.o(i.SetSysClockTo72)
    SetSysClockTo72                          0x08001ba9   Thumb Code   166  system_stm32f10x.o(i.SetSysClockTo72)
    i.SysTick_Handler                        0x08001c58   Section        0  board.o(i.SysTick_Handler)
    i.SystemInit                             0x08001c6c   Section        0  system_stm32f10x.o(i.SystemInit)
    i.TIM1_UP_IRQHandler                     0x08001cbc   Section        0  stm32f10x_it.o(i.TIM1_UP_IRQHandler)
    i.TIM2_IRQHandler                        0x08001d30   Section        0  stm32f10x_it.o(i.TIM2_IRQHandler)
    i.TIM3_IRQHandler                        0x08001d40   Section        0  stm32f10x_it.o(i.TIM3_IRQHandler)
    i.TIM_ARRPreloadConfig                   0x08001d54   Section        0  stm32f10x_tim.o(i.TIM_ARRPreloadConfig)
    i.TIM_ClearFlag                          0x08001d6c   Section        0  stm32f10x_tim.o(i.TIM_ClearFlag)
    i.TIM_Cmd                                0x08001d72   Section        0  stm32f10x_tim.o(i.TIM_Cmd)
    i.TIM_CtrlPWMOutputs                     0x08001d8a   Section        0  stm32f10x_tim.o(i.TIM_CtrlPWMOutputs)
    i.TIM_EncoderInterfaceConfig             0x08001da6   Section        0  stm32f10x_tim.o(i.TIM_EncoderInterfaceConfig)
    i.TIM_ITConfig                           0x08001dd8   Section        0  stm32f10x_tim.o(i.TIM_ITConfig)
    i.TIM_OC1Init                            0x08001dec   Section        0  stm32f10x_tim.o(i.TIM_OC1Init)
    i.TIM_OC1PreloadConfig                   0x08001e74   Section        0  stm32f10x_tim.o(i.TIM_OC1PreloadConfig)
    i.TIM_OC4Init                            0x08001e80   Section        0  stm32f10x_tim.o(i.TIM_OC4Init)
    i.TIM_OC4PreloadConfig                   0x08001ee8   Section        0  stm32f10x_tim.o(i.TIM_OC4PreloadConfig)
    i.TIM_SetCounter                         0x08001efc   Section        0  stm32f10x_tim.o(i.TIM_SetCounter)
    i.TIM_TimeBaseInit                       0x08001f00   Section        0  stm32f10x_tim.o(i.TIM_TimeBaseInit)
    i.USART1_IRQHandler                      0x08001f9c   Section        0  stm32f10x_it.o(i.USART1_IRQHandler)
    i.USART1_Init                            0x08001fb0   Section        0  usart1.o(i.USART1_Init)
    i.USART_Cmd                              0x08002058   Section        0  stm32f10x_usart.o(i.USART_Cmd)
    i.USART_ITConfig                         0x08002070   Section        0  stm32f10x_usart.o(i.USART_ITConfig)
    i.USART_Init                             0x080020a8   Section        0  stm32f10x_usart.o(i.USART_Init)
    i.UsageFault_Handler                     0x08002164   Section        0  stm32f10x_it.o(i.UsageFault_Handler)
    i.__aeabi_errno_addr                     0x08002168   Section        0  errno.o(i.__aeabi_errno_addr)
    i.__read_errno                           0x08002170   Section        0  errno.o(i.__read_errno)
    i.__rt_ffs                               0x0800217c   Section        0  kservice.o(i.__rt_ffs)
    i.__scatterload_copy                     0x080021c4   Section       14  handlers.o(i.__scatterload_copy)
    i.__scatterload_null                     0x080021d2   Section        2  handlers.o(i.__scatterload_null)
    i.__scatterload_zeroinit                 0x080021d4   Section       14  handlers.o(i.__scatterload_zeroinit)
    i.__set_errno                            0x080021e4   Section        0  errno.o(i.__set_errno)
    i._has_defunct_thread                    0x080021f0   Section        0  idle.o(i._has_defunct_thread)
    _has_defunct_thread                      0x080021f1   Thumb Code    16  idle.o(i._has_defunct_thread)
    i._is_digit                              0x08002204   Section        0  scanf_fp.o(i._is_digit)
    i._rt_thread_init                        0x08002214   Section        0  thread.o(i._rt_thread_init)
    _rt_thread_init                          0x08002215   Thumb Code   110  thread.o(i._rt_thread_init)
    i._rt_timer_init                         0x0800228c   Section        0  timer.o(i._rt_timer_init)
    _rt_timer_init                           0x0800228d   Thumb Code    38  timer.o(i._rt_timer_init)
    i._rt_timer_remove                       0x080022b2   Section        0  timer.o(i._rt_timer_remove)
    _rt_timer_remove                         0x080022b3   Thumb Code    34  timer.o(i._rt_timer_remove)
    i.adc_Init                               0x080022d4   Section        0  adc.o(i.adc_Init)
    i.atof                                   0x08002370   Section        0  atof.o(i.atof)
    i.battery_check                          0x0800239c   Section        0  adc.o(i.battery_check)
    i.can_recv_to_ctrl                       0x08002440   Section        0  can.o(i.can_recv_to_ctrl)
    i.main                                   0x0800256c   Section        0  main.o(i.main)
    i.main_thread_entry                      0x080026b8   Section        0  components.o(i.main_thread_entry)
    i.plug_holes                             0x080026c8   Section        0  mem.o(i.plug_holes)
    plug_holes                               0x080026c9   Thumb Code    80  mem.o(i.plug_holes)
    i.print_number                           0x0800271c   Section        0  kservice.o(i.print_number)
    print_number                             0x0800271d   Thumb Code   292  kservice.o(i.print_number)
    i.rt_application_init                    0x08002844   Section        0  components.o(i.rt_application_init)
    i.rt_components_board_init               0x08002870   Section        0  components.o(i.rt_components_board_init)
    i.rt_components_init                     0x0800288c   Section        0  components.o(i.rt_components_init)
    i.rt_enter_critical                      0x080028a8   Section        0  scheduler.o(i.rt_enter_critical)
    i.rt_exit_critical                       0x080028c4   Section        0  scheduler.o(i.rt_exit_critical)
    i.rt_free                                0x080028f4   Section        0  mem.o(i.rt_free)
    i.rt_heap_begin_get                      0x080029b8   Section        0  board.o(i.rt_heap_begin_get)
    i.rt_heap_end_get                        0x080029c0   Section        0  board.o(i.rt_heap_end_get)
    i.rt_hw_board_init                       0x080029c8   Section        0  board.o(i.rt_hw_board_init)
    i.rt_hw_console_output                   0x08002a38   Section        0  kservice.o(i.rt_hw_console_output)
    i.rt_hw_hard_fault_exception             0x08002a3c   Section        0  cpuport.o(i.rt_hw_hard_fault_exception)
    i.rt_hw_stack_init                       0x08002c30   Section        0  cpuport.o(i.rt_hw_stack_init)
    i.rt_interrupt_enter                     0x08002c6c   Section        0  irq.o(i.rt_interrupt_enter)
    i.rt_interrupt_leave                     0x08002c88   Section        0  irq.o(i.rt_interrupt_leave)
    i.rt_ipc_list_resume                     0x08002ca4   Section        0  ipc.o(i.rt_ipc_list_resume)
    rt_ipc_list_resume                       0x08002ca5   Thumb Code    14  ipc.o(i.rt_ipc_list_resume)
    i.rt_ipc_list_resume_all                 0x08002cb2   Section        0  ipc.o(i.rt_ipc_list_resume_all)
    rt_ipc_list_resume_all                   0x08002cb3   Thumb Code    46  ipc.o(i.rt_ipc_list_resume_all)
    i.rt_ipc_list_suspend                    0x08002ce0   Section        0  ipc.o(i.rt_ipc_list_suspend)
    rt_ipc_list_suspend                      0x08002ce1   Thumb Code    92  ipc.o(i.rt_ipc_list_suspend)
    i.rt_kprintf                             0x08002d3c   Section        0  kservice.o(i.rt_kprintf)
    i.rt_list_insert_after                   0x08002d60   Section        0  object.o(i.rt_list_insert_after)
    rt_list_insert_after                     0x08002d61   Thumb Code    14  object.o(i.rt_list_insert_after)
    i.rt_list_insert_after                   0x08002d6e   Section        0  thread.o(i.rt_list_insert_after)
    rt_list_insert_after                     0x08002d6f   Thumb Code    14  thread.o(i.rt_list_insert_after)
    i.rt_list_insert_after                   0x08002d7c   Section        0  timer.o(i.rt_list_insert_after)
    rt_list_insert_after                     0x08002d7d   Thumb Code    14  timer.o(i.rt_list_insert_after)
    i.rt_list_insert_before                  0x08002d8a   Section        0  ipc.o(i.rt_list_insert_before)
    rt_list_insert_before                    0x08002d8b   Thumb Code    14  ipc.o(i.rt_list_insert_before)
    i.rt_list_isempty                        0x08002d98   Section        0  ipc.o(i.rt_list_isempty)
    rt_list_isempty                          0x08002d99   Thumb Code    14  ipc.o(i.rt_list_isempty)
    i.rt_list_isempty                        0x08002da6   Section        0  timer.o(i.rt_list_isempty)
    rt_list_isempty                          0x08002da7   Thumb Code    14  timer.o(i.rt_list_isempty)
    i.rt_list_remove                         0x08002db4   Section        0  object.o(i.rt_list_remove)
    rt_list_remove                           0x08002db5   Thumb Code    18  object.o(i.rt_list_remove)
    i.rt_list_remove                         0x08002dc6   Section        0  thread.o(i.rt_list_remove)
    rt_list_remove                           0x08002dc7   Thumb Code    18  thread.o(i.rt_list_remove)
    i.rt_malloc                              0x08002dd8   Section        0  mem.o(i.rt_malloc)
    i.rt_memcpy                              0x08002edc   Section        0  kservice.o(i.rt_memcpy)
    i.rt_memset                              0x08002f2a   Section        0  kservice.o(i.rt_memset)
    i.rt_mq_create                           0x08002f70   Section        0  ipc.o(i.rt_mq_create)
    i.rt_mq_delete                           0x08002fe4   Section        0  ipc.o(i.rt_mq_delete)
    i.rt_object_allocate                     0x08003000   Section        0  object.o(i.rt_object_allocate)
    i.rt_object_delete                       0x0800304a   Section        0  object.o(i.rt_object_delete)
    i.rt_object_detach                       0x0800306c   Section        0  object.o(i.rt_object_detach)
    i.rt_object_get_information              0x08003088   Section        0  object.o(i.rt_object_get_information)
    i.rt_object_init                         0x080030ac   Section        0  object.o(i.rt_object_init)
    i.rt_object_is_systemobject              0x080030e8   Section        0  object.o(i.rt_object_is_systemobject)
    i.rt_schedule                            0x080030f8   Section        0  scheduler.o(i.rt_schedule)
    i.rt_schedule_insert_thread              0x0800316c   Section        0  scheduler.o(i.rt_schedule_insert_thread)
    i.rt_schedule_remove_thread              0x080031b8   Section        0  scheduler.o(i.rt_schedule_remove_thread)
    i.rt_sem_create                          0x0800320c   Section        0  ipc.o(i.rt_sem_create)
    i.rt_sem_init                            0x0800322c   Section        0  ipc.o(i.rt_sem_init)
    i.rt_sem_release                         0x08003252   Section        0  ipc.o(i.rt_sem_release)
    i.rt_sem_take                            0x08003292   Section        0  ipc.o(i.rt_sem_take)
    i.rt_show_version                        0x08003300   Section        0  kservice.o(i.rt_show_version)
    i.rt_strlen                              0x080033b0   Section        0  kservice.o(i.rt_strlen)
    i.rt_strncpy                             0x080033c0   Section        0  kservice.o(i.rt_strncpy)
    i.rt_system_heap_init                    0x080033e8   Section        0  mem.o(i.rt_system_heap_init)
    i.rt_system_scheduler_init               0x08003498   Section        0  scheduler.o(i.rt_system_scheduler_init)
    i.rt_system_scheduler_start              0x080034cc   Section        0  scheduler.o(i.rt_system_scheduler_start)
    i.rt_system_timer_init                   0x080034f4   Section        0  timer.o(i.rt_system_timer_init)
    i.rt_system_timer_thread_init            0x0800350c   Section        0  timer.o(i.rt_system_timer_thread_init)
    i.rt_thread_create                       0x0800350e   Section        0  thread.o(i.rt_thread_create)
    i.rt_thread_delay                        0x0800355a   Section        0  thread.o(i.rt_thread_delay)
    i.rt_thread_exit                         0x08003560   Section        0  thread.o(i.rt_thread_exit)
    i.rt_thread_idle_entry                   0x080035b8   Section        0  idle.o(i.rt_thread_idle_entry)
    rt_thread_idle_entry                     0x080035b9   Thumb Code     6  idle.o(i.rt_thread_idle_entry)
    i.rt_thread_idle_excute                  0x080035c0   Section        0  idle.o(i.rt_thread_idle_excute)
    i.rt_thread_idle_init                    0x0800363c   Section        0  idle.o(i.rt_thread_idle_init)
    i.rt_thread_init                         0x0800367c   Section        0  thread.o(i.rt_thread_init)
    i.rt_thread_resume                       0x080036b4   Section        0  thread.o(i.rt_thread_resume)
    i.rt_thread_self                         0x080036f0   Section        0  thread.o(i.rt_thread_self)
    i.rt_thread_sleep                        0x080036fc   Section        0  thread.o(i.rt_thread_sleep)
    i.rt_thread_startup                      0x0800373c   Section        0  thread.o(i.rt_thread_startup)
    i.rt_thread_suspend                      0x08003762   Section        0  thread.o(i.rt_thread_suspend)
    i.rt_thread_timeout                      0x080037a4   Section        0  thread.o(i.rt_thread_timeout)
    i.rt_thread_yield                        0x080037c4   Section        0  thread.o(i.rt_thread_yield)
    i.rt_tick_get                            0x08003824   Section        0  clock.o(i.rt_tick_get)
    i.rt_tick_increase                       0x08003830   Section        0  clock.o(i.rt_tick_increase)
    i.rt_timer_check                         0x0800385c   Section        0  timer.o(i.rt_timer_check)
    i.rt_timer_control                       0x080038c8   Section        0  timer.o(i.rt_timer_control)
    i.rt_timer_detach                        0x080038fc   Section        0  timer.o(i.rt_timer_detach)
    i.rt_timer_init                          0x0800391c   Section        0  timer.o(i.rt_timer_init)
    i.rt_timer_start                         0x08003948   Section        0  timer.o(i.rt_timer_start)
    i.rt_timer_stop                          0x08003a1c   Section        0  timer.o(i.rt_timer_stop)
    i.rt_vsnprintf                           0x08003a4c   Section        0  kservice.o(i.rt_vsnprintf)
    i.rti_board_end                          0x08003cdc   Section        0  components.o(i.rti_board_end)
    rti_board_end                            0x08003cdd   Thumb Code     4  components.o(i.rti_board_end)
    i.rti_board_start                        0x08003ce0   Section        0  components.o(i.rti_board_start)
    rti_board_start                          0x08003ce1   Thumb Code     4  components.o(i.rti_board_start)
    i.rti_end                                0x08003ce4   Section        0  components.o(i.rti_end)
    rti_end                                  0x08003ce5   Thumb Code     4  components.o(i.rti_end)
    i.rti_start                              0x08003ce8   Section        0  components.o(i.rti_start)
    rti_start                                0x08003ce9   Thumb Code     4  components.o(i.rti_start)
    i.rtthread_startup                       0x08003cec   Section        0  components.o(i.rtthread_startup)
    i.setAngle                               0x08003d18   Section        0  motor_ctrl.o(i.setAngle)
    i.skip_atoi                              0x08003d44   Section        0  kservice.o(i.skip_atoi)
    skip_atoi                                0x08003d45   Thumb Code    40  kservice.o(i.skip_atoi)
    i.wheel_ctrl_task                        0x08003d6c   Section        0  motor_ctrl.o(i.wheel_ctrl_task)
    .constdata                               0x08003f7c   Section      290  kservice.o(.constdata)
    small_digits                             0x0800407c   Data          17  kservice.o(.constdata)
    large_digits                             0x0800408d   Data          17  kservice.o(.constdata)
    .constdata                               0x0800409e   Section      129  ctype_o.o(.constdata)
    .constdata                               0x08004120   Section        4  ctype_o.o(.constdata)
    table                                    0x08004120   Data           4  ctype_o.o(.constdata)
    .rti_fn.0                                0x08004124   Section        4  components.o(.rti_fn.0)
    __tagsym$$used                           0x08004124   Number         0  components.o(.rti_fn.0)
    .rti_fn.0.end                            0x08004128   Section        4  components.o(.rti_fn.0.end)
    __tagsym$$used                           0x08004128   Number         0  components.o(.rti_fn.0.end)
    .rti_fn.1.end                            0x0800412c   Section        4  components.o(.rti_fn.1.end)
    __tagsym$$used                           0x0800412c   Number         0  components.o(.rti_fn.1.end)
    .rti_fn.6.end                            0x08004130   Section        4  components.o(.rti_fn.6.end)
    __tagsym$$used                           0x08004130   Number         0  components.o(.rti_fn.6.end)
    .data                                    0x20000000   Section       20  system_stm32f10x.o(.data)
    .data                                    0x20000014   Section       20  stm32f10x_rcc.o(.data)
    ADCPrescTable                            0x20000014   Data           4  stm32f10x_rcc.o(.data)
    APBAHBPrescTable                         0x20000018   Data          16  stm32f10x_rcc.o(.data)
    .data                                    0x20000028   Section        1  stm32f10x_it.o(.data)
    catch_time                               0x20000028   Data           1  stm32f10x_it.o(.data)
    .data                                    0x2000002c   Section       32  main.o(.data)
    .data                                    0x2000004c   Section       52  motor_ctrl.o(.data)
    .data                                    0x20000080   Section        2  encoder.o(.data)
    .data                                    0x20000082   Section        2  encoder.o(.data)
    .data                                    0x20000084   Section        4  adc.o(.data)
    .data                                    0x20000088   Section        4  adc.o(.data)
    last_value                               0x20000088   Data           1  adc.o(.data)
    value                                    0x20000089   Data           1  adc.o(.data)
    .data                                    0x2000008c   Section        4  clock.o(.data)
    rt_tick                                  0x2000008c   Data           4  clock.o(.data)
    .data                                    0x20000090   Section        1  irq.o(.data)
    .data                                    0x20000094   Section       24  mem.o(.data)
    heap_ptr                                 0x20000094   Data           4  mem.o(.data)
    heap_end                                 0x20000098   Data           4  mem.o(.data)
    lfree                                    0x2000009c   Data           4  mem.o(.data)
    mem_size_aligned                         0x200000a0   Data           4  mem.o(.data)
    used_mem                                 0x200000a4   Data           4  mem.o(.data)
    max_mem                                  0x200000a8   Data           4  mem.o(.data)
    .data                                    0x200000ac   Section      112  object.o(.data)
    rt_object_container                      0x200000ac   Data         112  object.o(.data)
    .data                                    0x2000011c   Section       20  scheduler.o(.data)
    rt_scheduler_lock_nest                   0x2000011e   Data           2  scheduler.o(.data)
    .data                                    0x20000130   Section       12  timer.o(.data)
    random_nr                                0x20000130   Data           4  timer.o(.data)
    rt_timer_list                            0x20000134   Data           8  timer.o(.data)
    .data                                    0x2000013c   Section        4  cpuport.o(.data)
    rt_exception_hook                        0x2000013c   Data           4  cpuport.o(.data)
    .data                                    0x20000140   Section        4  cpuport.o(.data)
    .data                                    0x20000144   Section        4  cpuport.o(.data)
    .data                                    0x20000148   Section        4  cpuport.o(.data)
    .data                                    0x2000014c   Section        4  errno.o(.data)
    _errno                                   0x2000014c   Data           4  errno.o(.data)
    .bss                                     0x20000150   Section       20  can.o(.bss)
    .bss                                     0x20000164   Section    16384  board.o(.bss)
    rt_heap                                  0x20000164   Data       16384  board.o(.bss)
    .bss                                     0x20004164   Section      400  idle.o(.bss)
    idle                                     0x20004164   Data         144  idle.o(.bss)
    rt_thread_stack                          0x200041f4   Data         256  idle.o(.bss)
    .bss                                     0x200042f4   Section      128  kservice.o(.bss)
    rt_log_buf                               0x200042f4   Data         128  kservice.o(.bss)
    .bss                                     0x20004374   Section       40  mem.o(.bss)
    heap_sem                                 0x20004374   Data          40  mem.o(.bss)
    .bss                                     0x2000439c   Section       96  scheduler.o(.bss)
    STACK                                    0x20004400   Section     1024  startup_stm32f10x_hd.o(STACK)

    Global Symbols

    Symbol Name                              Value     Ov Type        Size  Object(Section)

    BuildAttributes$$THM_ISAv4$P$D$K$B$S$PE$A:L22UL41UL21$X:L11$S22US41US21$IEEE1$IW$USESV6$~STKCKD$USESV7$~SHL$OTIME$ROPI$IEEEJ$EBA8$MICROLIB$REQ8$PRES8$EABIv2 0x00000000   Number         0  anon$$obj.o ABSOLUTE
    __ARM_use_no_argv                        0x00000000   Number         0  main.o ABSOLUTE
    __arm_fini_                               - Undefined Weak Reference
    __cpp_initialize__aeabi_                  - Undefined Weak Reference
    __cxa_finalize                            - Undefined Weak Reference
    _clock_init                               - Undefined Weak Reference
    _microlib_exit                            - Undefined Weak Reference
    __Vectors_Size                           0x00000130   Number         0  startup_stm32f10x_hd.o ABSOLUTE
    __Vectors                                0x08000000   Data           4  startup_stm32f10x_hd.o(RESET)
    __Vectors_End                            0x08000130   Data           0  startup_stm32f10x_hd.o(RESET)
    __main                                   0x08000131   Thumb Code     0  entry.o(.ARM.Collect$$$$00000000)
    _main_stk                                0x08000131   Thumb Code     0  entry2.o(.ARM.Collect$$$$00000001)
    _main_scatterload                        0x08000135   Thumb Code     0  entry5.o(.ARM.Collect$$$$00000004)
    __main_after_scatterload                 0x08000139   Thumb Code     0  entry5.o(.ARM.Collect$$$$00000004)
    _main_clock                              0x08000139   Thumb Code     0  entry7b.o(.ARM.Collect$$$$00000008)
    _main_cpp_init                           0x08000139   Thumb Code     0  entry8b.o(.ARM.Collect$$$$0000000A)
    _main_init                               0x08000139   Thumb Code     0  entry9a.o(.ARM.Collect$$$$0000000B)
    __rt_lib_shutdown_fini                   0x08000141   Thumb Code     0  entry12b.o(.ARM.Collect$$$$0000000E)
    __rt_final_cpp                           0x08000145   Thumb Code     0  entry10a.o(.ARM.Collect$$$$0000000F)
    __rt_final_exit                          0x08000145   Thumb Code     0  entry11a.o(.ARM.Collect$$$$00000011)
    Reset_Handler                            0x08000149   Thumb Code     8  startup_stm32f10x_hd.o(.text)
    ADC1_2_IRQHandler                        0x08000163   Thumb Code     0  startup_stm32f10x_hd.o(.text)
    ADC3_IRQHandler                          0x08000163   Thumb Code     0  startup_stm32f10x_hd.o(.text)
    CAN1_SCE_IRQHandler                      0x08000163   Thumb Code     0  startup_stm32f10x_hd.o(.text)
    DMA1_Channel1_IRQHandler                 0x08000163   Thumb Code     0  startup_stm32f10x_hd.o(.text)
    DMA1_Channel2_IRQHandler                 0x08000163   Thumb Code     0  startup_stm32f10x_hd.o(.text)
    DMA1_Channel3_IRQHandler                 0x08000163   Thumb Code     0  startup_stm32f10x_hd.o(.text)
    DMA1_Channel4_IRQHandler                 0x08000163   Thumb Code     0  startup_stm32f10x_hd.o(.text)
    DMA1_Channel5_IRQHandler                 0x08000163   Thumb Code     0  startup_stm32f10x_hd.o(.text)
    DMA1_Channel6_IRQHandler                 0x08000163   Thumb Code     0  startup_stm32f10x_hd.o(.text)
    DMA1_Channel7_IRQHandler                 0x08000163   Thumb Code     0  startup_stm32f10x_hd.o(.text)
    DMA2_Channel1_IRQHandler                 0x08000163   Thumb Code     0  startup_stm32f10x_hd.o(.text)
    DMA2_Channel2_IRQHandler                 0x08000163   Thumb Code     0  startup_stm32f10x_hd.o(.text)
    DMA2_Channel3_IRQHandler                 0x08000163   Thumb Code     0  startup_stm32f10x_hd.o(.text)
    DMA2_Channel4_5_IRQHandler               0x08000163   Thumb Code     0  startup_stm32f10x_hd.o(.text)
    EXTI0_IRQHandler                         0x08000163   Thumb Code     0  startup_stm32f10x_hd.o(.text)
    EXTI15_10_IRQHandler                     0x08000163   Thumb Code     0  startup_stm32f10x_hd.o(.text)
    EXTI1_IRQHandler                         0x08000163   Thumb Code     0  startup_stm32f10x_hd.o(.text)
    EXTI2_IRQHandler                         0x08000163   Thumb Code     0  startup_stm32f10x_hd.o(.text)
    EXTI3_IRQHandler                         0x08000163   Thumb Code     0  startup_stm32f10x_hd.o(.text)
    EXTI4_IRQHandler                         0x08000163   Thumb Code     0  startup_stm32f10x_hd.o(.text)
    EXTI9_5_IRQHandler                       0x08000163   Thumb Code     0  startup_stm32f10x_hd.o(.text)
    FLASH_IRQHandler                         0x08000163   Thumb Code     0  startup_stm32f10x_hd.o(.text)
    FSMC_IRQHandler                          0x08000163   Thumb Code     0  startup_stm32f10x_hd.o(.text)
    I2C1_ER_IRQHandler                       0x08000163   Thumb Code     0  startup_stm32f10x_hd.o(.text)
    I2C1_EV_IRQHandler                       0x08000163   Thumb Code     0  startup_stm32f10x_hd.o(.text)
    I2C2_ER_IRQHandler                       0x08000163   Thumb Code     0  startup_stm32f10x_hd.o(.text)
    I2C2_EV_IRQHandler                       0x08000163   Thumb Code     0  startup_stm32f10x_hd.o(.text)
    PVD_IRQHandler                           0x08000163   Thumb Code     0  startup_stm32f10x_hd.o(.text)
    RCC_IRQHandler                           0x08000163   Thumb Code     0  startup_stm32f10x_hd.o(.text)
    RTCAlarm_IRQHandler                      0x08000163   Thumb Code     0  startup_stm32f10x_hd.o(.text)
    RTC_IRQHandler                           0x08000163   Thumb Code     0  startup_stm32f10x_hd.o(.text)
    SDIO_IRQHandler                          0x08000163   Thumb Code     0  startup_stm32f10x_hd.o(.text)
    SPI1_IRQHandler                          0x08000163   Thumb Code     0  startup_stm32f10x_hd.o(.text)
    SPI2_IRQHandler                          0x08000163   Thumb Code     0  startup_stm32f10x_hd.o(.text)
    SPI3_IRQHandler                          0x08000163   Thumb Code     0  startup_stm32f10x_hd.o(.text)
    TAMPER_IRQHandler                        0x08000163   Thumb Code     0  startup_stm32f10x_hd.o(.text)
    TIM1_BRK_IRQHandler                      0x08000163   Thumb Code     0  startup_stm32f10x_hd.o(.text)
    TIM1_CC_IRQHandler                       0x08000163   Thumb Code     0  startup_stm32f10x_hd.o(.text)
    TIM1_TRG_COM_IRQHandler                  0x08000163   Thumb Code     0  startup_stm32f10x_hd.o(.text)
    TIM4_IRQHandler                          0x08000163   Thumb Code     0  startup_stm32f10x_hd.o(.text)
    TIM5_IRQHandler                          0x08000163   Thumb Code     0  startup_stm32f10x_hd.o(.text)
    TIM6_IRQHandler                          0x08000163   Thumb Code     0  startup_stm32f10x_hd.o(.text)
    TIM7_IRQHandler                          0x08000163   Thumb Code     0  startup_stm32f10x_hd.o(.text)
    TIM8_BRK_IRQHandler                      0x08000163   Thumb Code     0  startup_stm32f10x_hd.o(.text)
    TIM8_CC_IRQHandler                       0x08000163   Thumb Code     0  startup_stm32f10x_hd.o(.text)
    TIM8_TRG_COM_IRQHandler                  0x08000163   Thumb Code     0  startup_stm32f10x_hd.o(.text)
    TIM8_UP_IRQHandler                       0x08000163   Thumb Code     0  startup_stm32f10x_hd.o(.text)
    UART4_IRQHandler                         0x08000163   Thumb Code     0  startup_stm32f10x_hd.o(.text)
    UART5_IRQHandler                         0x08000163   Thumb Code     0  startup_stm32f10x_hd.o(.text)
    USART2_IRQHandler                        0x08000163   Thumb Code     0  startup_stm32f10x_hd.o(.text)
    USART3_IRQHandler                        0x08000163   Thumb Code     0  startup_stm32f10x_hd.o(.text)
    USBWakeUp_IRQHandler                     0x08000163   Thumb Code     0  startup_stm32f10x_hd.o(.text)
    USB_HP_CAN1_TX_IRQHandler                0x08000163   Thumb Code     0  startup_stm32f10x_hd.o(.text)
    USB_LP_CAN1_RX0_IRQHandler               0x08000163   Thumb Code     0  startup_stm32f10x_hd.o(.text)
    WWDG_IRQHandler                          0x08000163   Thumb Code     0  startup_stm32f10x_hd.o(.text)
    rt_hw_interrupt_disable                  0x0800016d   Thumb Code     8  context_rvds.o(.text)
    rt_hw_interrupt_enable                   0x08000175   Thumb Code     6  context_rvds.o(.text)
    rt_hw_context_switch                     0x0800017b   Thumb Code    32  context_rvds.o(.text)
    rt_hw_context_switch_interrupt           0x0800017b   Thumb Code     0  context_rvds.o(.text)
    PendSV_Handler                           0x0800019b   Thumb Code    60  context_rvds.o(.text)
    rt_hw_context_switch_to                  0x080001d7   Thumb Code    58  context_rvds.o(.text)
    rt_hw_interrupt_thread_switch            0x08000211   Thumb Code     2  context_rvds.o(.text)
    HardFault_Handler                        0x08000213   Thumb Code    48  context_rvds.o(.text)
    atoi                                     0x0800025d   Thumb Code    26  atoi.o(.text)
    __aeabi_fadd                             0x08000277   Thumb Code   164  fadd.o(.text)
    __aeabi_fsub                             0x0800031b   Thumb Code     6  fadd.o(.text)
    __aeabi_frsub                            0x08000321   Thumb Code     6  fadd.o(.text)
    __aeabi_fmul                             0x08000327   Thumb Code   100  fmul.o(.text)
    __aeabi_fdiv                             0x0800038b   Thumb Code   124  fdiv.o(.text)
    __ARM_scalbnf                            0x08000407   Thumb Code    24  fscalb.o(.text)
    scalbnf                                  0x08000407   Thumb Code     0  fscalb.o(.text)
    __aeabi_dadd                             0x0800041f   Thumb Code   322  dadd.o(.text)
    __aeabi_dsub                             0x08000561   Thumb Code     6  dadd.o(.text)
    __aeabi_drsub                            0x08000567   Thumb Code     6  dadd.o(.text)
    __aeabi_dmul                             0x0800056d   Thumb Code   228  dmul.o(.text)
    __aeabi_ddiv                             0x08000651   Thumb Code   222  ddiv.o(.text)
    __ARM_scalbn                             0x0800072f   Thumb Code    46  dscalb.o(.text)
    scalbn                                   0x0800072f   Thumb Code     0  dscalb.o(.text)
    __aeabi_i2f                              0x0800075d   Thumb Code    18  fflti.o(.text)
    __aeabi_ui2f                             0x0800076f   Thumb Code    10  ffltui.o(.text)
    __aeabi_i2d                              0x08000779   Thumb Code    34  dflti.o(.text)
    __aeabi_f2iz                             0x0800079b   Thumb Code    50  ffixi.o(.text)
    __aeabi_d2uiz                            0x080007cd   Thumb Code    50  dfixui.o(.text)
    __aeabi_f2d                              0x080007ff   Thumb Code    38  f2d.o(.text)
    __aeabi_cdcmpeq                          0x08000825   Thumb Code     0  cdcmple.o(.text)
    __aeabi_cdcmple                          0x08000825   Thumb Code    48  cdcmple.o(.text)
    __aeabi_cdrcmple                         0x08000855   Thumb Code    48  cdrcmple.o(.text)
    __aeabi_d2f                              0x08000885   Thumb Code    56  d2f.o(.text)
    __aeabi_llsl                             0x080008bd   Thumb Code    30  llshl.o(.text)
    _ll_shift_l                              0x080008bd   Thumb Code     0  llshl.o(.text)
    __aeabi_llsr                             0x080008db   Thumb Code    32  llushr.o(.text)
    _ll_ushift_r                             0x080008db   Thumb Code     0  llushr.o(.text)
    __aeabi_lasr                             0x080008fb   Thumb Code    36  llsshr.o(.text)
    _ll_sshift_r                             0x080008fb   Thumb Code     0  llsshr.o(.text)
    __strtod_int                             0x08000957   Thumb Code    90  strtod.o(.text)
    strtol                                   0x080009bd   Thumb Code   112  strtol.o(.text)
    __I$use$fp                               0x08000a2d   Thumb Code     0  iusefp.o(.text)
    _float_round                             0x08000a2d   Thumb Code    18  fepilogue.o(.text)
    _float_epilogue                          0x08000a3f   Thumb Code    92  fepilogue.o(.text)
    _double_round                            0x08000a9b   Thumb Code    30  depilogue.o(.text)
    _double_epilogue                         0x08000ab9   Thumb Code   156  depilogue.o(.text)
    __scatterload                            0x08000b55   Thumb Code    28  init.o(.text)
    __scatterload_rt2                        0x08000b55   Thumb Code     0  init.o(.text)
    __rt_ctype_table                         0x08000b79   Thumb Code     4  ctype_o.o(.text)
    isspace                                  0x08000b81   Thumb Code    18  isspace_o.o(.text)
    _scanf_real                              0x08000cbd   Thumb Code     0  scanf_fp.o(.text)
    _scanf_really_real                       0x08000cbd   Thumb Code   556  scanf_fp.o(.text)
    _sgetc                                   0x08000ef5   Thumb Code    30  _sgetc.o(.text)
    _sbackspace                              0x08000f13   Thumb Code    34  _sgetc.o(.text)
    _strtoul                                 0x08000f35   Thumb Code   158  _strtoul.o(.text)
    _chval                                   0x08000fd3   Thumb Code    28  _chval.o(.text)
    __aeabi_ul2d                             0x08000fef   Thumb Code    24  dfltul.o(.text)
    __decompress                             0x08001007   Thumb Code     0  __dczerorl2.o(.text)
    __decompress1                            0x08001007   Thumb Code    86  __dczerorl2.o(.text)
    main                                     0x0800105d   Thumb Code    14  components.o(i.$Sub$$main)
    ADC_Cmd                                  0x0800106b   Thumb Code    24  stm32f10x_adc.o(i.ADC_Cmd)
    ADC_GetCalibrationStatus                 0x08001083   Thumb Code    14  stm32f10x_adc.o(i.ADC_GetCalibrationStatus)
    ADC_GetConversionValue                   0x08001091   Thumb Code     6  stm32f10x_adc.o(i.ADC_GetConversionValue)
    ADC_GetResetCalibrationStatus            0x08001097   Thumb Code    14  stm32f10x_adc.o(i.ADC_GetResetCalibrationStatus)
    ADC_Init                                 0x080010a5   Thumb Code    62  stm32f10x_adc.o(i.ADC_Init)
    ADC_RegularChannelConfig                 0x080010ed   Thumb Code   116  stm32f10x_adc.o(i.ADC_RegularChannelConfig)
    ADC_ResetCalibration                     0x08001161   Thumb Code    10  stm32f10x_adc.o(i.ADC_ResetCalibration)
    ADC_SoftwareStartConvCmd                 0x0800116b   Thumb Code    24  stm32f10x_adc.o(i.ADC_SoftwareStartConvCmd)
    ADC_StartCalibration                     0x08001183   Thumb Code    10  stm32f10x_adc.o(i.ADC_StartCalibration)
    BusFault_Handler                         0x0800118d   Thumb Code     2  stm32f10x_it.o(i.BusFault_Handler)
    CAN1_RX1_IRQHandler                      0x08001191   Thumb Code    34  stm32f10x_it.o(i.CAN1_RX1_IRQHandler)
    CAN_ClearFlag                            0x080011c1   Thumb Code    44  stm32f10x_can.o(i.CAN_ClearFlag)
    CAN_DeInit                               0x080011f1   Thumb Code    52  stm32f10x_can.o(i.CAN_DeInit)
    CAN_FilterInit                           0x08001229   Thumb Code   202  stm32f10x_can.o(i.CAN_FilterInit)
    CAN_ITConfig                             0x080012fd   Thumb Code    20  stm32f10x_can.o(i.CAN_ITConfig)
    CAN_Init                                 0x08001311   Thumb Code   260  stm32f10x_can.o(i.CAN_Init)
    CAN_Receive                              0x08001415   Thumb Code   130  stm32f10x_can.o(i.CAN_Receive)
    CAN_Send_MSG                             0x08001499   Thumb Code    50  can.o(i.CAN_Send_MSG)
    CAN_StructInit                           0x080014d1   Thumb Code    32  stm32f10x_can.o(i.CAN_StructInit)
    CAN_Transmit                             0x080014f1   Thumb Code   182  stm32f10x_can.o(i.CAN_Transmit)
    Can_Init                                 0x080015a9   Thumb Code   248  can.o(i.Can_Init)
    DebugMon_Handler                         0x080016ad   Thumb Code     2  stm32f10x_it.o(i.DebugMon_Handler)
    Encoder_Init                             0x080016b1   Thumb Code   148  encoder.o(i.Encoder_Init)
    GPIO_Init                                0x0800174d   Thumb Code   166  stm32f10x_gpio.o(i.GPIO_Init)
    GPIO_PinRemapConfig                      0x080017f5   Thumb Code    86  stm32f10x_gpio.o(i.GPIO_PinRemapConfig)
    MOTOR_GPIO_Init                          0x08001851   Thumb Code    86  motor_ctrl.o(i.MOTOR_GPIO_Init)
    MOTOR_PWM_Init                           0x080018b1   Thumb Code   308  motor_ctrl.o(i.MOTOR_PWM_Init)
    MemManage_Handler                        0x080019f5   Thumb Code     2  stm32f10x_it.o(i.MemManage_Handler)
    NMI_Handler                              0x080019f7   Thumb Code     2  stm32f10x_it.o(i.NMI_Handler)
    NVIC_Init                                0x080019f9   Thumb Code    96  misc.o(i.NVIC_Init)
    NVIC_PriorityGroupConfig                 0x08001a5d   Thumb Code    10  misc.o(i.NVIC_PriorityGroupConfig)
    RCC_ADCCLKConfig                         0x08001a71   Thumb Code    14  stm32f10x_rcc.o(i.RCC_ADCCLKConfig)
    RCC_AHBPeriphClockCmd                    0x08001a85   Thumb Code    22  stm32f10x_rcc.o(i.RCC_AHBPeriphClockCmd)
    RCC_APB1PeriphClockCmd                   0x08001aa1   Thumb Code    22  stm32f10x_rcc.o(i.RCC_APB1PeriphClockCmd)
    RCC_APB1PeriphResetCmd                   0x08001abd   Thumb Code    22  stm32f10x_rcc.o(i.RCC_APB1PeriphResetCmd)
    RCC_APB2PeriphClockCmd                   0x08001ad9   Thumb Code    22  stm32f10x_rcc.o(i.RCC_APB2PeriphClockCmd)
    RCC_GetClocksFreq                        0x08001af5   Thumb Code   154  stm32f10x_rcc.o(i.RCC_GetClocksFreq)
    SVC_Handler                              0x08001ba1   Thumb Code     2  stm32f10x_it.o(i.SVC_Handler)
    SysTick_Handler                          0x08001c59   Thumb Code    18  board.o(i.SysTick_Handler)
    SystemInit                               0x08001c6d   Thumb Code    64  system_stm32f10x.o(i.SystemInit)
    TIM1_UP_IRQHandler                       0x08001cbd   Thumb Code    90  stm32f10x_it.o(i.TIM1_UP_IRQHandler)
    TIM2_IRQHandler                          0x08001d31   Thumb Code    16  stm32f10x_it.o(i.TIM2_IRQHandler)
    TIM3_IRQHandler                          0x08001d41   Thumb Code    14  stm32f10x_it.o(i.TIM3_IRQHandler)
    TIM_ARRPreloadConfig                     0x08001d55   Thumb Code    24  stm32f10x_tim.o(i.TIM_ARRPreloadConfig)
    TIM_ClearFlag                            0x08001d6d   Thumb Code     6  stm32f10x_tim.o(i.TIM_ClearFlag)
    TIM_Cmd                                  0x08001d73   Thumb Code    24  stm32f10x_tim.o(i.TIM_Cmd)
    TIM_CtrlPWMOutputs                       0x08001d8b   Thumb Code    28  stm32f10x_tim.o(i.TIM_CtrlPWMOutputs)
    TIM_EncoderInterfaceConfig               0x08001da7   Thumb Code    50  stm32f10x_tim.o(i.TIM_EncoderInterfaceConfig)
    TIM_ITConfig                             0x08001dd9   Thumb Code    20  stm32f10x_tim.o(i.TIM_ITConfig)
    TIM_OC1Init                              0x08001ded   Thumb Code   114  stm32f10x_tim.o(i.TIM_OC1Init)
    TIM_OC1PreloadConfig                     0x08001e75   Thumb Code    12  stm32f10x_tim.o(i.TIM_OC1PreloadConfig)
    TIM_OC4Init                              0x08001e81   Thumb Code    94  stm32f10x_tim.o(i.TIM_OC4Init)
    TIM_OC4PreloadConfig                     0x08001ee9   Thumb Code    20  stm32f10x_tim.o(i.TIM_OC4PreloadConfig)
    TIM_SetCounter                           0x08001efd   Thumb Code     4  stm32f10x_tim.o(i.TIM_SetCounter)
    TIM_TimeBaseInit                         0x08001f01   Thumb Code   114  stm32f10x_tim.o(i.TIM_TimeBaseInit)
    USART1_IRQHandler                        0x08001f9d   Thumb Code    14  stm32f10x_it.o(i.USART1_IRQHandler)
    USART1_Init                              0x08001fb1   Thumb Code   160  usart1.o(i.USART1_Init)
    USART_Cmd                                0x08002059   Thumb Code    24  stm32f10x_usart.o(i.USART_Cmd)
    USART_ITConfig                           0x08002071   Thumb Code    54  stm32f10x_usart.o(i.USART_ITConfig)
    USART_Init                               0x080020a9   Thumb Code   182  stm32f10x_usart.o(i.USART_Init)
    UsageFault_Handler                       0x08002165   Thumb Code     2  stm32f10x_it.o(i.UsageFault_Handler)
    __aeabi_errno_addr                       0x08002169   Thumb Code     4  errno.o(i.__aeabi_errno_addr)
    __rt_errno_addr                          0x08002169   Thumb Code     0  errno.o(i.__aeabi_errno_addr)
    __read_errno                             0x08002171   Thumb Code     6  errno.o(i.__read_errno)
    __rt_ffs                                 0x0800217d   Thumb Code    66  kservice.o(i.__rt_ffs)
    __scatterload_copy                       0x080021c5   Thumb Code    14  handlers.o(i.__scatterload_copy)
    __scatterload_null                       0x080021d3   Thumb Code     2  handlers.o(i.__scatterload_null)
    __scatterload_zeroinit                   0x080021d5   Thumb Code    14  handlers.o(i.__scatterload_zeroinit)
    __set_errno                              0x080021e5   Thumb Code     6  errno.o(i.__set_errno)
    _is_digit                                0x08002205   Thumb Code    14  scanf_fp.o(i._is_digit)
    adc_Init                                 0x080022d5   Thumb Code   148  adc.o(i.adc_Init)
    atof                                     0x08002371   Thumb Code    42  atof.o(i.atof)
    battery_check                            0x0800239d   Thumb Code   134  adc.o(i.battery_check)
    can_recv_to_ctrl                         0x08002441   Thumb Code   264  can.o(i.can_recv_to_ctrl)
    $Super$$main                             0x0800256d   Thumb Code   208  main.o(i.main)
    main_thread_entry                        0x080026b9   Thumb Code    14  components.o(i.main_thread_entry)
    rt_application_init                      0x08002845   Thumb Code    30  components.o(i.rt_application_init)
    rt_components_board_init                 0x08002871   Thumb Code    20  components.o(i.rt_components_board_init)
    rt_components_init                       0x0800288d   Thumb Code    20  components.o(i.rt_components_init)
    rt_enter_critical                        0x080028a9   Thumb Code    22  scheduler.o(i.rt_enter_critical)
    rt_exit_critical                         0x080028c5   Thumb Code    44  scheduler.o(i.rt_exit_critical)
    rt_free                                  0x080028f5   Thumb Code   112  mem.o(i.rt_free)
    rt_heap_begin_get                        0x080029b9   Thumb Code     4  board.o(i.rt_heap_begin_get)
    rt_heap_end_get                          0x080029c1   Thumb Code     4  board.o(i.rt_heap_end_get)
    rt_hw_board_init                         0x080029c9   Thumb Code   102  board.o(i.rt_hw_board_init)
    rt_hw_console_output                     0x08002a39   Thumb Code     2  kservice.o(i.rt_hw_console_output)
    rt_hw_hard_fault_exception               0x08002a3d   Thumb Code   180  cpuport.o(i.rt_hw_hard_fault_exception)
    rt_hw_stack_init                         0x08002c31   Thumb Code    56  cpuport.o(i.rt_hw_stack_init)
    rt_interrupt_enter                       0x08002c6d   Thumb Code    22  irq.o(i.rt_interrupt_enter)
    rt_interrupt_leave                       0x08002c89   Thumb Code    22  irq.o(i.rt_interrupt_leave)
    rt_kprintf                               0x08002d3d   Thumb Code    30  kservice.o(i.rt_kprintf)
    rt_malloc                                0x08002dd9   Thumb Code   252  mem.o(i.rt_malloc)
    rt_memcpy                                0x08002edd   Thumb Code    78  kservice.o(i.rt_memcpy)
    rt_memset                                0x08002f2b   Thumb Code    70  kservice.o(i.rt_memset)
    rt_mq_create                             0x08002f71   Thumb Code   116  ipc.o(i.rt_mq_create)
    rt_mq_delete                             0x08002fe5   Thumb Code    28  ipc.o(i.rt_mq_delete)
    rt_object_allocate                       0x08003001   Thumb Code    74  object.o(i.rt_object_allocate)
    rt_object_delete                         0x0800304b   Thumb Code    34  object.o(i.rt_object_delete)
    rt_object_detach                         0x0800306d   Thumb Code    28  object.o(i.rt_object_detach)
    rt_object_get_information                0x08003089   Thumb Code    30  object.o(i.rt_object_get_information)
    rt_object_init                           0x080030ad   Thumb Code    60  object.o(i.rt_object_init)
    rt_object_is_systemobject                0x080030e9   Thumb Code    14  object.o(i.rt_object_is_systemobject)
    rt_schedule                              0x080030f9   Thumb Code   102  scheduler.o(i.rt_schedule)
    rt_schedule_insert_thread                0x0800316d   Thumb Code    68  scheduler.o(i.rt_schedule_insert_thread)
    rt_schedule_remove_thread                0x080031b9   Thumb Code    74  scheduler.o(i.rt_schedule_remove_thread)
    rt_sem_create                            0x0800320d   Thumb Code    32  ipc.o(i.rt_sem_create)
    rt_sem_init                              0x0800322d   Thumb Code    38  ipc.o(i.rt_sem_init)
    rt_sem_release                           0x08003253   Thumb Code    64  ipc.o(i.rt_sem_release)
    rt_sem_take                              0x08003293   Thumb Code   110  ipc.o(i.rt_sem_take)
    rt_show_version                          0x08003301   Thumb Code    40  kservice.o(i.rt_show_version)
    rt_strlen                                0x080033b1   Thumb Code    16  kservice.o(i.rt_strlen)
    rt_strncpy                               0x080033c1   Thumb Code    38  kservice.o(i.rt_strncpy)
    rt_system_heap_init                      0x080033e9   Thumb Code   100  mem.o(i.rt_system_heap_init)
    rt_system_scheduler_init                 0x08003499   Thumb Code    44  scheduler.o(i.rt_system_scheduler_init)
    rt_system_scheduler_start                0x080034cd   Thumb Code    32  scheduler.o(i.rt_system_scheduler_start)
    rt_system_timer_init                     0x080034f5   Thumb Code    20  timer.o(i.rt_system_timer_init)
    rt_system_timer_thread_init              0x0800350d   Thumb Code     2  timer.o(i.rt_system_timer_thread_init)
    rt_thread_create                         0x0800350f   Thumb Code    76  thread.o(i.rt_thread_create)
    rt_thread_delay                          0x0800355b   Thumb Code     4  thread.o(i.rt_thread_delay)
    rt_thread_exit                           0x08003561   Thumb Code    80  thread.o(i.rt_thread_exit)
    rt_thread_idle_excute                    0x080035c1   Thumb Code   120  idle.o(i.rt_thread_idle_excute)
    rt_thread_idle_init                      0x0800363d   Thumb Code    46  idle.o(i.rt_thread_idle_init)
    rt_thread_init                           0x0800367d   Thumb Code    56  thread.o(i.rt_thread_init)
    rt_thread_resume                         0x080036b5   Thumb Code    60  thread.o(i.rt_thread_resume)
    rt_thread_self                           0x080036f1   Thumb Code     6  thread.o(i.rt_thread_self)
    rt_thread_sleep                          0x080036fd   Thumb Code    60  thread.o(i.rt_thread_sleep)
    rt_thread_startup                        0x0800373d   Thumb Code    38  thread.o(i.rt_thread_startup)
    rt_thread_suspend                        0x08003763   Thumb Code    66  thread.o(i.rt_thread_suspend)
    rt_thread_timeout                        0x080037a5   Thumb Code    32  thread.o(i.rt_thread_timeout)
    rt_thread_yield                          0x080037c5   Thumb Code    88  thread.o(i.rt_thread_yield)
    rt_tick_get                              0x08003825   Thumb Code     6  clock.o(i.rt_tick_get)
    rt_tick_increase                         0x08003831   Thumb Code    38  clock.o(i.rt_tick_increase)
    rt_timer_check                           0x0800385d   Thumb Code   102  timer.o(i.rt_timer_check)
    rt_timer_control                         0x080038c9   Thumb Code    52  timer.o(i.rt_timer_control)
    rt_timer_detach                          0x080038fd   Thumb Code    32  timer.o(i.rt_timer_detach)
    rt_timer_init                            0x0800391d   Thumb Code    42  timer.o(i.rt_timer_init)
    rt_timer_start                           0x08003949   Thumb Code   208  timer.o(i.rt_timer_start)
    rt_timer_stop                            0x08003a1d   Thumb Code    46  timer.o(i.rt_timer_stop)
    rt_vsnprintf                             0x08003a4d   Thumb Code   646  kservice.o(i.rt_vsnprintf)
    rtthread_startup                         0x08003ced   Thumb Code    42  components.o(i.rtthread_startup)
    setAngle                                 0x08003d19   Thumb Code    30  motor_ctrl.o(i.setAngle)
    wheel_ctrl_task                          0x08003d6d   Thumb Code   492  motor_ctrl.o(i.wheel_ctrl_task)
    __lowest_bit_bitmap                      0x08003f7c   Data         256  kservice.o(.constdata)
    __ctype_table                            0x0800409e   Data         129  ctype_o.o(.constdata)
    __rt_init_rti_start                      0x08004124   Data           4  components.o(.rti_fn.0)
    __rt_init_rti_board_start                0x08004128   Data           4  components.o(.rti_fn.0.end)
    __rt_init_rti_board_end                  0x0800412c   Data           4  components.o(.rti_fn.1.end)
    __rt_init_rti_end                        0x08004130   Data           4  components.o(.rti_fn.6.end)
    Region$$Table$$Base                      0x08004134   Number         0  anon$$obj.o(Region$$Table)
    Region$$Table$$Limit                     0x08004154   Number         0  anon$$obj.o(Region$$Table)
    SystemCoreClock                          0x20000000   Data           4  system_stm32f10x.o(.data)
    AHBPrescTable                            0x20000004   Data          16  system_stm32f10x.o(.data)
    wheel_flag_sem                           0x2000002c   Data           4  main.o(.data)
    can_recv_sem                             0x20000030   Data           4  main.o(.data)
    angle_sem                                0x20000034   Data           4  main.o(.data)
    speed_mq                                 0x20000038   Data           4  main.o(.data)
    wheel_task                               0x2000003c   Data           4  main.o(.data)
    setAngle_task                            0x20000040   Data           4  main.o(.data)
    can_recv_task                            0x20000044   Data           4  main.o(.data)
    battery_check_task                       0x20000048   Data           4  main.o(.data)
    expect_speed                             0x2000004c   Data           2  motor_ctrl.o(.data)
    angle                                    0x2000004e   Data           2  motor_ctrl.o(.data)
    r_pid_val                                0x20000050   Data          24  motor_ctrl.o(.data)
    l_pid_val                                0x20000068   Data          24  motor_ctrl.o(.data)
    L_Pulse                                  0x20000080   Data           2  encoder.o(.data)
    R_Pulse                                  0x20000082   Data           2  encoder.o(.data)
    battery_mq                               0x20000084   Data           4  adc.o(.data)
    adc_raw_data                             0x2000008a   Data           2  adc.o(.data)
    rt_interrupt_nest                        0x20000090   Data           1  irq.o(.data)
    rt_current_priority                      0x2000011c   Data           1  scheduler.o(.data)
    rt_current_thread                        0x20000120   Data           4  scheduler.o(.data)
    rt_thread_ready_priority_group           0x20000124   Data           4  scheduler.o(.data)
    rt_thread_defunct                        0x20000128   Data           8  scheduler.o(.data)
    rt_interrupt_from_thread                 0x20000140   Data           4  cpuport.o(.data)
    rt_interrupt_to_thread                   0x20000144   Data           4  cpuport.o(.data)
    rt_thread_switch_interrupt_flag          0x20000148   Data           4  cpuport.o(.data)
    recv_data                                0x20000150   Data          20  can.o(.bss)
    rt_thread_priority_table                 0x2000439c   Data          96  scheduler.o(.bss)
    __initial_sp                             0x20004800   Data           0  startup_stm32f10x_hd.o(STACK)



==============================================================================

Memory Map of the image

  Image Entry point : 0x08000131

  Load Region LR_IROM1 (Base: 0x08000000, Size: 0x000042a4, Max: 0x00010000, ABSOLUTE, COMPRESSED[0x000041b8])

    Execution Region ER_IROM1 (Exec base: 0x08000000, Load base: 0x08000000, Size: 0x00004154, Max: 0x00010000, ABSOLUTE)

    Exec Addr    Load Addr    Size         Type   Attr      Idx    E Section Name        Object

    0x08000000   0x08000000   0x00000130   Data   RO           99    RESET               startup_stm32f10x_hd.o
    0x08000130   0x08000130   0x00000000   Code   RO         3278  * .ARM.Collect$$$$00000000  mc_w.l(entry.o)
    0x08000130   0x08000130   0x00000004   Code   RO         3317    .ARM.Collect$$$$00000001  mc_w.l(entry2.o)
    0x08000134   0x08000134   0x00000004   Code   RO         3320    .ARM.Collect$$$$00000004  mc_w.l(entry5.o)
    0x08000138   0x08000138   0x00000000   Code   RO         3322    .ARM.Collect$$$$00000008  mc_w.l(entry7b.o)
    0x08000138   0x08000138   0x00000000   Code   RO         3324    .ARM.Collect$$$$0000000A  mc_w.l(entry8b.o)
    0x08000138   0x08000138   0x00000008   Code   RO         3325    .ARM.Collect$$$$0000000B  mc_w.l(entry9a.o)
    0x08000140   0x08000140   0x00000004   Code   RO         3332    .ARM.Collect$$$$0000000E  mc_w.l(entry12b.o)
    0x08000144   0x08000144   0x00000000   Code   RO         3327    .ARM.Collect$$$$0000000F  mc_w.l(entry10a.o)
    0x08000144   0x08000144   0x00000000   Code   RO         3329    .ARM.Collect$$$$00000011  mc_w.l(entry11a.o)
    0x08000144   0x08000144   0x00000004   Code   RO         3318    .ARM.Collect$$$$00002712  mc_w.l(entry2.o)
    0x08000148   0x08000148   0x00000024   Code   RO          100    .text               startup_stm32f10x_hd.o
    0x0800016c   0x0800016c   0x000000f0   Code   RO         3270    .text               context_rvds.o
    0x0800025c   0x0800025c   0x0000001a   Code   RO         3281    .text               mc_w.l(atoi.o)
    0x08000276   0x08000276   0x000000b0   Code   RO         3283    .text               mf_w.l(fadd.o)
    0x08000326   0x08000326   0x00000064   Code   RO         3285    .text               mf_w.l(fmul.o)
    0x0800038a   0x0800038a   0x0000007c   Code   RO         3287    .text               mf_w.l(fdiv.o)
    0x08000406   0x08000406   0x00000018   Code   RO         3289    .text               mf_w.l(fscalb.o)
    0x0800041e   0x0800041e   0x0000014e   Code   RO         3291    .text               mf_w.l(dadd.o)
    0x0800056c   0x0800056c   0x000000e4   Code   RO         3293    .text               mf_w.l(dmul.o)
    0x08000650   0x08000650   0x000000de   Code   RO         3295    .text               mf_w.l(ddiv.o)
    0x0800072e   0x0800072e   0x0000002e   Code   RO         3297    .text               mf_w.l(dscalb.o)
    0x0800075c   0x0800075c   0x00000012   Code   RO         3299    .text               mf_w.l(fflti.o)
    0x0800076e   0x0800076e   0x0000000a   Code   RO         3301    .text               mf_w.l(ffltui.o)
    0x08000778   0x08000778   0x00000022   Code   RO         3303    .text               mf_w.l(dflti.o)
    0x0800079a   0x0800079a   0x00000032   Code   RO         3305    .text               mf_w.l(ffixi.o)
    0x080007cc   0x080007cc   0x00000032   Code   RO         3307    .text               mf_w.l(dfixui.o)
    0x080007fe   0x080007fe   0x00000026   Code   RO         3309    .text               mf_w.l(f2d.o)
    0x08000824   0x08000824   0x00000030   Code   RO         3311    .text               mf_w.l(cdcmple.o)
    0x08000854   0x08000854   0x00000030   Code   RO         3313    .text               mf_w.l(cdrcmple.o)
    0x08000884   0x08000884   0x00000038   Code   RO         3315    .text               mf_w.l(d2f.o)
    0x080008bc   0x080008bc   0x0000001e   Code   RO         3333    .text               mc_w.l(llshl.o)
    0x080008da   0x080008da   0x00000020   Code   RO         3335    .text               mc_w.l(llushr.o)
    0x080008fa   0x080008fa   0x00000024   Code   RO         3337    .text               mc_w.l(llsshr.o)
    0x0800091e   0x0800091e   0x00000002   PAD
    0x08000920   0x08000920   0x0000009c   Code   RO         3346    .text               mc_w.l(strtod.o)
    0x080009bc   0x080009bc   0x00000070   Code   RO         3348    .text               mc_w.l(strtol.o)
    0x08000a2c   0x08000a2c   0x00000000   Code   RO         3350    .text               mc_w.l(iusefp.o)
    0x08000a2c   0x08000a2c   0x0000006e   Code   RO         3351    .text               mf_w.l(fepilogue.o)
    0x08000a9a   0x08000a9a   0x000000ba   Code   RO         3353    .text               mf_w.l(depilogue.o)
    0x08000b54   0x08000b54   0x00000024   Code   RO         3355    .text               mc_w.l(init.o)
    0x08000b78   0x08000b78   0x00000008   Code   RO         3359    .text               mc_w.l(ctype_o.o)
    0x08000b80   0x08000b80   0x00000012   Code   RO         3381    .text               mc_w.l(isspace_o.o)
    0x08000b92   0x08000b92   0x00000002   PAD
    0x08000b94   0x08000b94   0x00000360   Code   RO         3387    .text               mc_w.l(scanf_fp.o)
    0x08000ef4   0x08000ef4   0x00000040   Code   RO         3391    .text               mc_w.l(_sgetc.o)
    0x08000f34   0x08000f34   0x0000009e   Code   RO         3393    .text               mc_w.l(_strtoul.o)
    0x08000fd2   0x08000fd2   0x0000001c   Code   RO         3398    .text               mc_w.l(_chval.o)
    0x08000fee   0x08000fee   0x00000018   Code   RO         3400    .text               mf_w.l(dfltul.o)
    0x08001006   0x08001006   0x00000056   Code   RO         3410    .text               mc_w.l(__dczerorl2.o)
    0x0800105c   0x0800105c   0x0000000e   Code   RO         2229    i.$Sub$$main        components.o
    0x0800106a   0x0800106a   0x00000018   Code   RO         1492    i.ADC_Cmd           stm32f10x_adc.o
    0x08001082   0x08001082   0x0000000e   Code   RO         1500    i.ADC_GetCalibrationStatus  stm32f10x_adc.o
    0x08001090   0x08001090   0x00000006   Code   RO         1501    i.ADC_GetConversionValue  stm32f10x_adc.o
    0x08001096   0x08001096   0x0000000e   Code   RO         1506    i.ADC_GetResetCalibrationStatus  stm32f10x_adc.o
    0x080010a4   0x080010a4   0x00000048   Code   RO         1510    i.ADC_Init          stm32f10x_adc.o
    0x080010ec   0x080010ec   0x00000074   Code   RO         1514    i.ADC_RegularChannelConfig  stm32f10x_adc.o
    0x08001160   0x08001160   0x0000000a   Code   RO         1515    i.ADC_ResetCalibration  stm32f10x_adc.o
    0x0800116a   0x0800116a   0x00000018   Code   RO         1517    i.ADC_SoftwareStartConvCmd  stm32f10x_adc.o
    0x08001182   0x08001182   0x0000000a   Code   RO         1519    i.ADC_StartCalibration  stm32f10x_adc.o
    0x0800118c   0x0800118c   0x00000002   Code   RO         1708    i.BusFault_Handler  stm32f10x_it.o
    0x0800118e   0x0800118e   0x00000002   PAD
    0x08001190   0x08001190   0x00000030   Code   RO         1709    i.CAN1_RX1_IRQHandler  stm32f10x_it.o
    0x080011c0   0x080011c0   0x00000030   Code   RO         1278    i.CAN_ClearFlag     stm32f10x_can.o
    0x080011f0   0x080011f0   0x00000038   Code   RO         1281    i.CAN_DeInit        stm32f10x_can.o
    0x08001228   0x08001228   0x000000d4   Code   RO         1283    i.CAN_FilterInit    stm32f10x_can.o
    0x080012fc   0x080012fc   0x00000014   Code   RO         1289    i.CAN_ITConfig      stm32f10x_can.o
    0x08001310   0x08001310   0x00000104   Code   RO         1290    i.CAN_Init          stm32f10x_can.o
    0x08001414   0x08001414   0x00000082   Code   RO         1293    i.CAN_Receive       stm32f10x_can.o
    0x08001496   0x08001496   0x00000002   PAD
    0x08001498   0x08001498   0x00000038   Code   RO         2091    i.CAN_Send_MSG      can.o
    0x080014d0   0x080014d0   0x00000020   Code   RO         1296    i.CAN_StructInit    stm32f10x_can.o
    0x080014f0   0x080014f0   0x000000b6   Code   RO         1298    i.CAN_Transmit      stm32f10x_can.o
    0x080015a6   0x080015a6   0x00000002   PAD
    0x080015a8   0x080015a8   0x00000104   Code   RO         2092    i.Can_Init          can.o
    0x080016ac   0x080016ac   0x00000002   Code   RO         1710    i.DebugMon_Handler  stm32f10x_it.o
    0x080016ae   0x080016ae   0x00000002   PAD
    0x080016b0   0x080016b0   0x0000009c   Code   RO         1983    i.Encoder_Init      encoder.o
    0x0800174c   0x0800174c   0x000000a6   Code   RO          205    i.GPIO_Init         stm32f10x_gpio.o
    0x080017f2   0x080017f2   0x00000002   PAD
    0x080017f4   0x080017f4   0x0000005c   Code   RO          207    i.GPIO_PinRemapConfig  stm32f10x_gpio.o
    0x08001850   0x08001850   0x00000060   Code   RO         1897    i.MOTOR_GPIO_Init   motor_ctrl.o
    0x080018b0   0x080018b0   0x00000144   Code   RO         1898    i.MOTOR_PWM_Init    motor_ctrl.o
    0x080019f4   0x080019f4   0x00000002   Code   RO         1711    i.MemManage_Handler  stm32f10x_it.o
    0x080019f6   0x080019f6   0x00000002   Code   RO         1712    i.NMI_Handler       stm32f10x_it.o
    0x080019f8   0x080019f8   0x00000064   Code   RO         1241    i.NVIC_Init         misc.o
    0x08001a5c   0x08001a5c   0x00000014   Code   RO         1242    i.NVIC_PriorityGroupConfig  misc.o
    0x08001a70   0x08001a70   0x00000014   Code   RO          313    i.RCC_ADCCLKConfig  stm32f10x_rcc.o
    0x08001a84   0x08001a84   0x0000001c   Code   RO          314    i.RCC_AHBPeriphClockCmd  stm32f10x_rcc.o
    0x08001aa0   0x08001aa0   0x0000001c   Code   RO          315    i.RCC_APB1PeriphClockCmd  stm32f10x_rcc.o
    0x08001abc   0x08001abc   0x0000001c   Code   RO          316    i.RCC_APB1PeriphResetCmd  stm32f10x_rcc.o
    0x08001ad8   0x08001ad8   0x0000001c   Code   RO          317    i.RCC_APB2PeriphClockCmd  stm32f10x_rcc.o
    0x08001af4   0x08001af4   0x000000ac   Code   RO          325    i.RCC_GetClocksFreq  stm32f10x_rcc.o
    0x08001ba0   0x08001ba0   0x00000002   Code   RO         1713    i.SVC_Handler       stm32f10x_it.o
    0x08001ba2   0x08001ba2   0x00000004   Code   RO           17    i.SetSysClock       system_stm32f10x.o
    0x08001ba6   0x08001ba6   0x00000002   PAD
    0x08001ba8   0x08001ba8   0x000000b0   Code   RO           18    i.SetSysClockTo72   system_stm32f10x.o
    0x08001c58   0x08001c58   0x00000012   Code   RO         2121    i.SysTick_Handler   board.o
    0x08001c6a   0x08001c6a   0x00000002   PAD
    0x08001c6c   0x08001c6c   0x00000050   Code   RO           20    i.SystemInit        system_stm32f10x.o
    0x08001cbc   0x08001cbc   0x00000074   Code   RO         1714    i.TIM1_UP_IRQHandler  stm32f10x_it.o
    0x08001d30   0x08001d30   0x00000010   Code   RO         1715    i.TIM2_IRQHandler   stm32f10x_it.o
    0x08001d40   0x08001d40   0x00000014   Code   RO         1716    i.TIM3_IRQHandler   stm32f10x_it.o
    0x08001d54   0x08001d54   0x00000018   Code   RO          517    i.TIM_ARRPreloadConfig  stm32f10x_tim.o
    0x08001d6c   0x08001d6c   0x00000006   Code   RO          523    i.TIM_ClearFlag     stm32f10x_tim.o
    0x08001d72   0x08001d72   0x00000018   Code   RO          529    i.TIM_Cmd           stm32f10x_tim.o
    0x08001d8a   0x08001d8a   0x0000001c   Code   RO          531    i.TIM_CtrlPWMOutputs  stm32f10x_tim.o
    0x08001da6   0x08001da6   0x00000032   Code   RO          538    i.TIM_EncoderInterfaceConfig  stm32f10x_tim.o
    0x08001dd8   0x08001dd8   0x00000014   Code   RO          554    i.TIM_ITConfig      stm32f10x_tim.o
    0x08001dec   0x08001dec   0x00000088   Code   RO          558    i.TIM_OC1Init       stm32f10x_tim.o
    0x08001e74   0x08001e74   0x0000000c   Code   RO          561    i.TIM_OC1PreloadConfig  stm32f10x_tim.o
    0x08001e80   0x08001e80   0x00000068   Code   RO          573    i.TIM_OC4Init       stm32f10x_tim.o
    0x08001ee8   0x08001ee8   0x00000014   Code   RO          575    i.TIM_OC4PreloadConfig  stm32f10x_tim.o
    0x08001efc   0x08001efc   0x00000004   Code   RO          594    i.TIM_SetCounter    stm32f10x_tim.o
    0x08001f00   0x08001f00   0x0000009c   Code   RO          600    i.TIM_TimeBaseInit  stm32f10x_tim.o
    0x08001f9c   0x08001f9c   0x00000014   Code   RO         1717    i.USART1_IRQHandler  stm32f10x_it.o
    0x08001fb0   0x08001fb0   0x000000a8   Code   RO         1961    i.USART1_Init       usart1.o
    0x08002058   0x08002058   0x00000018   Code   RO         1065    i.USART_Cmd         stm32f10x_usart.o
    0x08002070   0x08002070   0x00000036   Code   RO         1071    i.USART_ITConfig    stm32f10x_usart.o
    0x080020a6   0x080020a6   0x00000002   PAD
    0x080020a8   0x080020a8   0x000000bc   Code   RO         1072    i.USART_Init        stm32f10x_usart.o
    0x08002164   0x08002164   0x00000002   Code   RO         1718    i.UsageFault_Handler  stm32f10x_it.o
    0x08002166   0x08002166   0x00000002   PAD
    0x08002168   0x08002168   0x00000008   Code   RO         3339    i.__aeabi_errno_addr  mc_w.l(errno.o)
    0x08002170   0x08002170   0x0000000c   Code   RO         3340    i.__read_errno      mc_w.l(errno.o)
    0x0800217c   0x0800217c   0x00000048   Code   RO         2632    i.__rt_ffs          kservice.o
    0x080021c4   0x080021c4   0x0000000e   Code   RO         3404    i.__scatterload_copy  mc_w.l(handlers.o)
    0x080021d2   0x080021d2   0x00000002   Code   RO         3405    i.__scatterload_null  mc_w.l(handlers.o)
    0x080021d4   0x080021d4   0x0000000e   Code   RO         3406    i.__scatterload_zeroinit  mc_w.l(handlers.o)
    0x080021e2   0x080021e2   0x00000002   PAD
    0x080021e4   0x080021e4   0x0000000c   Code   RO         3341    i.__set_errno       mc_w.l(errno.o)
    0x080021f0   0x080021f0   0x00000014   Code   RO         2303    i._has_defunct_thread  idle.o
    0x08002204   0x08002204   0x0000000e   Code   RO         3389    i._is_digit         mc_w.l(scanf_fp.o)
    0x08002212   0x08002212   0x00000002   PAD
    0x08002214   0x08002214   0x00000078   Code   RO         3017    i._rt_thread_init   thread.o
    0x0800228c   0x0800228c   0x00000026   Code   RO         3132    i._rt_timer_init    timer.o
    0x080022b2   0x080022b2   0x00000022   Code   RO         3133    i._rt_timer_remove  timer.o
    0x080022d4   0x080022d4   0x0000009c   Code   RO         2166    i.adc_Init          adc.o
    0x08002370   0x08002370   0x0000002a   Code   RO         3275    i.atof              m_ws.l(atof.o)
    0x0800239a   0x0800239a   0x00000002   PAD
    0x0800239c   0x0800239c   0x000000a4   Code   RO         2167    i.battery_check     adc.o
    0x08002440   0x08002440   0x0000012c   Code   RO         2093    i.can_recv_to_ctrl  can.o
    0x0800256c   0x0800256c   0x0000014c   Code   RO         1851    i.main              main.o
    0x080026b8   0x080026b8   0x0000000e   Code   RO         2230    i.main_thread_entry  components.o
    0x080026c6   0x080026c6   0x00000002   PAD
    0x080026c8   0x080026c8   0x00000054   Code   RO         2809    i.plug_holes        mem.o
    0x0800271c   0x0800271c   0x00000128   Code   RO         2634    i.print_number      kservice.o
    0x08002844   0x08002844   0x0000002c   Code   RO         2231    i.rt_application_init  components.o
    0x08002870   0x08002870   0x0000001c   Code   RO         2232    i.rt_components_board_init  components.o
    0x0800288c   0x0800288c   0x0000001c   Code   RO         2233    i.rt_components_init  components.o
    0x080028a8   0x080028a8   0x0000001c   Code   RO         2941    i.rt_enter_critical  scheduler.o
    0x080028c4   0x080028c4   0x00000030   Code   RO         2942    i.rt_exit_critical  scheduler.o
    0x080028f4   0x080028f4   0x000000c4   Code   RO         2811    i.rt_free           mem.o
    0x080029b8   0x080029b8   0x00000008   Code   RO         2122    i.rt_heap_begin_get  board.o
    0x080029c0   0x080029c0   0x00000008   Code   RO         2123    i.rt_heap_end_get   board.o
    0x080029c8   0x080029c8   0x00000070   Code   RO         2124    i.rt_hw_board_init  board.o
    0x08002a38   0x08002a38   0x00000002   Code   RO         2637    i.rt_hw_console_output  kservice.o
    0x08002a3a   0x08002a3a   0x00000002   PAD
    0x08002a3c   0x08002a3c   0x000001f4   Code   RO         3236    i.rt_hw_hard_fault_exception  cpuport.o
    0x08002c30   0x08002c30   0x0000003c   Code   RO         3237    i.rt_hw_stack_init  cpuport.o
    0x08002c6c   0x08002c6c   0x0000001c   Code   RO         2605    i.rt_interrupt_enter  irq.o
    0x08002c88   0x08002c88   0x0000001c   Code   RO         2607    i.rt_interrupt_leave  irq.o
    0x08002ca4   0x08002ca4   0x0000000e   Code   RO         2350    i.rt_ipc_list_resume  ipc.o
    0x08002cb2   0x08002cb2   0x0000002e   Code   RO         2351    i.rt_ipc_list_resume_all  ipc.o
    0x08002ce0   0x08002ce0   0x0000005c   Code   RO         2352    i.rt_ipc_list_suspend  ipc.o
    0x08002d3c   0x08002d3c   0x00000024   Code   RO         2638    i.rt_kprintf        kservice.o
    0x08002d60   0x08002d60   0x0000000e   Code   RO         2871    i.rt_list_insert_after  object.o
    0x08002d6e   0x08002d6e   0x0000000e   Code   RO         3018    i.rt_list_insert_after  thread.o
    0x08002d7c   0x08002d7c   0x0000000e   Code   RO         3134    i.rt_list_insert_after  timer.o
    0x08002d8a   0x08002d8a   0x0000000e   Code   RO         2353    i.rt_list_insert_before  ipc.o
    0x08002d98   0x08002d98   0x0000000e   Code   RO         2354    i.rt_list_isempty   ipc.o
    0x08002da6   0x08002da6   0x0000000e   Code   RO         3135    i.rt_list_isempty   timer.o
    0x08002db4   0x08002db4   0x00000012   Code   RO         2872    i.rt_list_remove    object.o
    0x08002dc6   0x08002dc6   0x00000012   Code   RO         3019    i.rt_list_remove    thread.o
    0x08002dd8   0x08002dd8   0x00000104   Code   RO         2812    i.rt_malloc         mem.o
    0x08002edc   0x08002edc   0x0000004e   Code   RO         2642    i.rt_memcpy         kservice.o
    0x08002f2a   0x08002f2a   0x00000046   Code   RO         2644    i.rt_memset         kservice.o
    0x08002f70   0x08002f70   0x00000074   Code   RO         2364    i.rt_mq_create      ipc.o
    0x08002fe4   0x08002fe4   0x0000001c   Code   RO         2365    i.rt_mq_delete      ipc.o
    0x08003000   0x08003000   0x0000004a   Code   RO         2873    i.rt_object_allocate  object.o
    0x0800304a   0x0800304a   0x00000022   Code   RO         2874    i.rt_object_delete  object.o
    0x0800306c   0x0800306c   0x0000001c   Code   RO         2875    i.rt_object_detach  object.o
    0x08003088   0x08003088   0x00000024   Code   RO         2877    i.rt_object_get_information  object.o
    0x080030ac   0x080030ac   0x0000003c   Code   RO         2878    i.rt_object_init    object.o
    0x080030e8   0x080030e8   0x0000000e   Code   RO         2879    i.rt_object_is_systemobject  object.o
    0x080030f6   0x080030f6   0x00000002   PAD
    0x080030f8   0x080030f8   0x00000074   Code   RO         2943    i.rt_schedule       scheduler.o
    0x0800316c   0x0800316c   0x0000004c   Code   RO         2944    i.rt_schedule_insert_thread  scheduler.o
    0x080031b8   0x080031b8   0x00000054   Code   RO         2945    i.rt_schedule_remove_thread  scheduler.o
    0x0800320c   0x0800320c   0x00000020   Code   RO         2379    i.rt_sem_create     ipc.o
    0x0800322c   0x0800322c   0x00000026   Code   RO         2382    i.rt_sem_init       ipc.o
    0x08003252   0x08003252   0x00000040   Code   RO         2383    i.rt_sem_release    ipc.o
    0x08003292   0x08003292   0x0000006e   Code   RO         2384    i.rt_sem_take       ipc.o
    0x08003300   0x08003300   0x000000b0   Code   RO         2646    i.rt_show_version   kservice.o
    0x080033b0   0x080033b0   0x00000010   Code   RO         2652    i.rt_strlen         kservice.o
    0x080033c0   0x080033c0   0x00000026   Code   RO         2654    i.rt_strncpy        kservice.o
    0x080033e6   0x080033e6   0x00000002   PAD
    0x080033e8   0x080033e8   0x000000b0   Code   RO         2815    i.rt_system_heap_init  mem.o
    0x08003498   0x08003498   0x00000034   Code   RO         2946    i.rt_system_scheduler_init  scheduler.o
    0x080034cc   0x080034cc   0x00000028   Code   RO         2947    i.rt_system_scheduler_start  scheduler.o
    0x080034f4   0x080034f4   0x00000018   Code   RO         3136    i.rt_system_timer_init  timer.o
    0x0800350c   0x0800350c   0x00000002   Code   RO         3137    i.rt_system_timer_thread_init  timer.o
    0x0800350e   0x0800350e   0x0000004c   Code   RO         3021    i.rt_thread_create  thread.o
    0x0800355a   0x0800355a   0x00000004   Code   RO         3022    i.rt_thread_delay   thread.o
    0x0800355e   0x0800355e   0x00000002   PAD
    0x08003560   0x08003560   0x00000058   Code   RO         3025    i.rt_thread_exit    thread.o
    0x080035b8   0x080035b8   0x00000006   Code   RO         2304    i.rt_thread_idle_entry  idle.o
    0x080035be   0x080035be   0x00000002   PAD
    0x080035c0   0x080035c0   0x0000007c   Code   RO         2305    i.rt_thread_idle_excute  idle.o
    0x0800363c   0x0800363c   0x00000040   Code   RO         2307    i.rt_thread_idle_init  idle.o
    0x0800367c   0x0800367c   0x00000038   Code   RO         3027    i.rt_thread_init    thread.o
    0x080036b4   0x080036b4   0x0000003c   Code   RO         3028    i.rt_thread_resume  thread.o
    0x080036f0   0x080036f0   0x0000000c   Code   RO         3029    i.rt_thread_self    thread.o
    0x080036fc   0x080036fc   0x00000040   Code   RO         3030    i.rt_thread_sleep   thread.o
    0x0800373c   0x0800373c   0x00000026   Code   RO         3031    i.rt_thread_startup  thread.o
    0x08003762   0x08003762   0x00000042   Code   RO         3032    i.rt_thread_suspend  thread.o
    0x080037a4   0x080037a4   0x00000020   Code   RO         3033    i.rt_thread_timeout  thread.o
    0x080037c4   0x080037c4   0x00000060   Code   RO         3034    i.rt_thread_yield   thread.o
    0x08003824   0x08003824   0x0000000c   Code   RO         2193    i.rt_tick_get       clock.o
    0x08003830   0x08003830   0x0000002c   Code   RO         2194    i.rt_tick_increase  clock.o
    0x0800385c   0x0800385c   0x0000006c   Code   RO         3138    i.rt_timer_check    timer.o
    0x080038c8   0x080038c8   0x00000034   Code   RO         3139    i.rt_timer_control  timer.o
    0x080038fc   0x080038fc   0x00000020   Code   RO         3142    i.rt_timer_detach   timer.o
    0x0800391c   0x0800391c   0x0000002a   Code   RO         3143    i.rt_timer_init     timer.o
    0x08003946   0x08003946   0x00000002   PAD
    0x08003948   0x08003948   0x000000d4   Code   RO         3146    i.rt_timer_start    timer.o
    0x08003a1c   0x08003a1c   0x0000002e   Code   RO         3147    i.rt_timer_stop     timer.o
    0x08003a4a   0x08003a4a   0x00000002   PAD
    0x08003a4c   0x08003a4c   0x00000290   Code   RO         2657    i.rt_vsnprintf      kservice.o
    0x08003cdc   0x08003cdc   0x00000004   Code   RO         2234    i.rti_board_end     components.o
    0x08003ce0   0x08003ce0   0x00000004   Code   RO         2235    i.rti_board_start   components.o
    0x08003ce4   0x08003ce4   0x00000004   Code   RO         2236    i.rti_end           components.o
    0x08003ce8   0x08003ce8   0x00000004   Code   RO         2237    i.rti_start         components.o
    0x08003cec   0x08003cec   0x0000002a   Code   RO         2238    i.rtthread_startup  components.o
    0x08003d16   0x08003d16   0x00000002   PAD
    0x08003d18   0x08003d18   0x0000002c   Code   RO         1899    i.setAngle          motor_ctrl.o
    0x08003d44   0x08003d44   0x00000028   Code   RO         2659    i.skip_atoi         kservice.o
    0x08003d6c   0x08003d6c   0x00000210   Code   RO         1901    i.wheel_ctrl_task   motor_ctrl.o
    0x08003f7c   0x08003f7c   0x00000122   Data   RO         2661    .constdata          kservice.o
    0x0800409e   0x0800409e   0x00000081   Data   RO         3360    .constdata          mc_w.l(ctype_o.o)
    0x0800411f   0x0800411f   0x00000001   PAD
    0x08004120   0x08004120   0x00000004   Data   RO         3361    .constdata          mc_w.l(ctype_o.o)
    0x08004124   0x08004124   0x00000004   Data   RO         2239    .rti_fn.0           components.o
    0x08004128   0x08004128   0x00000004   Data   RO         2240    .rti_fn.0.end       components.o
    0x0800412c   0x0800412c   0x00000004   Data   RO         2241    .rti_fn.1.end       components.o
    0x08004130   0x08004130   0x00000004   Data   RO         2242    .rti_fn.6.end       components.o
    0x08004134   0x08004134   0x00000020   Data   RO         3402    Region$$Table       anon$$obj.o


    Execution Region RW_IRAM1 (Exec base: 0x20000000, Load base: 0x08004154, Size: 0x00004800, Max: 0x00005000, ABSOLUTE, COMPRESSED[0x00000064])

    Exec Addr    Load Addr    Size         Type   Attr      Idx    E Section Name        Object

    0x20000000   COMPRESSED   0x00000014   Data   RW           21    .data               system_stm32f10x.o
    0x20000014   COMPRESSED   0x00000014   Data   RW          345    .data               stm32f10x_rcc.o
    0x20000028   COMPRESSED   0x00000001   Data   RW         1719    .data               stm32f10x_it.o
    0x20000029   COMPRESSED   0x00000003   PAD
    0x2000002c   COMPRESSED   0x00000020   Data   RW         1852    .data               main.o
    0x2000004c   COMPRESSED   0x00000034   Data   RW         1902    .data               motor_ctrl.o
    0x20000080   COMPRESSED   0x00000002   Data   RW         1984    .data               encoder.o
    0x20000082   COMPRESSED   0x00000002   Data   RW         1985    .data               encoder.o
    0x20000084   COMPRESSED   0x00000004   Data   RW         2168    .data               adc.o
    0x20000088   COMPRESSED   0x00000004   Data   RW         2169    .data               adc.o
    0x2000008c   COMPRESSED   0x00000004   Data   RW         2196    .data               clock.o
    0x20000090   COMPRESSED   0x00000001   Data   RW         2608    .data               irq.o
    0x20000091   COMPRESSED   0x00000003   PAD
    0x20000094   COMPRESSED   0x00000018   Data   RW         2817    .data               mem.o
    0x200000ac   COMPRESSED   0x00000070   Data   RW         2881    .data               object.o
    0x2000011c   COMPRESSED   0x00000014   Data   RW         2949    .data               scheduler.o
    0x20000130   COMPRESSED   0x0000000c   Data   RW         3148    .data               timer.o
    0x2000013c   COMPRESSED   0x00000004   Data   RW         3238    .data               cpuport.o
    0x20000140   COMPRESSED   0x00000004   Data   RW         3239    .data               cpuport.o
    0x20000144   COMPRESSED   0x00000004   Data   RW         3240    .data               cpuport.o
    0x20000148   COMPRESSED   0x00000004   Data   RW         3241    .data               cpuport.o
    0x2000014c   COMPRESSED   0x00000004   Data   RW         3342    .data               mc_w.l(errno.o)
    0x20000150        -       0x00000014   Zero   RW         2094    .bss                can.o
    0x20000164        -       0x00004000   Zero   RW         2125    .bss                board.o
    0x20004164        -       0x00000190   Zero   RW         2308    .bss                idle.o
    0x200042f4        -       0x00000080   Zero   RW         2660    .bss                kservice.o
    0x20004374        -       0x00000028   Zero   RW         2816    .bss                mem.o
    0x2000439c        -       0x00000060   Zero   RW         2948    .bss                scheduler.o
    0x200043fc   COMPRESSED   0x00000004   PAD
    0x20004400        -       0x00000400   Zero   RW           97    STACK               startup_stm32f10x_hd.o


==============================================================================

Image component sizes


      Code (inc. data)   RO Data    RW Data    ZI Data      Debug   Object Name

       320         38          0          8          0       1749   adc.o
       146         18          0          0      16384      17738   board.o
       616         54          0          0         20       2189   can.o
        56         12          0          4          0       1113   clock.o
       186         30         16          0          0       5344   components.o
       240         26          0          0          0        752   context_rvds.o
         0          0          0          0          0       4540   core_cm3.o
       560        324          0         16          0       3102   cpuport.o
       156          8          0          4          0        781   encoder.o
       214         26          0          0        400       4818   idle.o
       568          0          0          0          0       9675   ipc.o
        56         12          0          1          0       1454   irq.o
      1480        162        290          0        128      10407   kservice.o
       332        124          0         32          0       1026   main.o
       716        172          0         24         40       3856   mem.o
       120         14          0          0          0       1439   misc.o
       992         76          0         52          0       4046   motor_ctrl.o
       278          6          0        112          0       7372   object.o
       444         58          0         20         96       7506   scheduler.o
        36          8        304          0       1024        784   startup_stm32f10x_hd.o
       290         10          0          0          0       7241   stm32f10x_adc.o
       940         18          0          0          0       6054   stm32f10x_can.o
         0          0          0          0          0     220544   stm32f10x_dma.o
       258          6          0          0          0       2726   stm32f10x_gpio.o
       232         52          0          1          0      10766   stm32f10x_it.o
       304         48          0         20          0       5986   stm32f10x_rcc.o
       584         74          0          0          0       7740   stm32f10x_tim.o
       266          6          0          0          0       3686   stm32f10x_usart.o
       260         26          0         20          0      45381   system_stm32f10x.o
       744         36          0          0          0      10795   thread.o
       618         14          0         12          0       9828   timer.o
       168          8          0          0          0        610   usart1.o

    ----------------------------------------------------------------------
     12216       1466        642        332      18096     421048   Object Totals
         0          0         32          0          0          0   (incl. Generated)
        36          0          0          6          4          0   (incl. Padding)

    ----------------------------------------------------------------------

      Code (inc. data)   RO Data    RW Data    ZI Data      Debug   Library Member Name

        42          0          0          0          0         84   atof.o
        86          0          0          0          0          0   __dczerorl2.o
        28          0          0          0          0         68   _chval.o
        64          0          0          0          0         84   _sgetc.o
       158          0          0          0          0         92   _strtoul.o
        26          0          0          0          0         80   atoi.o
         8          4        133          0          0         68   ctype_o.o
         0          0          0          0          0          0   entry.o
         0          0          0          0          0          0   entry10a.o
         0          0          0          0          0          0   entry11a.o
         4          0          0          0          0          0   entry12b.o
         8          4          0          0          0          0   entry2.o
         4          0          0          0          0          0   entry5.o
         0          0          0          0          0          0   entry7b.o
         0          0          0          0          0          0   entry8b.o
         8          4          0          0          0          0   entry9a.o
        32         16          0          4          0        204   errno.o
        30          0          0          0          0          0   handlers.o
        36          8          0          0          0         68   init.o
        18          0          0          0          0         76   isspace_o.o
         0          0          0          0          0          0   iusefp.o
        30          0          0          0          0         68   llshl.o
        36          0          0          0          0         68   llsshr.o
        32          0          0          0          0         68   llushr.o
       878         12          0          0          0        216   scanf_fp.o
       156         12          0          0          0        120   strtod.o
       112          0          0          0          0         88   strtol.o
        48          0          0          0          0         68   cdcmple.o
        48          0          0          0          0         68   cdrcmple.o
        56          0          0          0          0         88   d2f.o
       334          0          0          0          0        148   dadd.o
       222          0          0          0          0        100   ddiv.o
       186          0          0          0          0        176   depilogue.o
        50          0          0          0          0         76   dfixui.o
        34          0          0          0          0         76   dflti.o
        24          0          0          0          0         76   dfltul.o
       228          0          0          0          0         96   dmul.o
        46          0          0          0          0         80   dscalb.o
        38          0          0          0          0         68   f2d.o
       176          0          0          0          0        140   fadd.o
       124          0          0          0          0         88   fdiv.o
       110          0          0          0          0        168   fepilogue.o
        50          0          0          0          0         68   ffixi.o
        18          0          0          0          0         68   fflti.o
        10          0          0          0          0         68   ffltui.o
       100          0          0          0          0         76   fmul.o
        24          0          0          0          0         68   fscalb.o

    ----------------------------------------------------------------------
      3732         60        134          4          0       3316   Library Totals
        10          0          1          0          0          0   (incl. Padding)

    ----------------------------------------------------------------------

      Code (inc. data)   RO Data    RW Data    ZI Data      Debug   Library Name

        42          0          0          0          0         84   m_ws.l
      1754         60        133          4          0       1368   mc_w.l
      1926          0          0          0          0       1864   mf_w.l

    ----------------------------------------------------------------------
      3732         60        134          4          0       3316   Library Totals

    ----------------------------------------------------------------------

==============================================================================


      Code (inc. data)   RO Data    RW Data    ZI Data      Debug   

     15948       1526        776        336      18096     414716   Grand Totals
     15948       1526        776        100      18096     414716   ELF Image Totals (compressed)
     15948       1526        776        100          0          0   ROM Totals

==============================================================================

    Total RO  Size (Code + RO Data)                16724 (  16.33kB)
    Total RW  Size (RW Data + ZI Data)             18432 (  18.00kB)
    Total ROM Size (Code + RO Data + RW Data)      16824 (  16.43kB)

==============================================================================

