Component: ARM Compiler 5.06 update 7 (build 960) Tool: armlink [4d3601]

==============================================================================

Section Cross References

    system_stm32f10x.o(i.SetSysClock) refers to system_stm32f10x.o(i.SetSysClockTo72) for SetSysClockTo72
    system_stm32f10x.o(i.SystemCoreClockUpdate) refers to system_stm32f10x.o(.data) for SystemCoreClock
    system_stm32f10x.o(i.SystemInit) refers to system_stm32f10x.o(i.SetSysClock) for SetSysClock
    startup_stm32f10x_hd.o(RESET) refers to startup_stm32f10x_hd.o(STACK) for __initial_sp
    startup_stm32f10x_hd.o(RESET) refers to startup_stm32f10x_hd.o(.text) for Reset_Handler
    startup_stm32f10x_hd.o(RESET) refers to stm32f10x_it.o(i.NMI_Handler) for NMI_Handler
    startup_stm32f10x_hd.o(RESET) refers to context_rvds.o(.text) for HardFault_Handler
    startup_stm32f10x_hd.o(RESET) refers to stm32f10x_it.o(i.MemManage_Handler) for MemManage_Handler
    startup_stm32f10x_hd.o(RESET) refers to stm32f10x_it.o(i.BusFault_Handler) for BusFault_Handler
    startup_stm32f10x_hd.o(RESET) refers to stm32f10x_it.o(i.UsageFault_Handler) for UsageFault_Handler
    startup_stm32f10x_hd.o(RESET) refers to stm32f10x_it.o(i.SVC_Handler) for SVC_Handler
    startup_stm32f10x_hd.o(RESET) refers to stm32f10x_it.o(i.DebugMon_Handler) for DebugMon_Handler
    startup_stm32f10x_hd.o(RESET) refers to board.o(i.SysTick_Handler) for SysTick_Handler
    startup_stm32f10x_hd.o(RESET) refers to stm32f10x_it.o(i.CAN1_RX1_IRQHandler) for CAN1_RX1_IRQHandler
    startup_stm32f10x_hd.o(RESET) refers to stm32f10x_it.o(i.TIM1_UP_IRQHandler) for TIM1_UP_IRQHandler
    startup_stm32f10x_hd.o(RESET) refers to stm32f10x_it.o(i.TIM2_IRQHandler) for TIM2_IRQHandler
    startup_stm32f10x_hd.o(RESET) refers to stm32f10x_it.o(i.TIM3_IRQHandler) for TIM3_IRQHandler
    startup_stm32f10x_hd.o(RESET) refers to stm32f10x_it.o(i.USART1_IRQHandler) for USART1_IRQHandler
    startup_stm32f10x_hd.o(.text) refers to system_stm32f10x.o(i.SystemInit) for SystemInit
    startup_stm32f10x_hd.o(.text) refers to entry.o(.ARM.Collect$$$$00000000) for __main
    stm32f10x_gpio.o(i.GPIO_AFIODeInit) refers to stm32f10x_rcc.o(i.RCC_APB2PeriphResetCmd) for RCC_APB2PeriphResetCmd
    stm32f10x_gpio.o(i.GPIO_DeInit) refers to stm32f10x_rcc.o(i.RCC_APB2PeriphResetCmd) for RCC_APB2PeriphResetCmd
    stm32f10x_rcc.o(i.RCC_GetClocksFreq) refers to stm32f10x_rcc.o(.data) for APBAHBPrescTable
    stm32f10x_rcc.o(i.RCC_WaitForHSEStartUp) refers to stm32f10x_rcc.o(i.RCC_GetFlagStatus) for RCC_GetFlagStatus
    stm32f10x_tim.o(i.TIM_DeInit) refers to stm32f10x_rcc.o(i.RCC_APB2PeriphResetCmd) for RCC_APB2PeriphResetCmd
    stm32f10x_tim.o(i.TIM_DeInit) refers to stm32f10x_rcc.o(i.RCC_APB1PeriphResetCmd) for RCC_APB1PeriphResetCmd
    stm32f10x_tim.o(i.TIM_ETRClockMode1Config) refers to stm32f10x_tim.o(i.TIM_ETRConfig) for TIM_ETRConfig
    stm32f10x_tim.o(i.TIM_ETRClockMode2Config) refers to stm32f10x_tim.o(i.TIM_ETRConfig) for TIM_ETRConfig
    stm32f10x_tim.o(i.TIM_ICInit) refers to stm32f10x_tim.o(i.TI1_Config) for TI1_Config
    stm32f10x_tim.o(i.TIM_ICInit) refers to stm32f10x_tim.o(i.TIM_SetIC1Prescaler) for TIM_SetIC1Prescaler
    stm32f10x_tim.o(i.TIM_ICInit) refers to stm32f10x_tim.o(i.TI2_Config) for TI2_Config
    stm32f10x_tim.o(i.TIM_ICInit) refers to stm32f10x_tim.o(i.TIM_SetIC2Prescaler) for TIM_SetIC2Prescaler
    stm32f10x_tim.o(i.TIM_ICInit) refers to stm32f10x_tim.o(i.TI3_Config) for TI3_Config
    stm32f10x_tim.o(i.TIM_ICInit) refers to stm32f10x_tim.o(i.TIM_SetIC3Prescaler) for TIM_SetIC3Prescaler
    stm32f10x_tim.o(i.TIM_ICInit) refers to stm32f10x_tim.o(i.TI4_Config) for TI4_Config
    stm32f10x_tim.o(i.TIM_ICInit) refers to stm32f10x_tim.o(i.TIM_SetIC4Prescaler) for TIM_SetIC4Prescaler
    stm32f10x_tim.o(i.TIM_ITRxExternalClockConfig) refers to stm32f10x_tim.o(i.TIM_SelectInputTrigger) for TIM_SelectInputTrigger
    stm32f10x_tim.o(i.TIM_PWMIConfig) refers to stm32f10x_tim.o(i.TI1_Config) for TI1_Config
    stm32f10x_tim.o(i.TIM_PWMIConfig) refers to stm32f10x_tim.o(i.TIM_SetIC1Prescaler) for TIM_SetIC1Prescaler
    stm32f10x_tim.o(i.TIM_PWMIConfig) refers to stm32f10x_tim.o(i.TI2_Config) for TI2_Config
    stm32f10x_tim.o(i.TIM_PWMIConfig) refers to stm32f10x_tim.o(i.TIM_SetIC2Prescaler) for TIM_SetIC2Prescaler
    stm32f10x_tim.o(i.TIM_TIxExternalClockConfig) refers to stm32f10x_tim.o(i.TI2_Config) for TI2_Config
    stm32f10x_tim.o(i.TIM_TIxExternalClockConfig) refers to stm32f10x_tim.o(i.TI1_Config) for TI1_Config
    stm32f10x_tim.o(i.TIM_TIxExternalClockConfig) refers to stm32f10x_tim.o(i.TIM_SelectInputTrigger) for TIM_SelectInputTrigger
    stm32f10x_usart.o(i.USART_DeInit) refers to stm32f10x_rcc.o(i.RCC_APB2PeriphResetCmd) for RCC_APB2PeriphResetCmd
    stm32f10x_usart.o(i.USART_DeInit) refers to stm32f10x_rcc.o(i.RCC_APB1PeriphResetCmd) for RCC_APB1PeriphResetCmd
[...]
    ../clib/microlib/init/entry.s            0x00000000   Number         0  entry8b.o ABSOLUTE
    ../clib/microlib/init/entry.s            0x00000000   Number         0  entry8a.o ABSOLUTE
    ../clib/microlib/init/entry.s            0x00000000   Number         0  entry7b.o ABSOLUTE
    ../clib/microlib/init/entry.s            0x00000000   Number         0  entry.o ABSOLUTE
    ../clib/microlib/init/entry.s            0x00000000   Number         0  entry7a.o ABSOLUTE
    ../clib/microlib/init/entry.s            0x00000000   Number         0  entry5.o ABSOLUTE
    ../clib/microlib/init/entry.s            0x00000000   Number         0  entry10a.o ABSOLUTE
    ../clib/microlib/init/entry.s            0x00000000   Number         0  entry2.o ABSOLUTE
    ../clib/microlib/init/entry.s            0x00000000   Number         0  entry10b.o ABSOLUTE
    ../clib/microlib/init/entry.s            0x00000000   Number         0  entry11a.o ABSOLUTE
    ../clib/microlib/init/entry.s            0x00000000   Number         0  entry11b.o ABSOLUTE
    ../clib/microlib/init/entry.s            0x00000000   Number         0  entry12a.o ABSOLUTE
    ../clib/microlib/init/entry.s            0x00000000   Number         0  entry12b.o ABSOLUTE
    ../clib/microlib/init/entry.s            0x00000000   Number         0  entry9b.o ABSOLUTE
    ../clib/microlib/longlong.c              0x00000000   Number         0  llshl.o ABSOLUTE
    ../clib/microlib/longlong.c              0x00000000   Number         0  llushr.o ABSOLUTE
    ../clib/microlib/stubs.s                 0x00000000   Number         0  iusefp.o ABSOLUTE
    ../clib/scanf.c                          0x00000000   Number         0  strtol.o ABSOLUTE
    ../clib/scanf.c                          0x00000000   Number         0  _chval.o ABSOLUTE
    ../clib/scanf.c                          0x00000000   Number         0  _strtoul.o ABSOLUTE
    ../clib/scanf.c                          0x00000000   Number         0  atoi.o ABSOLUTE
    ../fplib/microlib/d2f.c                  0x00000000   Number         0  d2f.o ABSOLUTE
    ../fplib/microlib/f2d.c                  0x00000000   Number         0  f2d.o ABSOLUTE
    ../fplib/microlib/fpadd.c                0x00000000   Number         0  fadd.o ABSOLUTE
    ../fplib/microlib/fpepilogue.c           0x00000000   Number         0  depilogue.o ABSOLUTE
    ../fplib/microlib/fpepilogue.c           0x00000000   Number         0  fepilogue.o ABSOLUTE
    ../fplib/microlib/fpfix.c                0x00000000   Number         0  ffixi.o ABSOLUTE
    ../fplib/microlib/fpflt.c                0x00000000   Number         0  dflti.o ABSOLUTE
    ../fplib/microlib/fpflt.c                0x00000000   Number         0  fflti.o ABSOLUTE
    ../fplib/microlib/fpmul.c                0x00000000   Number         0  fmul.o ABSOLUTE
    ../fplib/microlib/fpmul.c                0x00000000   Number         0  dmul.o ABSOLUTE
    CMSIS\\core_cm3.c                        0x00000000   Number         0  core_cm3.o ABSOLUTE
    CMSIS\core_cm3.c                         0x00000000   Number         0  core_cm3.o ABSOLUTE
    CMSIS\startup\startup_stm32f10x_hd.s     0x00000000   Number         0  startup_stm32f10x_hd.o ABSOLUTE
    CMSIS\system_stm32f10x.c                 0x00000000   Number         0  system_stm32f10x.o ABSOLUTE
    E:\STM32\test\FWLIB\src\stm32f10x_exti.c 0x00000000   Number         0  stm32f10x_exti.o ABSOLUTE
    FWLIB\src\misc.c                         0x00000000   Number         0  misc.o ABSOLUTE
    FWLIB\src\stm32f10x_can.c                0x00000000   Number         0  stm32f10x_can.o ABSOLUTE
    FWLIB\src\stm32f10x_gpio.c               0x00000000   Number         0  stm32f10x_gpio.o ABSOLUTE
    FWLIB\src\stm32f10x_rcc.c                0x00000000   Number         0  stm32f10x_rcc.o ABSOLUTE
    FWLIB\src\stm32f10x_tim.c                0x00000000   Number         0  stm32f10x_tim.o ABSOLUTE
    FWLIB\src\stm32f10x_usart.c              0x00000000   Number         0  stm32f10x_usart.o ABSOLUTE
    USER\board.c                             0x00000000   Number         0  board.o ABSOLUTE
    USER\can.c                               0x00000000   Number         0  can.o ABSOLUTE
    USER\delay.c                             0x00000000   Number         0  delay.o ABSOLUTE
    USER\encoder.c                           0x00000000   Number         0  encoder.o ABSOLUTE
    USER\main.c                              0x00000000   Number         0  main.o ABSOLUTE
    USER\motor_ctrl.c                        0x00000000   Number         0  motor_ctrl.o ABSOLUTE
    USER\oled_SPI.c                          0x00000000   Number         0  oled_spi.o ABSOLUTE
    USER\sr04.c                              0x00000000   Number         0  sr04.o ABSOLUTE
    USER\stm32f10x_it.c                      0x00000000   Number         0  stm32f10x_it.o ABSOLUTE
    USER\usart1.c                            0x00000000   Number         0  usart1.o ABSOLUTE
    cdcmple.s                                0x00000000   Number         0  cdcmple.o ABSOLUTE
    cdrcmple.s                               0x00000000   Number         0  cdrcmple.o ABSOLUTE
    dc.s                                     0x00000000   Number         0  dc.o ABSOLUTE
    handlers.s                               0x00000000   Number         0  handlers.o ABSOLUTE
    init.s                                   0x00000000   Number         0  init.o ABSOLUTE
    rt-thread\libcpu\arm\cortex-m3\context_rvds.S 0x00000000   Number         0  context_rvds.o ABSOLUTE
    rt-thread\libcpu\arm\cortex-m3\cpuport.c 0x00000000   Number         0  cpuport.o ABSOLUTE
    rt-thread\src\clock.c                    0x00000000   Number         0  clock.o ABSOLUTE
    rt-thread\src\components.c               0x00000000   Number         0  components.o ABSOLUTE
    rt-thread\src\device.c                   0x00000000   Number         0  device.o ABSOLUTE
    rt-thread\src\idle.c                     0x00000000   Number         0  idle.o ABSOLUTE
    rt-thread\src\ipc.c                      0x00000000   Number         0  ipc.o ABSOLUTE
    rt-thread\src\irq.c                      0x00000000   Number         0  irq.o ABSOLUTE
    rt-thread\src\kservice.c                 0x00000000   Number         0  kservice.o ABSOLUTE
    rt-thread\src\mem.c                      0x00000000   Number         0  mem.o ABSOLUTE
    rt-thread\src\memheap.c                  0x00000000   Number         0  memheap.o ABSOLUTE
    rt-thread\src\mempool.c                  0x00000000   Number         0  mempool.o ABSOLUTE
    rt-thread\src\object.c                   0x00000000   Number         0  object.o ABSOLUTE
    rt-thread\src\scheduler.c                0x00000000   Number         0  scheduler.o ABSOLUTE
    rt-thread\src\signal.c                   0x00000000   Number         0  signal.o ABSOLUTE
    rt-thread\src\thread.c                   0x00000000   Number         0  thread.o ABSOLUTE
    rt-thread\src\timer.c                    0x00000000   Number         0  timer.o ABSOLUTE
    RESET                                    0x08000000   Section      304  startup_stm32f10x_hd.o(RESET)
    .ARM.Collect$$$$00000000                 0x08000130   Section        0  entry.o(.ARM.Collect$$$$00000000)
    .ARM.Collect$$$$00000001                 0x08000130   Section        4  entry2.o(.ARM.Collect$$$$00000001)
    .ARM.Collect$$$$00000004                 0x08000134   Section        4  entry5.o(.ARM.Collect$$$$00000004)
    .ARM.Collect$$$$00000008                 0x08000138   Section        0  entry7b.o(.ARM.Collect$$$$00000008)
    .ARM.Collect$$$$0000000A                 0x08000138   Section        0  entry8b.o(.ARM.Collect$$$$0000000A)
    .ARM.Collect$$$$0000000B                 0x08000138   Section        8  entry9a.o(.ARM.Collect$$$$0000000B)
    .ARM.Collect$$$$0000000E                 0x08000140   Section        4  entry12b.o(.ARM.Collect$$$$0000000E)
    .ARM.Collect$$$$0000000F                 0x08000144   Section        0  entry10a.o(.ARM.Collect$$$$0000000F)
    .ARM.Collect$$$$00000011                 0x08000144   Section        0  entry11a.o(.ARM.Collect$$$$00000011)
    .ARM.Collect$$$$00002712                 0x08000144   Section        4  entry2.o(.ARM.Collect$$$$00002712)
    __lit__00000000                          0x08000144   Data           4  entry2.o(.ARM.Collect$$$$00002712)
    .text                                    0x08000148   Section       36  startup_stm32f10x_hd.o(.text)
    .text                                    0x0800016c   Section      240  context_rvds.o(.text)
    .text                                    0x0800025c   Section        0  atoi.o(.text)
    .text                                    0x08000276   Section        0  fadd.o(.text)
    .text                                    0x08000326   Section        0  fmul.o(.text)
    .text                                    0x0800038a   Section        0  dmul.o(.text)
    .text                                    0x0800046e   Section        0  fflti.o(.text)
    .text                                    0x08000480   Section        0  dflti.o(.text)
    .text                                    0x080004a2   Section        0  ffixi.o(.text)
    .text                                    0x080004d4   Section        0  f2d.o(.text)
    .text                                    0x080004fc   Section       48  cdcmple.o(.text)
    .text                                    0x0800052c   Section       48  cdrcmple.o(.text)
    .text                                    0x0800055c   Section        0  d2f.o(.text)
    .text                                    0x08000594   Section        0  strtol.o(.text)
    .text                                    0x08000604   Section        0  fepilogue.o(.text)
    .text                                    0x08000604   Section        0  iusefp.o(.text)
    .text                                    0x08000672   Section        0  depilogue.o(.text)
    .text                                    0x0800072c   Section       36  init.o(.text)
    .text                                    0x08000750   Section        0  llshl.o(.text)
    .text                                    0x0800076e   Section        0  llushr.o(.text)
    .text                                    0x08000790   Section        0  ctype_o.o(.text)
    .text                                    0x08000798   Section        0  _strtoul.o(.text)
    .text                                    0x08000836   Section        0  _chval.o(.text)
    .text                                    0x08000852   Section        0  __dczerorl2.o(.text)
    i.$Sub$$main                             0x080008a8   Section        0  components.o(i.$Sub$$main)
    i.BusFault_Handler                       0x080008b6   Section        0  stm32f10x_it.o(i.BusFault_Handler)
    i.CAN1_RX1_IRQHandler                    0x080008bc   Section        0  stm32f10x_it.o(i.CAN1_RX1_IRQHandler)
    i.CAN_ClearFlag                          0x080008e4   Section        0  stm32f10x_can.o(i.CAN_ClearFlag)
    i.CAN_DeInit                             0x0800091c   Section        0  stm32f10x_can.o(i.CAN_DeInit)
    i.CAN_FilterInit                         0x08000954   Section        0  stm32f10x_can.o(i.CAN_FilterInit)
    i.CAN_ITConfig                           0x08000a5c   Section        0  stm32f10x_can.o(i.CAN_ITConfig)
    i.CAN_Init                               0x08000a6e   Section        0  stm32f10x_can.o(i.CAN_Init)
    i.CAN_Receive                            0x08000b82   Section        0  stm32f10x_can.o(i.CAN_Receive)
    i.CAN_StructInit                         0x08000c72   Section        0  stm32f10x_can.o(i.CAN_StructInit)
    i.Can_Init                               0x08000c94   Section        0  can.o(i.Can_Init)
    i.DebugMon_Handler                       0x08000da8   Section        0  stm32f10x_it.o(i.DebugMon_Handler)
    i.Encoder_Init                           0x08000dac   Section        0  encoder.o(i.Encoder_Init)
    i.GPIO_Init                              0x08000e48   Section        0  stm32f10x_gpio.o(i.GPIO_Init)
    i.GPIO_PinRemapConfig                    0x08000f60   Section        0  stm32f10x_gpio.o(i.GPIO_PinRemapConfig)
    i.MOTOR_GPIO_Init                        0x08000ff0   Section        0  motor_ctrl.o(i.MOTOR_GPIO_Init)
    i.MOTOR_PWM_Init                         0x0800105c   Section        0  motor_ctrl.o(i.MOTOR_PWM_Init)
    i.MemManage_Handler                      0x080011ac   Section        0  stm32f10x_it.o(i.MemManage_Handler)
    i.NMI_Handler                            0x080011b0   Section        0  stm32f10x_it.o(i.NMI_Handler)
    i.NVIC_Init                              0x080011b4   Section        0  misc.o(i.NVIC_Init)
    i.NVIC_PriorityGroupConfig               0x08001224   Section        0  misc.o(i.NVIC_PriorityGroupConfig)
    i.RCC_APB1PeriphClockCmd                 0x08001238   Section        0  stm32f10x_rcc.o(i.RCC_APB1PeriphClockCmd)
    i.RCC_APB1PeriphResetCmd                 0x08001258   Section        0  stm32f10x_rcc.o(i.RCC_APB1PeriphResetCmd)
    i.RCC_APB2PeriphClockCmd                 0x08001278   Section        0  stm32f10x_rcc.o(i.RCC_APB2PeriphClockCmd)
    i.RCC_GetClocksFreq                      0x08001298   Section        0  stm32f10x_rcc.o(i.RCC_GetClocksFreq)
    i.SVC_Handler                            0x0800136c   Section        0  stm32f10x_it.o(i.SVC_Handler)
    i.SetSysClock                            0x0800136e   Section        0  system_stm32f10x.o(i.SetSysClock)
    SetSysClock                              0x0800136f   Thumb Code     8  system_stm32f10x.o(i.SetSysClock)
    i.SetSysClockTo72                        0x08001378   Section        0  system_stm32f10x.o(i.SetSysClockTo72)
    SetSysClockTo72                          0x08001379   Thumb Code   214  system_stm32f10x.o(i.SetSysClockTo72)
    i.SysTick_Handler                        0x08001458   Section        0  board.o(i.SysTick_Handler)
    i.SystemInit                             0x08001468   Section        0  system_stm32f10x.o(i.SystemInit)
    i.TIM1_UP_IRQHandler                     0x080014c8   Section        0  stm32f10x_it.o(i.TIM1_UP_IRQHandler)
    i.TIM2_IRQHandler                        0x0800153c   Section        0  stm32f10x_it.o(i.TIM2_IRQHandler)
    i.TIM3_IRQHandler                        0x08001554   Section        0  stm32f10x_it.o(i.TIM3_IRQHandler)
    i.TIM_ARRPreloadConfig                   0x0800156c   Section        0  stm32f10x_tim.o(i.TIM_ARRPreloadConfig)
    i.TIM_ClearFlag                          0x08001584   Section        0  stm32f10x_tim.o(i.TIM_ClearFlag)
    i.TIM_Cmd                                0x0800158a   Section        0  stm32f10x_tim.o(i.TIM_Cmd)
    i.TIM_CtrlPWMOutputs                     0x080015a2   Section        0  stm32f10x_tim.o(i.TIM_CtrlPWMOutputs)
    i.TIM_EncoderInterfaceConfig             0x080015c0   Section        0  stm32f10x_tim.o(i.TIM_EncoderInterfaceConfig)
    i.TIM_ITConfig                           0x08001602   Section        0  stm32f10x_tim.o(i.TIM_ITConfig)
    i.TIM_OC1Init                            0x08001614   Section        0  stm32f10x_tim.o(i.TIM_OC1Init)
    i.TIM_OC1PreloadConfig                   0x080016ac   Section        0  stm32f10x_tim.o(i.TIM_OC1PreloadConfig)
    i.TIM_OC4Init                            0x080016c0   Section        0  stm32f10x_tim.o(i.TIM_OC4Init)
    i.TIM_OC4PreloadConfig                   0x0800173c   Section        0  stm32f10x_tim.o(i.TIM_OC4PreloadConfig)
    i.TIM_SetCounter                         0x08001756   Section        0  stm32f10x_tim.o(i.TIM_SetCounter)
    i.TIM_TimeBaseInit                       0x0800175c   Section        0  stm32f10x_tim.o(i.TIM_TimeBaseInit)
    i.USART1_IRQHandler                      0x08001800   Section        0  stm32f10x_it.o(i.USART1_IRQHandler)
    i.USART1_Init                            0x08001818   Section        0  usart1.o(i.USART1_Init)
    i.USART_Cmd                              0x080018c4   Section        0  stm32f10x_usart.o(i.USART_Cmd)
    i.USART_ITConfig                         0x080018dc   Section        0  stm32f10x_usart.o(i.USART_ITConfig)
    i.USART_Init                             0x08001928   Section        0  stm32f10x_usart.o(i.USART_Init)
    i.UsageFault_Handler                     0x08001a00   Section        0  stm32f10x_it.o(i.UsageFault_Handler)
    i.__aeabi_errno_addr                     0x08001a04   Section        0  errno.o(i.__aeabi_errno_addr)
    i.__rt_ffs                               0x08001a0c   Section        0  kservice.o(i.__rt_ffs)
    i.__scatterload_copy                     0x08001a58   Section       14  handlers.o(i.__scatterload_copy)
    i.__scatterload_null                     0x08001a66   Section        2  handlers.o(i.__scatterload_null)
    i.__scatterload_zeroinit                 0x08001a68   Section       14  handlers.o(i.__scatterload_zeroinit)
    i._has_defunct_thread                    0x08001a78   Section        0  idle.o(i._has_defunct_thread)
    _has_defunct_thread                      0x08001a79   Thumb Code    16  idle.o(i._has_defunct_thread)
    i._rt_thread_init                        0x08001a8c   Section        0  thread.o(i._rt_thread_init)
    _rt_thread_init                          0x08001a8d   Thumb Code   124  thread.o(i._rt_thread_init)
    i._rt_timer_init                         0x08001b10   Section        0  timer.o(i._rt_timer_init)
    _rt_timer_init                           0x08001b11   Thumb Code    66  timer.o(i._rt_timer_init)
    i._rt_timer_remove                       0x08001b52   Section        0  timer.o(i._rt_timer_remove)
    _rt_timer_remove                         0x08001b53   Thumb Code    46  timer.o(i._rt_timer_remove)
    i.can_recv_to_ctrl                       0x08001b80   Section        0  can.o(i.can_recv_to_ctrl)
    i.left_wheel_ctrl                        0x08001bf8   Section        0  motor_ctrl.o(i.left_wheel_ctrl)
    i.main                                   0x08001c64   Section        0  main.o(i.main)
    i.main_thread_entry                      0x08001da0   Section        0  components.o(i.main_thread_entry)
    i.plug_holes                             0x08001db0   Section        0  mem.o(i.plug_holes)
    plug_holes                               0x08001db1   Thumb Code   108  mem.o(i.plug_holes)
    i.print_number                           0x08001e28   Section        0  kservice.o(i.print_number)
    print_number                             0x08001e29   Thumb Code   388  kservice.o(i.print_number)
    i.right_wheel_ctrl                       0x08001fb4   Section        0  motor_ctrl.o(i.right_wheel_ctrl)
    i.rt_application_init                    0x08002008   Section        0  components.o(i.rt_application_init)
    i.rt_components_board_init               0x08002034   Section        0  components.o(i.rt_components_board_init)
    i.rt_components_init                     0x08002050   Section        0  components.o(i.rt_components_init)
    i.rt_enter_critical                      0x0800206c   Section        0  scheduler.o(i.rt_enter_critical)
    i.rt_exit_critical                       0x0800208c   Section        0  scheduler.o(i.rt_exit_critical)
    i.rt_free                                0x080020c8   Section        0  mem.o(i.rt_free)
    i.rt_heap_begin_get                      0x080021a8   Section        0  board.o(i.rt_heap_begin_get)
    i.rt_heap_end_get                        0x080021b0   Section        0  board.o(i.rt_heap_end_get)
    i.rt_hw_board_init                       0x080021b8   Section        0  board.o(i.rt_hw_board_init)
    i.rt_hw_console_output                   0x0800224c   Section        0  kservice.o(i.rt_hw_console_output)
    i.rt_hw_hard_fault_exception             0x08002250   Section        0  cpuport.o(i.rt_hw_hard_fault_exception)
    i.rt_hw_stack_init                       0x08002450   Section        0  cpuport.o(i.rt_hw_stack_init)
    i.rt_interrupt_enter                     0x0800249c   Section        0  irq.o(i.rt_interrupt_enter)
    i.rt_interrupt_leave                     0x080024bc   Section        0  irq.o(i.rt_interrupt_leave)
    i.rt_ipc_list_resume                     0x080024dc   Section        0  ipc.o(i.rt_ipc_list_resume)
    rt_ipc_list_resume                       0x080024dd   Thumb Code    20  ipc.o(i.rt_ipc_list_resume)
    i.rt_ipc_list_resume_all                 0x080024f0   Section        0  ipc.o(i.rt_ipc_list_resume_all)
    rt_ipc_list_resume_all                   0x080024f1   Thumb Code    50  ipc.o(i.rt_ipc_list_resume_all)
    i.rt_ipc_list_suspend                    0x08002522   Section        0  ipc.o(i.rt_ipc_list_suspend)
    rt_ipc_list_suspend                      0x08002523   Thumb Code   108  ipc.o(i.rt_ipc_list_suspend)
    i.rt_ipc_object_init                     0x0800258e   Section        0  ipc.o(i.rt_ipc_object_init)
    rt_ipc_object_init                       0x0800258f   Thumb Code    16  ipc.o(i.rt_ipc_object_init)
    i.rt_kprintf                             0x080025a0   Section        0  kservice.o(i.rt_kprintf)
    i.rt_list_init                           0x080025d0   Section        0  ipc.o(i.rt_list_init)
    rt_list_init                             0x080025d1   Thumb Code     6  ipc.o(i.rt_list_init)
    i.rt_list_init                           0x080025d6   Section        0  scheduler.o(i.rt_list_init)
    rt_list_init                             0x080025d7   Thumb Code     6  scheduler.o(i.rt_list_init)
    i.rt_list_init                           0x080025dc   Section        0  timer.o(i.rt_list_init)
    rt_list_init                             0x080025dd   Thumb Code     6  timer.o(i.rt_list_init)
    i.rt_list_insert_after                   0x080025e2   Section        0  object.o(i.rt_list_insert_after)
    rt_list_insert_after                     0x080025e3   Thumb Code    14  object.o(i.rt_list_insert_after)
    i.rt_list_insert_after                   0x080025f0   Section        0  thread.o(i.rt_list_insert_after)
    rt_list_insert_after                     0x080025f1   Thumb Code    14  thread.o(i.rt_list_insert_after)
    i.rt_list_insert_after                   0x080025fe   Section        0  timer.o(i.rt_list_insert_after)
    rt_list_insert_after                     0x080025ff   Thumb Code    14  timer.o(i.rt_list_insert_after)
    i.rt_list_insert_before                  0x0800260c   Section        0  ipc.o(i.rt_list_insert_before)
    rt_list_insert_before                    0x0800260d   Thumb Code    14  ipc.o(i.rt_list_insert_before)
    i.rt_list_isempty                        0x0800261a   Section        0  ipc.o(i.rt_list_isempty)
    rt_list_isempty                          0x0800261b   Thumb Code    16  ipc.o(i.rt_list_isempty)
    i.rt_list_isempty                        0x0800262a   Section        0  timer.o(i.rt_list_isempty)
    rt_list_isempty                          0x0800262b   Thumb Code    16  timer.o(i.rt_list_isempty)
    i.rt_list_remove                         0x0800263a   Section        0  object.o(i.rt_list_remove)
    rt_list_remove                           0x0800263b   Thumb Code    18  object.o(i.rt_list_remove)
    i.rt_list_remove                         0x0800264c   Section        0  thread.o(i.rt_list_remove)
    rt_list_remove                           0x0800264d   Thumb Code    18  thread.o(i.rt_list_remove)
    i.rt_malloc                              0x08002660   Section        0  mem.o(i.rt_malloc)
    i.rt_memset                              0x080027cc   Section        0  kservice.o(i.rt_memset)
    i.rt_mq_create                           0x08002814   Section        0  ipc.o(i.rt_mq_create)
    i.rt_mq_delete                           0x08002894   Section        0  ipc.o(i.rt_mq_delete)
    i.rt_object_allocate                     0x080028b0   Section        0  object.o(i.rt_object_allocate)
    i.rt_object_delete                       0x080028fa   Section        0  object.o(i.rt_object_delete)
    i.rt_object_detach                       0x0800291a   Section        0  object.o(i.rt_object_detach)
    i.rt_object_get_information              0x08002934   Section        0  object.o(i.rt_object_get_information)
    i.rt_object_init                         0x0800295c   Section        0  object.o(i.rt_object_init)
    i.rt_object_is_systemobject              0x08002998   Section        0  object.o(i.rt_object_is_systemobject)
    i.rt_schedule                            0x080029ac   Section        0  scheduler.o(i.rt_schedule)
    i.rt_schedule_insert_thread              0x08002a3c   Section        0  scheduler.o(i.rt_schedule_insert_thread)
    i.rt_schedule_remove_thread              0x08002a8c   Section        0  scheduler.o(i.rt_schedule_remove_thread)
    i.rt_sem_create                          0x08002ae0   Section        0  ipc.o(i.rt_sem_create)
    i.rt_sem_init                            0x08002b0a   Section        0  ipc.o(i.rt_sem_init)
    i.rt_sem_release                         0x08002b30   Section        0  ipc.o(i.rt_sem_release)
    i.rt_sem_take                            0x08002b6a   Section        0  ipc.o(i.rt_sem_take)
    i.rt_show_version                        0x08002be0   Section        0  kservice.o(i.rt_show_version)
    i.rt_strlen                              0x08002c90   Section        0  kservice.o(i.rt_strlen)
    i.rt_strncpy                             0x08002ca2   Section        0  kservice.o(i.rt_strncpy)
    i.rt_system_heap_init                    0x08002cd8   Section        0  mem.o(i.rt_system_heap_init)
    i.rt_system_scheduler_init               0x08002dd0   Section        0  scheduler.o(i.rt_system_scheduler_init)
    i.rt_system_scheduler_start              0x08002e1c   Section        0  scheduler.o(i.rt_system_scheduler_start)
    i.rt_system_timer_init                   0x08002e4c   Section        0  timer.o(i.rt_system_timer_init)
    i.rt_system_timer_thread_init            0x08002e68   Section        0  timer.o(i.rt_system_timer_thread_init)
    i.rt_thread_create                       0x08002e6a   Section        0  thread.o(i.rt_thread_create)
    i.rt_thread_delay                        0x08002eba   Section        0  thread.o(i.rt_thread_delay)
    i.rt_thread_exit                         0x08002ec8   Section        0  thread.o(i.rt_thread_exit)
    i.rt_thread_idle_entry                   0x08002f1c   Section        0  idle.o(i.rt_thread_idle_entry)
    rt_thread_idle_entry                     0x08002f1d   Thumb Code     8  idle.o(i.rt_thread_idle_entry)
    i.rt_thread_idle_excute                  0x08002f24   Section        0  idle.o(i.rt_thread_idle_excute)
    i.rt_thread_idle_init                    0x08002fa8   Section        0  idle.o(i.rt_thread_idle_init)
    i.rt_thread_init                         0x08002fe4   Section        0  thread.o(i.rt_thread_init)
    i.rt_thread_resume                       0x08003018   Section        0  thread.o(i.rt_thread_resume)
    i.rt_thread_self                         0x08003054   Section        0  thread.o(i.rt_thread_self)
    i.rt_thread_sleep                        0x08003060   Section        0  thread.o(i.rt_thread_sleep)
    i.rt_thread_startup                      0x080030a4   Section        0  thread.o(i.rt_thread_startup)
    i.rt_thread_suspend                      0x080030d0   Section        0  thread.o(i.rt_thread_suspend)
    i.rt_thread_timeout                      0x08003114   Section        0  thread.o(i.rt_thread_timeout)
    i.rt_thread_yield                        0x08003134   Section        0  thread.o(i.rt_thread_yield)
    i.rt_tick_get                            0x08003198   Section        0  clock.o(i.rt_tick_get)
    i.rt_tick_increase                       0x080031a4   Section        0  clock.o(i.rt_tick_increase)
    i.rt_timer_check                         0x080031d4   Section        0  timer.o(i.rt_timer_check)
    i.rt_timer_control                       0x08003250   Section        0  timer.o(i.rt_timer_control)
    i.rt_timer_detach                        0x08003288   Section        0  timer.o(i.rt_timer_detach)
    i.rt_timer_init                          0x080032a8   Section        0  timer.o(i.rt_timer_init)
    i.rt_timer_start                         0x080032d8   Section        0  timer.o(i.rt_timer_start)
    i.rt_timer_stop                          0x080033d0   Section        0  timer.o(i.rt_timer_stop)
    i.rt_vsnprintf                           0x08003400   Section        0  kservice.o(i.rt_vsnprintf)
    i.rti_board_end                          0x08003728   Section        0  components.o(i.rti_board_end)
    rti_board_end                            0x08003729   Thumb Code     4  components.o(i.rti_board_end)
    i.rti_board_start                        0x0800372c   Section        0  components.o(i.rti_board_start)
    rti_board_start                          0x0800372d   Thumb Code     4  components.o(i.rti_board_start)
    i.rti_end                                0x08003730   Section        0  components.o(i.rti_end)
    rti_end                                  0x08003731   Thumb Code     4  components.o(i.rti_end)
    i.rti_start                              0x08003734   Section        0  components.o(i.rti_start)
    rti_start                                0x08003735   Thumb Code     4  components.o(i.rti_start)
    i.rtthread_startup                       0x08003738   Section        0  components.o(i.rtthread_startup)
    i.setAngle                               0x08003764   Section        0  motor_ctrl.o(i.setAngle)
    i.skip_atoi                              0x0800378c   Section        0  kservice.o(i.skip_atoi)
    skip_atoi                                0x0800378d   Thumb Code    38  kservice.o(i.skip_atoi)
    i.wheel_ctrl_task                        0x080037b4   Section        0  motor_ctrl.o(i.wheel_ctrl_task)
    .constdata                               0x08003a38   Section      290  kservice.o(.constdata)
    small_digits                             0x08003b38   Data          17  kservice.o(.constdata)
    large_digits                             0x08003b49   Data          17  kservice.o(.constdata)
    .constdata                               0x08003b5a   Section      129  ctype_o.o(.constdata)
    .constdata                               0x08003bdc   Section        4  ctype_o.o(.constdata)
    table                                    0x08003bdc   Data           4  ctype_o.o(.constdata)
    .rti_fn.0                                0x08003be0   Section        4  components.o(.rti_fn.0)
    __tagsym$$used                           0x08003be0   Number         0  components.o(.rti_fn.0)
    .rti_fn.0.end                            0x08003be4   Section        4  components.o(.rti_fn.0.end)
    __tagsym$$used                           0x08003be4   Number         0  components.o(.rti_fn.0.end)
    .rti_fn.1.end                            0x08003be8   Section        4  components.o(.rti_fn.1.end)
    __tagsym$$used                           0x08003be8   Number         0  components.o(.rti_fn.1.end)
    .rti_fn.6.end                            0x08003bec   Section        4  components.o(.rti_fn.6.end)
    __tagsym$$used                           0x08003bec   Number         0  components.o(.rti_fn.6.end)
    .data                                    0x20000000   Section       20  system_stm32f10x.o(.data)
    .data                                    0x20000014   Section       20  stm32f10x_rcc.o(.data)
    APBAHBPrescTable                         0x20000014   Data          16  stm32f10x_rcc.o(.data)
    ADCPrescTable                            0x20000024   Data           4  stm32f10x_rcc.o(.data)
    .data                                    0x20000028   Section        1  stm32f10x_it.o(.data)
    catch_time                               0x20000028   Data           1  stm32f10x_it.o(.data)
    .data                                    0x2000002c   Section       28  main.o(.data)
    .data                                    0x20000048   Section       52  motor_ctrl.o(.data)
    .data                                    0x2000007c   Section        4  encoder.o(.data)
    .data                                    0x20000080   Section        4  clock.o(.data)
    rt_tick                                  0x20000080   Data           4  clock.o(.data)
    .data                                    0x20000084   Section        1  irq.o(.data)
    .data                                    0x20000088   Section       24  mem.o(.data)
    heap_ptr                                 0x20000088   Data           4  mem.o(.data)
    heap_end                                 0x2000008c   Data           4  mem.o(.data)
    lfree                                    0x20000090   Data           4  mem.o(.data)
    mem_size_aligned                         0x20000094   Data           4  mem.o(.data)
    used_mem                                 0x20000098   Data           4  mem.o(.data)
    max_mem                                  0x2000009c   Data           4  mem.o(.data)
    .data                                    0x200000a0   Section      112  object.o(.data)
    rt_object_container                      0x200000a0   Data         112  object.o(.data)
    .data                                    0x20000110   Section       24  scheduler.o(.data)
    rt_scheduler_lock_nest                   0x20000110   Data           2  scheduler.o(.data)
    .data                                    0x20000128   Section       12  timer.o(.data)
    rt_timer_list                            0x20000128   Data           8  timer.o(.data)
    random_nr                                0x20000130   Data           4  timer.o(.data)
    .data                                    0x20000134   Section       16  cpuport.o(.data)
    rt_exception_hook                        0x20000140   Data           4  cpuport.o(.data)
    .data                                    0x20000144   Section        4  errno.o(.data)
    _errno                                   0x20000144   Data           4  errno.o(.data)
    .bss                                     0x20000148   Section       20  can.o(.bss)
    .bss                                     0x2000015c   Section    16384  board.o(.bss)
    rt_heap                                  0x2000015c   Data       16384  board.o(.bss)
    .bss                                     0x2000415c   Section      384  idle.o(.bss)
    idle                                     0x2000415c   Data         128  idle.o(.bss)
    rt_thread_stack                          0x200041dc   Data         256  idle.o(.bss)
    .bss                                     0x200042dc   Section      128  kservice.o(.bss)
    rt_log_buf                               0x200042dc   Data         128  kservice.o(.bss)
    .bss                                     0x2000435c   Section       32  mem.o(.bss)
    heap_sem                                 0x2000435c   Data          32  mem.o(.bss)
    .bss                                     0x2000437c   Section       64  scheduler.o(.bss)
    STACK                                    0x200043c0   Section     1024  startup_stm32f10x_hd.o(STACK)

    Global Symbols

    Symbol Name                              Value     Ov Type        Size  Object(Section)

    BuildAttributes$$THM_ISAv4$P$D$K$B$S$PE$A:L22UL41UL21$X:L11$S22US41US21$IEEE1$IW$USESV6$~STKCKD$USESV7$~SHL$OTIME$ROPI$EBA8$MICROLIB$REQ8$PRES8$EABIv2 0x00000000   Number         0  anon$$obj.o ABSOLUTE
    __ARM_use_no_argv                        0x00000000   Number         0  main.o ABSOLUTE
    __arm_fini_                               - Undefined Weak Reference
    __cpp_initialize__aeabi_                  - Undefined Weak Reference
    __cxa_finalize                            - Undefined Weak Reference
    _clock_init                               - Undefined Weak Reference
    _microlib_exit                            - Undefined Weak Reference
    __Vectors_Size                           0x00000130   Number         0  startup_stm32f10x_hd.o ABSOLUTE
    __Vectors                                0x08000000   Data           4  startup_stm32f10x_hd.o(RESET)
    __Vectors_End                            0x08000130   Data           0  startup_stm32f10x_hd.o(RESET)
    __main                                   0x08000131   Thumb Code     0  entry.o(.ARM.Collect$$$$00000000)
    _main_stk                                0x08000131   Thumb Code     0  entry2.o(.ARM.Collect$$$$00000001)
    _main_scatterload                        0x08000135   Thumb Code     0  entry5.o(.ARM.Collect$$$$00000004)
    __main_after_scatterload                 0x08000139   Thumb Code     0  entry5.o(.ARM.Collect$$$$00000004)
    _main_clock                              0x08000139   Thumb Code     0  entry7b.o(.ARM.Collect$$$$00000008)
    _main_cpp_init                           0x08000139   Thumb Code     0  entry8b.o(.ARM.Collect$$$$0000000A)
    _main_init                               0x08000139   Thumb Code     0  entry9a.o(.ARM.Collect$$$$0000000B)
    __rt_lib_shutdown_fini                   0x08000141   Thumb Code     0  entry12b.o(.ARM.Collect$$$$0000000E)
    __rt_final_cpp                           0x08000145   Thumb Code     0  entry10a.o(.ARM.Collect$$$$0000000F)
    __rt_final_exit                          0x08000145   Thumb Code     0  entry11a.o(.ARM.Collect$$$$00000011)
    Reset_Handler                            0x08000149   Thumb Code     8  startup_stm32f10x_hd.o(.text)
    ADC1_2_IRQHandler                        0x08000163   Thumb Code     0  startup_stm32f10x_hd.o(.text)
    ADC3_IRQHandler                          0x08000163   Thumb Code     0  startup_stm32f10x_hd.o(.text)
    CAN1_SCE_IRQHandler                      0x08000163   Thumb Code     0  startup_stm32f10x_hd.o(.text)
    DMA1_Channel1_IRQHandler                 0x08000163   Thumb Code     0  startup_stm32f10x_hd.o(.text)
    DMA1_Channel2_IRQHandler                 0x08000163   Thumb Code     0  startup_stm32f10x_hd.o(.text)
    DMA1_Channel3_IRQHandler                 0x08000163   Thumb Code     0  startup_stm32f10x_hd.o(.text)
    DMA1_Channel4_IRQHandler                 0x08000163   Thumb Code     0  startup_stm32f10x_hd.o(.text)
    DMA1_Channel5_IRQHandler                 0x08000163   Thumb Code     0  startup_stm32f10x_hd.o(.text)
    DMA1_Channel6_IRQHandler                 0x08000163   Thumb Code     0  startup_stm32f10x_hd.o(.text)
    DMA1_Channel7_IRQHandler                 0x08000163   Thumb Code     0  startup_stm32f10x_hd.o(.text)
    DMA2_Channel1_IRQHandler                 0x08000163   Thumb Code     0  startup_stm32f10x_hd.o(.text)
    DMA2_Channel2_IRQHandler                 0x08000163   Thumb Code     0  startup_stm32f10x_hd.o(.text)
    DMA2_Channel3_IRQHandler                 0x08000163   Thumb Code     0  startup_stm32f10x_hd.o(.text)
    DMA2_Channel4_5_IRQHandler               0x08000163   Thumb Code     0  startup_stm32f10x_hd.o(.text)
    EXTI0_IRQHandler                         0x08000163   Thumb Code     0  startup_stm32f10x_hd.o(.text)
    EXTI15_10_IRQHandler                     0x08000163   Thumb Code     0  startup_stm32f10x_hd.o(.text)
    EXTI1_IRQHandler                         0x08000163   Thumb Code     0  startup_stm32f10x_hd.o(.text)
    EXTI2_IRQHandler                         0x08000163   Thumb Code     0  startup_stm32f10x_hd.o(.text)
    EXTI3_IRQHandler                         0x08000163   Thumb Code     0  startup_stm32f10x_hd.o(.text)
    EXTI4_IRQHandler                         0x08000163   Thumb Code     0  startup_stm32f10x_hd.o(.text)
    EXTI9_5_IRQHandler                       0x08000163   Thumb Code     0  startup_stm32f10x_hd.o(.text)
    FLASH_IRQHandler                         0x08000163   Thumb Code     0  startup_stm32f10x_hd.o(.text)
    FSMC_IRQHandler                          0x08000163   Thumb Code     0  startup_stm32f10x_hd.o(.text)
    I2C1_ER_IRQHandler                       0x08000163   Thumb Code     0  startup_stm32f10x_hd.o(.text)
    I2C1_EV_IRQHandler                       0x08000163   Thumb Code     0  startup_stm32f10x_hd.o(.text)
    I2C2_ER_IRQHandler                       0x08000163   Thumb Code     0  startup_stm32f10x_hd.o(.text)
    I2C2_EV_IRQHandler                       0x08000163   Thumb Code     0  startup_stm32f10x_hd.o(.text)
    PVD_IRQHandler                           0x08000163   Thumb Code     0  startup_stm32f10x_hd.o(.text)
    RCC_IRQHandler                           0x08000163   Thumb Code     0  startup_stm32f10x_hd.o(.text)
    RTCAlarm_IRQHandler                      0x08000163   Thumb Code     0  startup_stm32f10x_hd.o(.text)
    RTC_IRQHandler                           0x08000163   Thumb Code     0  startup_stm32f10x_hd.o(.text)
    SDIO_IRQHandler                          0x08000163   Thumb Code     0  startup_stm32f10x_hd.o(.text)
    SPI1_IRQHandler                          0x08000163   Thumb Code     0  startup_stm32f10x_hd.o(.text)
    SPI2_IRQHandler                          0x08000163   Thumb Code     0  startup_stm32f10x_hd.o(.text)
    SPI3_IRQHandler                          0x08000163   Thumb Code     0  startup_stm32f10x_hd.o(.text)
    TAMPER_IRQHandler                        0x08000163   Thumb Code     0  startup_stm32f10x_hd.o(.text)
    TIM1_BRK_IRQHandler                      0x08000163   Thumb Code     0  startup_stm32f10x_hd.o(.text)
    TIM1_CC_IRQHandler                       0x08000163   Thumb Code     0  startup_stm32f10x_hd.o(.text)
    TIM1_TRG_COM_IRQHandler                  0x08000163   Thumb Code     0  startup_stm32f10x_hd.o(.text)
    TIM4_IRQHandler                          0x08000163   Thumb Code     0  startup_stm32f10x_hd.o(.text)
    TIM5_IRQHandler                          0x08000163   Thumb Code     0  startup_stm32f10x_hd.o(.text)
    TIM6_IRQHandler                          0x08000163   Thumb Code     0  startup_stm32f10x_hd.o(.text)
    TIM7_IRQHandler                          0x08000163   Thumb Code     0  startup_stm32f10x_hd.o(.text)
    TIM8_BRK_IRQHandler                      0x08000163   Thumb Code     0  startup_stm32f10x_hd.o(.text)
    TIM8_CC_IRQHandler                       0x08000163   Thumb Code     0  startup_stm32f10x_hd.o(.text)
    TIM8_TRG_COM_IRQHandler                  0x08000163   Thumb Code     0  startup_stm32f10x_hd.o(.text)
    TIM8_UP_IRQHandler                       0x08000163   Thumb Code     0  startup_stm32f10x_hd.o(.text)
    UART4_IRQHandler                         0x08000163   Thumb Code     0  startup_stm32f10x_hd.o(.text)
    UART5_IRQHandler                         0x08000163   Thumb Code     0  startup_stm32f10x_hd.o(.text)
    USART2_IRQHandler                        0x08000163   Thumb Code     0  startup_stm32f10x_hd.o(.text)
    USART3_IRQHandler                        0x08000163   Thumb Code     0  startup_stm32f10x_hd.o(.text)
    USBWakeUp_IRQHandler                     0x08000163   Thumb Code     0  startup_stm32f10x_hd.o(.text)
    USB_HP_CAN1_TX_IRQHandler                0x08000163   Thumb Code     0  startup_stm32f10x_hd.o(.text)
    USB_LP_CAN1_RX0_IRQHandler               0x08000163   Thumb Code     0  startup_stm32f10x_hd.o(.text)
    WWDG_IRQHandler                          0x08000163   Thumb Code     0  startup_stm32f10x_hd.o(.text)
    rt_hw_interrupt_disable                  0x0800016d   Thumb Code     8  context_rvds.o(.text)
    rt_hw_interrupt_enable                   0x08000175   Thumb Code     6  context_rvds.o(.text)
    rt_hw_context_switch                     0x0800017b   Thumb Code    32  context_rvds.o(.text)
    rt_hw_context_switch_interrupt           0x0800017b   Thumb Code     0  context_rvds.o(.text)
    PendSV_Handler                           0x0800019b   Thumb Code    60  context_rvds.o(.text)
    rt_hw_context_switch_to                  0x080001d7   Thumb Code    58  context_rvds.o(.text)
    rt_hw_interrupt_thread_switch            0x08000211   Thumb Code     2  context_rvds.o(.text)
    HardFault_Handler                        0x08000213   Thumb Code    48  context_rvds.o(.text)
    atoi                                     0x0800025d   Thumb Code    26  atoi.o(.text)
    __aeabi_fadd                             0x08000277   Thumb Code   164  fadd.o(.text)
    __aeabi_fsub                             0x0800031b   Thumb Code     6  fadd.o(.text)
    __aeabi_frsub                            0x08000321   Thumb Code     6  fadd.o(.text)
    __aeabi_fmul                             0x08000327   Thumb Code   100  fmul.o(.text)
    __aeabi_dmul                             0x0800038b   Thumb Code   228  dmul.o(.text)
    __aeabi_i2f                              0x0800046f   Thumb Code    18  fflti.o(.text)
    __aeabi_i2d                              0x08000481   Thumb Code    34  dflti.o(.text)
    __aeabi_f2iz                             0x080004a3   Thumb Code    50  ffixi.o(.text)
    __aeabi_f2d                              0x080004d5   Thumb Code    38  f2d.o(.text)
    __aeabi_cdcmpeq                          0x080004fd   Thumb Code     0  cdcmple.o(.text)
    __aeabi_cdcmple                          0x080004fd   Thumb Code    48  cdcmple.o(.text)
    __aeabi_cdrcmple                         0x0800052d   Thumb Code    48  cdrcmple.o(.text)
    __aeabi_d2f                              0x0800055d   Thumb Code    56  d2f.o(.text)
    strtol                                   0x08000595   Thumb Code   112  strtol.o(.text)
    __I$use$fp                               0x08000605   Thumb Code     0  iusefp.o(.text)
    _float_round                             0x08000605   Thumb Code    18  fepilogue.o(.text)
    _float_epilogue                          0x08000617   Thumb Code    92  fepilogue.o(.text)
    _double_round                            0x08000673   Thumb Code    30  depilogue.o(.text)
    _double_epilogue                         0x08000691   Thumb Code   156  depilogue.o(.text)
    __scatterload                            0x0800072d   Thumb Code    28  init.o(.text)
    __scatterload_rt2                        0x0800072d   Thumb Code     0  init.o(.text)
    __aeabi_llsl                             0x08000751   Thumb Code    30  llshl.o(.text)
    _ll_shift_l                              0x08000751   Thumb Code     0  llshl.o(.text)
    __aeabi_llsr                             0x0800076f   Thumb Code    32  llushr.o(.text)
    _ll_ushift_r                             0x0800076f   Thumb Code     0  llushr.o(.text)
    __rt_ctype_table                         0x08000791   Thumb Code     4  ctype_o.o(.text)
    _strtoul                                 0x08000799   Thumb Code   158  _strtoul.o(.text)
    _chval                                   0x08000837   Thumb Code    28  _chval.o(.text)
    __decompress                             0x08000853   Thumb Code     0  __dczerorl2.o(.text)
    __decompress1                            0x08000853   Thumb Code    86  __dczerorl2.o(.text)
    main                                     0x080008a9   Thumb Code    14  components.o(i.$Sub$$main)
    BusFault_Handler                         0x080008b7   Thumb Code     4  stm32f10x_it.o(i.BusFault_Handler)
    CAN1_RX1_IRQHandler                      0x080008bd   Thumb Code    28  stm32f10x_it.o(i.CAN1_RX1_IRQHandler)
    CAN_ClearFlag                            0x080008e5   Thumb Code    52  stm32f10x_can.o(i.CAN_ClearFlag)
    CAN_DeInit                               0x0800091d   Thumb Code    50  stm32f10x_can.o(i.CAN_DeInit)
    CAN_FilterInit                           0x08000955   Thumb Code   258  stm32f10x_can.o(i.CAN_FilterInit)
    CAN_ITConfig                             0x08000a5d   Thumb Code    18  stm32f10x_can.o(i.CAN_ITConfig)
    CAN_Init                                 0x08000a6f   Thumb Code   276  stm32f10x_can.o(i.CAN_Init)
    CAN_Receive                              0x08000b83   Thumb Code   240  stm32f10x_can.o(i.CAN_Receive)
    CAN_StructInit                           0x08000c73   Thumb Code    32  stm32f10x_can.o(i.CAN_StructInit)
    Can_Init                                 0x08000c95   Thumb Code   262  can.o(i.Can_Init)
    DebugMon_Handler                         0x08000da9   Thumb Code     2  stm32f10x_it.o(i.DebugMon_Handler)
    Encoder_Init                             0x08000dad   Thumb Code   148  encoder.o(i.Encoder_Init)
    GPIO_Init                                0x08000e49   Thumb Code   278  stm32f10x_gpio.o(i.GPIO_Init)
    GPIO_PinRemapConfig                      0x08000f61   Thumb Code   138  stm32f10x_gpio.o(i.GPIO_PinRemapConfig)
    MOTOR_GPIO_Init                          0x08000ff1   Thumb Code    98  motor_ctrl.o(i.MOTOR_GPIO_Init)
    MOTOR_PWM_Init                           0x0800105d   Thumb Code   318  motor_ctrl.o(i.MOTOR_PWM_Init)
    MemManage_Handler                        0x080011ad   Thumb Code     4  stm32f10x_it.o(i.MemManage_Handler)
    NMI_Handler                              0x080011b1   Thumb Code     2  stm32f10x_it.o(i.NMI_Handler)
    NVIC_Init                                0x080011b5   Thumb Code   100  misc.o(i.NVIC_Init)
    NVIC_PriorityGroupConfig                 0x08001225   Thumb Code    10  misc.o(i.NVIC_PriorityGroupConfig)
    RCC_APB1PeriphClockCmd                   0x08001239   Thumb Code    26  stm32f10x_rcc.o(i.RCC_APB1PeriphClockCmd)
    RCC_APB1PeriphResetCmd                   0x08001259   Thumb Code    26  stm32f10x_rcc.o(i.RCC_APB1PeriphResetCmd)
    RCC_APB2PeriphClockCmd                   0x08001279   Thumb Code    26  stm32f10x_rcc.o(i.RCC_APB2PeriphClockCmd)
    RCC_GetClocksFreq                        0x08001299   Thumb Code   192  stm32f10x_rcc.o(i.RCC_GetClocksFreq)
    SVC_Handler                              0x0800136d   Thumb Code     2  stm32f10x_it.o(i.SVC_Handler)
    SysTick_Handler                          0x08001459   Thumb Code    16  board.o(i.SysTick_Handler)
    SystemInit                               0x08001469   Thumb Code    78  system_stm32f10x.o(i.SystemInit)
    TIM1_UP_IRQHandler                       0x080014c9   Thumb Code    90  stm32f10x_it.o(i.TIM1_UP_IRQHandler)
    TIM2_IRQHandler                          0x0800153d   Thumb Code    24  stm32f10x_it.o(i.TIM2_IRQHandler)
    TIM3_IRQHandler                          0x08001555   Thumb Code    18  stm32f10x_it.o(i.TIM3_IRQHandler)
    TIM_ARRPreloadConfig                     0x0800156d   Thumb Code    24  stm32f10x_tim.o(i.TIM_ARRPreloadConfig)
    TIM_ClearFlag                            0x08001585   Thumb Code     6  stm32f10x_tim.o(i.TIM_ClearFlag)
    TIM_Cmd                                  0x0800158b   Thumb Code    24  stm32f10x_tim.o(i.TIM_Cmd)
    TIM_CtrlPWMOutputs                       0x080015a3   Thumb Code    30  stm32f10x_tim.o(i.TIM_CtrlPWMOutputs)
    TIM_EncoderInterfaceConfig               0x080015c1   Thumb Code    66  stm32f10x_tim.o(i.TIM_EncoderInterfaceConfig)
    TIM_ITConfig                             0x08001603   Thumb Code    18  stm32f10x_tim.o(i.TIM_ITConfig)
    TIM_OC1Init                              0x08001615   Thumb Code   132  stm32f10x_tim.o(i.TIM_OC1Init)
    TIM_OC1PreloadConfig                     0x080016ad   Thumb Code    18  stm32f10x_tim.o(i.TIM_OC1PreloadConfig)
    TIM_OC4Init                              0x080016c1   Thumb Code   114  stm32f10x_tim.o(i.TIM_OC4Init)
    TIM_OC4PreloadConfig                     0x0800173d   Thumb Code    26  stm32f10x_tim.o(i.TIM_OC4PreloadConfig)
    TIM_SetCounter                           0x08001757   Thumb Code     4  stm32f10x_tim.o(i.TIM_SetCounter)
    TIM_TimeBaseInit                         0x0800175d   Thumb Code   122  stm32f10x_tim.o(i.TIM_TimeBaseInit)
    USART1_IRQHandler                        0x08001801   Thumb Code    18  stm32f10x_it.o(i.USART1_IRQHandler)
    USART1_Init                              0x08001819   Thumb Code   162  usart1.o(i.USART1_Init)
    USART_Cmd                                0x080018c5   Thumb Code    24  stm32f10x_usart.o(i.USART_Cmd)
    USART_ITConfig                           0x080018dd   Thumb Code    74  stm32f10x_usart.o(i.USART_ITConfig)
    USART_Init                               0x08001929   Thumb Code   210  stm32f10x_usart.o(i.USART_Init)
    UsageFault_Handler                       0x08001a01   Thumb Code     4  stm32f10x_it.o(i.UsageFault_Handler)
    __aeabi_errno_addr                       0x08001a05   Thumb Code     4  errno.o(i.__aeabi_errno_addr)
    __rt_errno_addr                          0x08001a05   Thumb Code     0  errno.o(i.__aeabi_errno_addr)
    __rt_ffs                                 0x08001a0d   Thumb Code    70  kservice.o(i.__rt_ffs)
    __scatterload_copy                       0x08001a59   Thumb Code    14  handlers.o(i.__scatterload_copy)
    __scatterload_null                       0x08001a67   Thumb Code     2  handlers.o(i.__scatterload_null)
    __scatterload_zeroinit                   0x08001a69   Thumb Code    14  handlers.o(i.__scatterload_zeroinit)
    can_recv_to_ctrl                         0x08001b81   Thumb Code    92  can.o(i.can_recv_to_ctrl)
    left_wheel_ctrl                          0x08001bf9   Thumb Code    96  motor_ctrl.o(i.left_wheel_ctrl)
    $Super$$main                             0x08001c65   Thumb Code   200  main.o(i.main)
    main_thread_entry                        0x08001da1   Thumb Code    14  components.o(i.main_thread_entry)
    right_wheel_ctrl                         0x08001fb5   Thumb Code    74  motor_ctrl.o(i.right_wheel_ctrl)
    rt_application_init                      0x08002009   Thumb Code    32  components.o(i.rt_application_init)
    rt_components_board_init                 0x08002035   Thumb Code    20  components.o(i.rt_components_board_init)
    rt_components_init                       0x08002051   Thumb Code    20  components.o(i.rt_components_init)
    rt_enter_critical                        0x0800206d   Thumb Code    28  scheduler.o(i.rt_enter_critical)
    rt_exit_critical                         0x0800208d   Thumb Code    54  scheduler.o(i.rt_exit_critical)
    rt_free                                  0x080020c9   Thumb Code   128  mem.o(i.rt_free)
    rt_heap_begin_get                        0x080021a9   Thumb Code     4  board.o(i.rt_heap_begin_get)
    rt_heap_end_get                          0x080021b1   Thumb Code     4  board.o(i.rt_heap_end_get)
    rt_hw_board_init                         0x080021b9   Thumb Code   134  board.o(i.rt_hw_board_init)
    rt_hw_console_output                     0x0800224d   Thumb Code     2  kservice.o(i.rt_hw_console_output)
    rt_hw_hard_fault_exception               0x08002251   Thumb Code   190  cpuport.o(i.rt_hw_hard_fault_exception)
    rt_hw_stack_init                         0x08002451   Thumb Code    70  cpuport.o(i.rt_hw_stack_init)
    rt_interrupt_enter                       0x0800249d   Thumb Code    26  irq.o(i.rt_interrupt_enter)
    rt_interrupt_leave                       0x080024bd   Thumb Code    26  irq.o(i.rt_interrupt_leave)
    rt_kprintf                               0x080025a1   Thumb Code    44  kservice.o(i.rt_kprintf)
    rt_malloc                                0x08002661   Thumb Code   336  mem.o(i.rt_malloc)
    rt_memset                                0x080027cd   Thumb Code    72  kservice.o(i.rt_memset)
    rt_mq_create                             0x08002815   Thumb Code   128  ipc.o(i.rt_mq_create)
    rt_mq_delete                             0x08002895   Thumb Code    28  ipc.o(i.rt_mq_delete)
    rt_object_allocate                       0x080028b1   Thumb Code    74  object.o(i.rt_object_allocate)
    rt_object_delete                         0x080028fb   Thumb Code    32  object.o(i.rt_object_delete)
    rt_object_detach                         0x0800291b   Thumb Code    26  object.o(i.rt_object_detach)
    rt_object_get_information                0x08002935   Thumb Code    36  object.o(i.rt_object_get_information)
    rt_object_init                           0x0800295d   Thumb Code    60  object.o(i.rt_object_init)
    rt_object_is_systemobject                0x08002999   Thumb Code    18  object.o(i.rt_object_is_systemobject)
    rt_schedule                              0x080029ad   Thumb Code   118  scheduler.o(i.rt_schedule)
    rt_schedule_insert_thread                0x08002a3d   Thumb Code    72  scheduler.o(i.rt_schedule_insert_thread)
    rt_schedule_remove_thread                0x08002a8d   Thumb Code    76  scheduler.o(i.rt_schedule_remove_thread)
    rt_sem_create                            0x08002ae1   Thumb Code    42  ipc.o(i.rt_sem_create)
    rt_sem_init                              0x08002b0b   Thumb Code    38  ipc.o(i.rt_sem_init)
    rt_sem_release                           0x08002b31   Thumb Code    58  ipc.o(i.rt_sem_release)
    rt_sem_take                              0x08002b6b   Thumb Code   116  ipc.o(i.rt_sem_take)
    rt_show_version                          0x08002be1   Thumb Code    38  kservice.o(i.rt_show_version)
    rt_strlen                                0x08002c91   Thumb Code    18  kservice.o(i.rt_strlen)
    rt_strncpy                               0x08002ca3   Thumb Code    52  kservice.o(i.rt_strncpy)
    rt_system_heap_init                      0x08002cd9   Thumb Code   160  mem.o(i.rt_system_heap_init)
    rt_system_scheduler_init                 0x08002dd1   Thumb Code    52  scheduler.o(i.rt_system_scheduler_init)
    rt_system_scheduler_start                0x08002e1d   Thumb Code    36  scheduler.o(i.rt_system_scheduler_start)
    rt_system_timer_init                     0x08002e4d   Thumb Code    24  timer.o(i.rt_system_timer_init)
    rt_system_timer_thread_init              0x08002e69   Thumb Code     2  timer.o(i.rt_system_timer_thread_init)
    rt_thread_create                         0x08002e6b   Thumb Code    80  thread.o(i.rt_thread_create)
    rt_thread_delay                          0x08002ebb   Thumb Code    12  thread.o(i.rt_thread_delay)
    rt_thread_exit                           0x08002ec9   Thumb Code    76  thread.o(i.rt_thread_exit)
    rt_thread_idle_excute                    0x08002f25   Thumb Code   128  idle.o(i.rt_thread_idle_excute)
    rt_thread_idle_init                      0x08002fa9   Thumb Code    38  idle.o(i.rt_thread_idle_init)
    rt_thread_init                           0x08002fe5   Thumb Code    52  thread.o(i.rt_thread_init)
    rt_thread_resume                         0x08003019   Thumb Code    60  thread.o(i.rt_thread_resume)
    rt_thread_self                           0x08003055   Thumb Code     6  thread.o(i.rt_thread_self)
    rt_thread_sleep                          0x08003061   Thumb Code    62  thread.o(i.rt_thread_sleep)
    rt_thread_startup                        0x080030a5   Thumb Code    44  thread.o(i.rt_thread_startup)
    rt_thread_suspend                        0x080030d1   Thumb Code    68  thread.o(i.rt_thread_suspend)
    rt_thread_timeout                        0x08003115   Thumb Code    32  thread.o(i.rt_thread_timeout)
    rt_thread_yield                          0x08003135   Thumb Code    92  thread.o(i.rt_thread_yield)
    rt_tick_get                              0x08003199   Thumb Code     6  clock.o(i.rt_tick_get)
    rt_tick_increase                         0x080031a5   Thumb Code    42  clock.o(i.rt_tick_increase)
    rt_timer_check                           0x080031d5   Thumb Code   118  timer.o(i.rt_timer_check)
    rt_timer_control                         0x08003251   Thumb Code    56  timer.o(i.rt_timer_control)
    rt_timer_detach                          0x08003289   Thumb Code    32  timer.o(i.rt_timer_detach)
    rt_timer_init                            0x080032a9   Thumb Code    46  timer.o(i.rt_timer_init)
    rt_timer_start                           0x080032d9   Thumb Code   238  timer.o(i.rt_timer_start)
    rt_timer_stop                            0x080033d1   Thumb Code    48  timer.o(i.rt_timer_stop)
    rt_vsnprintf                             0x08003401   Thumb Code   800  kservice.o(i.rt_vsnprintf)
    rtthread_startup                         0x08003739   Thumb Code    42  components.o(i.rtthread_startup)
    setAngle                                 0x08003765   Thumb Code    26  motor_ctrl.o(i.setAngle)
    wheel_ctrl_task                          0x080037b5   Thumb Code   598  motor_ctrl.o(i.wheel_ctrl_task)
    __lowest_bit_bitmap                      0x08003a38   Data         256  kservice.o(.constdata)
    __ctype_table                            0x08003b5a   Data         129  ctype_o.o(.constdata)
    __rt_init_rti_start                      0x08003be0   Data           4  components.o(.rti_fn.0)
    __rt_init_rti_board_start                0x08003be4   Data           4  components.o(.rti_fn.0.end)
    __rt_init_rti_board_end                  0x08003be8   Data           4  components.o(.rti_fn.1.end)
    __rt_init_rti_end                        0x08003bec   Data           4  components.o(.rti_fn.6.end)
    Region$$Table$$Base                      0x08003bf0   Number         0  anon$$obj.o(Region$$Table)
    Region$$Table$$Limit                     0x08003c10   Number         0  anon$$obj.o(Region$$Table)
    SystemCoreClock                          0x20000000   Data           4  system_stm32f10x.o(.data)
    AHBPrescTable                            0x20000004   Data          16  system_stm32f10x.o(.data)
    wheel_flag_sem                           0x2000002c   Data           4  main.o(.data)
    can_recv_sem                             0x20000030   Data           4  main.o(.data)
    angle_sem                                0x20000034   Data           4  main.o(.data)
    speed_mq                                 0x20000038   Data           4  main.o(.data)
    wheel_task                               0x2000003c   Data           4  main.o(.data)
    setAngle_task                            0x20000040   Data           4  main.o(.data)
    can_recv_task                            0x20000044   Data           4  main.o(.data)
    r_pid_val                                0x20000048   Data          24  motor_ctrl.o(.data)
    l_pid_val                                0x20000060   Data          24  motor_ctrl.o(.data)
    expect_speed                             0x20000078   Data           2  motor_ctrl.o(.data)
    angle                                    0x2000007a   Data           2  motor_ctrl.o(.data)
    L_Pulse                                  0x2000007c   Data           2  encoder.o(.data)
    R_Pulse                                  0x2000007e   Data           2  encoder.o(.data)
    rt_interrupt_nest                        0x20000084   Data           1  irq.o(.data)
    rt_current_thread                        0x20000114   Data           4  scheduler.o(.data)
    rt_current_priority                      0x20000118   Data           1  scheduler.o(.data)
    rt_thread_ready_priority_group           0x2000011c   Data           4  scheduler.o(.data)
    rt_thread_defunct                        0x20000120   Data           8  scheduler.o(.data)
    rt_interrupt_from_thread                 0x20000134   Data           4  cpuport.o(.data)
    rt_interrupt_to_thread                   0x20000138   Data           4  cpuport.o(.data)
    rt_thread_switch_interrupt_flag          0x2000013c   Data           4  cpuport.o(.data)
    recv_data                                0x20000148   Data          20  can.o(.bss)
    rt_thread_priority_table                 0x2000437c   Data          64  scheduler.o(.bss)
    __initial_sp                             0x200047c0   Data           0  startup_stm32f10x_hd.o(STACK)



==============================================================================

Memory Map of the image

  Image Entry point : 0x08000131

  Load Region LR_IROM1 (Base: 0x08000000, Size: 0x00003d58, Max: 0x00010000, ABSOLUTE, COMPRESSED[0x00003c74])

    Execution Region ER_IROM1 (Exec base: 0x08000000, Load base: 0x08000000, Size: 0x00003c10, Max: 0x00010000, ABSOLUTE)

    Exec Addr    Load Addr    Size         Type   Attr      Idx    E Section Name        Object

    0x08000000   0x08000000   0x00000130   Data   RO           93    RESET               startup_stm32f10x_hd.o
    0x08000130   0x08000130   0x00000000   Code   RO         2988  * .ARM.Collect$$$$00000000  mc_w.l(entry.o)
    0x08000130   0x08000130   0x00000004   Code   RO         3013    .ARM.Collect$$$$00000001  mc_w.l(entry2.o)
    0x08000134   0x08000134   0x00000004   Code   RO         3016    .ARM.Collect$$$$00000004  mc_w.l(entry5.o)
    0x08000138   0x08000138   0x00000000   Code   RO         3018    .ARM.Collect$$$$00000008  mc_w.l(entry7b.o)
    0x08000138   0x08000138   0x00000000   Code   RO         3020    .ARM.Collect$$$$0000000A  mc_w.l(entry8b.o)
    0x08000138   0x08000138   0x00000008   Code   RO         3021    .ARM.Collect$$$$0000000B  mc_w.l(entry9a.o)
    0x08000140   0x08000140   0x00000004   Code   RO         3028    .ARM.Collect$$$$0000000E  mc_w.l(entry12b.o)
    0x08000144   0x08000144   0x00000000   Code   RO         3023    .ARM.Collect$$$$0000000F  mc_w.l(entry10a.o)
    0x08000144   0x08000144   0x00000000   Code   RO         3025    .ARM.Collect$$$$00000011  mc_w.l(entry11a.o)
    0x08000144   0x08000144   0x00000004   Code   RO         3014    .ARM.Collect$$$$00002712  mc_w.l(entry2.o)
    0x08000148   0x08000148   0x00000024   Code   RO           94    .text               startup_stm32f10x_hd.o
    0x0800016c   0x0800016c   0x000000f0   Code   RO         2984    .text               context_rvds.o
    0x0800025c   0x0800025c   0x0000001a   Code   RO         2991    .text               mc_w.l(atoi.o)
    0x08000276   0x08000276   0x000000b0   Code   RO         2993    .text               mf_w.l(fadd.o)
    0x08000326   0x08000326   0x00000064   Code   RO         2995    .text               mf_w.l(fmul.o)
    0x0800038a   0x0800038a   0x000000e4   Code   RO         2997    .text               mf_w.l(dmul.o)
    0x0800046e   0x0800046e   0x00000012   Code   RO         2999    .text               mf_w.l(fflti.o)
    0x08000480   0x08000480   0x00000022   Code   RO         3001    .text               mf_w.l(dflti.o)
    0x080004a2   0x080004a2   0x00000032   Code   RO         3003    .text               mf_w.l(ffixi.o)
    0x080004d4   0x080004d4   0x00000026   Code   RO         3005    .text               mf_w.l(f2d.o)
    0x080004fa   0x080004fa   0x00000002   PAD
    0x080004fc   0x080004fc   0x00000030   Code   RO         3007    .text               mf_w.l(cdcmple.o)
    0x0800052c   0x0800052c   0x00000030   Code   RO         3009    .text               mf_w.l(cdrcmple.o)
    0x0800055c   0x0800055c   0x00000038   Code   RO         3011    .text               mf_w.l(d2f.o)
    0x08000594   0x08000594   0x00000070   Code   RO         3036    .text               mc_w.l(strtol.o)
    0x08000604   0x08000604   0x00000000   Code   RO         3038    .text               mc_w.l(iusefp.o)
    0x08000604   0x08000604   0x0000006e   Code   RO         3039    .text               mf_w.l(fepilogue.o)
    0x08000672   0x08000672   0x000000ba   Code   RO         3041    .text               mf_w.l(depilogue.o)
    0x0800072c   0x0800072c   0x00000024   Code   RO         3043    .text               mc_w.l(init.o)
    0x08000750   0x08000750   0x0000001e   Code   RO         3045    .text               mc_w.l(llshl.o)
    0x0800076e   0x0800076e   0x00000020   Code   RO         3047    .text               mc_w.l(llushr.o)
    0x0800078e   0x0800078e   0x00000002   PAD
    0x08000790   0x08000790   0x00000008   Code   RO         3049    .text               mc_w.l(ctype_o.o)
    0x08000798   0x08000798   0x0000009e   Code   RO         3077    .text               mc_w.l(_strtoul.o)
    0x08000836   0x08000836   0x0000001c   Code   RO         3079    .text               mc_w.l(_chval.o)
    0x08000852   0x08000852   0x00000056   Code   RO         3089    .text               mc_w.l(__dczerorl2.o)
    0x080008a8   0x080008a8   0x0000000e   Code   RO         1926    i.$Sub$$main        components.o
    0x080008b6   0x080008b6   0x00000004   Code   RO         1405    i.BusFault_Handler  stm32f10x_it.o
    0x080008ba   0x080008ba   0x00000002   PAD
    0x080008bc   0x080008bc   0x00000028   Code   RO         1406    i.CAN1_RX1_IRQHandler  stm32f10x_it.o
    0x080008e4   0x080008e4   0x00000038   Code   RO         1197    i.CAN_ClearFlag     stm32f10x_can.o
    0x0800091c   0x0800091c   0x00000038   Code   RO         1200    i.CAN_DeInit        stm32f10x_can.o
    0x08000954   0x08000954   0x00000108   Code   RO         1202    i.CAN_FilterInit    stm32f10x_can.o
    0x08000a5c   0x08000a5c   0x00000012   Code   RO         1208    i.CAN_ITConfig      stm32f10x_can.o
    0x08000a6e   0x08000a6e   0x00000114   Code   RO         1209    i.CAN_Init          stm32f10x_can.o
    0x08000b82   0x08000b82   0x000000f0   Code   RO         1212    i.CAN_Receive       stm32f10x_can.o
    0x08000c72   0x08000c72   0x00000020   Code   RO         1215    i.CAN_StructInit    stm32f10x_can.o
    0x08000c92   0x08000c92   0x00000002   PAD
    0x08000c94   0x08000c94   0x00000114   Code   RO         1789    i.Can_Init          can.o
    0x08000da8   0x08000da8   0x00000002   Code   RO         1407    i.DebugMon_Handler  stm32f10x_it.o
    0x08000daa   0x08000daa   0x00000002   PAD
    0x08000dac   0x08000dac   0x0000009c   Code   RO         1682    i.Encoder_Init      encoder.o
    0x08000e48   0x08000e48   0x00000116   Code   RO          104    i.GPIO_Init         stm32f10x_gpio.o
    0x08000f5e   0x08000f5e   0x00000002   PAD
    0x08000f60   0x08000f60   0x00000090   Code   RO          106    i.GPIO_PinRemapConfig  stm32f10x_gpio.o
    0x08000ff0   0x08000ff0   0x0000006c   Code   RO         1590    i.MOTOR_GPIO_Init   motor_ctrl.o
    0x0800105c   0x0800105c   0x00000150   Code   RO         1591    i.MOTOR_PWM_Init    motor_ctrl.o
    0x080011ac   0x080011ac   0x00000004   Code   RO         1408    i.MemManage_Handler  stm32f10x_it.o
    0x080011b0   0x080011b0   0x00000002   Code   RO         1409    i.NMI_Handler       stm32f10x_it.o
    0x080011b2   0x080011b2   0x00000002   PAD
    0x080011b4   0x080011b4   0x00000070   Code   RO         1160    i.NVIC_Init         misc.o
    0x08001224   0x08001224   0x00000014   Code   RO         1161    i.NVIC_PriorityGroupConfig  misc.o
    0x08001238   0x08001238   0x00000020   Code   RO          234    i.RCC_APB1PeriphClockCmd  stm32f10x_rcc.o
    0x08001258   0x08001258   0x00000020   Code   RO          235    i.RCC_APB1PeriphResetCmd  stm32f10x_rcc.o
    0x08001278   0x08001278   0x00000020   Code   RO          236    i.RCC_APB2PeriphClockCmd  stm32f10x_rcc.o
    0x08001298   0x08001298   0x000000d4   Code   RO          244    i.RCC_GetClocksFreq  stm32f10x_rcc.o
    0x0800136c   0x0800136c   0x00000002   Code   RO         1410    i.SVC_Handler       stm32f10x_it.o
    0x0800136e   0x0800136e   0x00000008   Code   RO           17    i.SetSysClock       system_stm32f10x.o
    0x08001376   0x08001376   0x00000002   PAD
    0x08001378   0x08001378   0x000000e0   Code   RO           18    i.SetSysClockTo72   system_stm32f10x.o
    0x08001458   0x08001458   0x00000010   Code   RO         1818    i.SysTick_Handler   board.o
    0x08001468   0x08001468   0x00000060   Code   RO           20    i.SystemInit        system_stm32f10x.o
    0x080014c8   0x080014c8   0x00000074   Code   RO         1411    i.TIM1_UP_IRQHandler  stm32f10x_it.o
    0x0800153c   0x0800153c   0x00000018   Code   RO         1412    i.TIM2_IRQHandler   stm32f10x_it.o
    0x08001554   0x08001554   0x00000018   Code   RO         1413    i.TIM3_IRQHandler   stm32f10x_it.o
    0x0800156c   0x0800156c   0x00000018   Code   RO          436    i.TIM_ARRPreloadConfig  stm32f10x_tim.o
    0x08001584   0x08001584   0x00000006   Code   RO          442    i.TIM_ClearFlag     stm32f10x_tim.o
    0x0800158a   0x0800158a   0x00000018   Code   RO          448    i.TIM_Cmd           stm32f10x_tim.o
    0x080015a2   0x080015a2   0x0000001e   Code   RO          450    i.TIM_CtrlPWMOutputs  stm32f10x_tim.o
    0x080015c0   0x080015c0   0x00000042   Code   RO          457    i.TIM_EncoderInterfaceConfig  stm32f10x_tim.o
    0x08001602   0x08001602   0x00000012   Code   RO          473    i.TIM_ITConfig      stm32f10x_tim.o
    0x08001614   0x08001614   0x00000098   Code   RO          477    i.TIM_OC1Init       stm32f10x_tim.o
    0x080016ac   0x080016ac   0x00000012   Code   RO          480    i.TIM_OC1PreloadConfig  stm32f10x_tim.o
    0x080016be   0x080016be   0x00000002   PAD
    0x080016c0   0x080016c0   0x0000007c   Code   RO          492    i.TIM_OC4Init       stm32f10x_tim.o
    0x0800173c   0x0800173c   0x0000001a   Code   RO          494    i.TIM_OC4PreloadConfig  stm32f10x_tim.o
    0x08001756   0x08001756   0x00000004   Code   RO          513    i.TIM_SetCounter    stm32f10x_tim.o
    0x0800175a   0x0800175a   0x00000002   PAD
    0x0800175c   0x0800175c   0x000000a4   Code   RO          519    i.TIM_TimeBaseInit  stm32f10x_tim.o
    0x08001800   0x08001800   0x00000018   Code   RO         1414    i.USART1_IRQHandler  stm32f10x_it.o
    0x08001818   0x08001818   0x000000ac   Code   RO         1660    i.USART1_Init       usart1.o
    0x080018c4   0x080018c4   0x00000018   Code   RO          984    i.USART_Cmd         stm32f10x_usart.o
    0x080018dc   0x080018dc   0x0000004a   Code   RO          990    i.USART_ITConfig    stm32f10x_usart.o
    0x08001926   0x08001926   0x00000002   PAD
    0x08001928   0x08001928   0x000000d8   Code   RO          991    i.USART_Init        stm32f10x_usart.o
    0x08001a00   0x08001a00   0x00000004   Code   RO         1415    i.UsageFault_Handler  stm32f10x_it.o
    0x08001a04   0x08001a04   0x00000008   Code   RO         3029    i.__aeabi_errno_addr  mc_w.l(errno.o)
    0x08001a0c   0x08001a0c   0x0000004c   Code   RO         2339    i.__rt_ffs          kservice.o
    0x08001a58   0x08001a58   0x0000000e   Code   RO         3083    i.__scatterload_copy  mc_w.l(handlers.o)
    0x08001a66   0x08001a66   0x00000002   Code   RO         3084    i.__scatterload_null  mc_w.l(handlers.o)
    0x08001a68   0x08001a68   0x0000000e   Code   RO         3085    i.__scatterload_zeroinit  mc_w.l(handlers.o)
    0x08001a76   0x08001a76   0x00000002   PAD
    0x08001a78   0x08001a78   0x00000014   Code   RO         2000    i._has_defunct_thread  idle.o
    0x08001a8c   0x08001a8c   0x00000084   Code   RO         2729    i._rt_thread_init   thread.o
    0x08001b10   0x08001b10   0x00000042   Code   RO         2844    i._rt_timer_init    timer.o
    0x08001b52   0x08001b52   0x0000002e   Code   RO         2845    i._rt_timer_remove  timer.o
    0x08001b80   0x08001b80   0x00000078   Code   RO         1790    i.can_recv_to_ctrl  can.o
    0x08001bf8   0x08001bf8   0x0000006c   Code   RO         1592    i.left_wheel_ctrl   motor_ctrl.o
    0x08001c64   0x08001c64   0x0000013c   Code   RO         1548    i.main              main.o
    0x08001da0   0x08001da0   0x0000000e   Code   RO         1927    i.main_thread_entry  components.o
    0x08001dae   0x08001dae   0x00000002   PAD
    0x08001db0   0x08001db0   0x00000078   Code   RO         2516    i.plug_holes        mem.o
    0x08001e28   0x08001e28   0x0000018c   Code   RO         2341    i.print_number      kservice.o
    0x08001fb4   0x08001fb4   0x00000054   Code   RO         1593    i.right_wheel_ctrl  motor_ctrl.o
    0x08002008   0x08002008   0x0000002c   Code   RO         1928    i.rt_application_init  components.o
    0x08002034   0x08002034   0x0000001c   Code   RO         1929    i.rt_components_board_init  components.o
    0x08002050   0x08002050   0x0000001c   Code   RO         1930    i.rt_components_init  components.o
    0x0800206c   0x0800206c   0x00000020   Code   RO         2648    i.rt_enter_critical  scheduler.o
    0x0800208c   0x0800208c   0x0000003c   Code   RO         2649    i.rt_exit_critical  scheduler.o
    0x080020c8   0x080020c8   0x000000e0   Code   RO         2518    i.rt_free           mem.o
    0x080021a8   0x080021a8   0x00000008   Code   RO         1819    i.rt_heap_begin_get  board.o
    0x080021b0   0x080021b0   0x00000008   Code   RO         1820    i.rt_heap_end_get   board.o
    0x080021b8   0x080021b8   0x00000094   Code   RO         1821    i.rt_hw_board_init  board.o
    0x0800224c   0x0800224c   0x00000002   Code   RO         2344    i.rt_hw_console_output  kservice.o
    0x0800224e   0x0800224e   0x00000002   PAD
    0x08002250   0x08002250   0x00000200   Code   RO         2953    i.rt_hw_hard_fault_exception  cpuport.o
    0x08002450   0x08002450   0x0000004c   Code   RO         2954    i.rt_hw_stack_init  cpuport.o
    0x0800249c   0x0800249c   0x00000020   Code   RO         2312    i.rt_interrupt_enter  irq.o
    0x080024bc   0x080024bc   0x00000020   Code   RO         2314    i.rt_interrupt_leave  irq.o
    0x080024dc   0x080024dc   0x00000014   Code   RO         2047    i.rt_ipc_list_resume  ipc.o
    0x080024f0   0x080024f0   0x00000032   Code   RO         2048    i.rt_ipc_list_resume_all  ipc.o
    0x08002522   0x08002522   0x0000006c   Code   RO         2049    i.rt_ipc_list_suspend  ipc.o
    0x0800258e   0x0800258e   0x00000010   Code   RO         2050    i.rt_ipc_object_init  ipc.o
    0x0800259e   0x0800259e   0x00000002   PAD
    0x080025a0   0x080025a0   0x00000030   Code   RO         2345    i.rt_kprintf        kservice.o
    0x080025d0   0x080025d0   0x00000006   Code   RO         2051    i.rt_list_init      ipc.o
    0x080025d6   0x080025d6   0x00000006   Code   RO         2650    i.rt_list_init      scheduler.o
    0x080025dc   0x080025dc   0x00000006   Code   RO         2846    i.rt_list_init      timer.o
    0x080025e2   0x080025e2   0x0000000e   Code   RO         2578    i.rt_list_insert_after  object.o
    0x080025f0   0x080025f0   0x0000000e   Code   RO         2730    i.rt_list_insert_after  thread.o
    0x080025fe   0x080025fe   0x0000000e   Code   RO         2847    i.rt_list_insert_after  timer.o
    0x0800260c   0x0800260c   0x0000000e   Code   RO         2052    i.rt_list_insert_before  ipc.o
    0x0800261a   0x0800261a   0x00000010   Code   RO         2053    i.rt_list_isempty   ipc.o
    0x0800262a   0x0800262a   0x00000010   Code   RO         2848    i.rt_list_isempty   timer.o
    0x0800263a   0x0800263a   0x00000012   Code   RO         2579    i.rt_list_remove    object.o
    0x0800264c   0x0800264c   0x00000012   Code   RO         2731    i.rt_list_remove    thread.o
    0x0800265e   0x0800265e   0x00000002   PAD
    0x08002660   0x08002660   0x0000016c   Code   RO         2519    i.rt_malloc         mem.o
    0x080027cc   0x080027cc   0x00000048   Code   RO         2351    i.rt_memset         kservice.o
    0x08002814   0x08002814   0x00000080   Code   RO         2063    i.rt_mq_create      ipc.o
    0x08002894   0x08002894   0x0000001c   Code   RO         2064    i.rt_mq_delete      ipc.o
    0x080028b0   0x080028b0   0x0000004a   Code   RO         2580    i.rt_object_allocate  object.o
    0x080028fa   0x080028fa   0x00000020   Code   RO         2581    i.rt_object_delete  object.o
    0x0800291a   0x0800291a   0x0000001a   Code   RO         2582    i.rt_object_detach  object.o
    0x08002934   0x08002934   0x00000028   Code   RO         2584    i.rt_object_get_information  object.o
    0x0800295c   0x0800295c   0x0000003c   Code   RO         2585    i.rt_object_init    object.o
    0x08002998   0x08002998   0x00000012   Code   RO         2586    i.rt_object_is_systemobject  object.o
    0x080029aa   0x080029aa   0x00000002   PAD
    0x080029ac   0x080029ac   0x00000090   Code   RO         2651    i.rt_schedule       scheduler.o
    0x08002a3c   0x08002a3c   0x00000050   Code   RO         2652    i.rt_schedule_insert_thread  scheduler.o
    0x08002a8c   0x08002a8c   0x00000054   Code   RO         2653    i.rt_schedule_remove_thread  scheduler.o
    0x08002ae0   0x08002ae0   0x0000002a   Code   RO         2078    i.rt_sem_create     ipc.o
    0x08002b0a   0x08002b0a   0x00000026   Code   RO         2081    i.rt_sem_init       ipc.o
    0x08002b30   0x08002b30   0x0000003a   Code   RO         2082    i.rt_sem_release    ipc.o
    0x08002b6a   0x08002b6a   0x00000074   Code   RO         2083    i.rt_sem_take       ipc.o
    0x08002bde   0x08002bde   0x00000002   PAD
    0x08002be0   0x08002be0   0x000000b0   Code   RO         2353    i.rt_show_version   kservice.o
    0x08002c90   0x08002c90   0x00000012   Code   RO         2359    i.rt_strlen         kservice.o
    0x08002ca2   0x08002ca2   0x00000034   Code   RO         2361    i.rt_strncpy        kservice.o
    0x08002cd6   0x08002cd6   0x00000002   PAD
    0x08002cd8   0x08002cd8   0x000000f8   Code   RO         2522    i.rt_system_heap_init  mem.o
    0x08002dd0   0x08002dd0   0x0000004c   Code   RO         2654    i.rt_system_scheduler_init  scheduler.o
    0x08002e1c   0x08002e1c   0x00000030   Code   RO         2655    i.rt_system_scheduler_start  scheduler.o
    0x08002e4c   0x08002e4c   0x0000001c   Code   RO         2849    i.rt_system_timer_init  timer.o
    0x08002e68   0x08002e68   0x00000002   Code   RO         2850    i.rt_system_timer_thread_init  timer.o
    0x08002e6a   0x08002e6a   0x00000050   Code   RO         2733    i.rt_thread_create  thread.o
    0x08002eba   0x08002eba   0x0000000c   Code   RO         2734    i.rt_thread_delay   thread.o
    0x08002ec6   0x08002ec6   0x00000002   PAD
    0x08002ec8   0x08002ec8   0x00000054   Code   RO         2737    i.rt_thread_exit    thread.o
    0x08002f1c   0x08002f1c   0x00000008   Code   RO         2001    i.rt_thread_idle_entry  idle.o
    0x08002f24   0x08002f24   0x00000084   Code   RO         2002    i.rt_thread_idle_excute  idle.o
    0x08002fa8   0x08002fa8   0x0000003c   Code   RO         2004    i.rt_thread_idle_init  idle.o
    0x08002fe4   0x08002fe4   0x00000034   Code   RO         2739    i.rt_thread_init    thread.o
    0x08003018   0x08003018   0x0000003c   Code   RO         2740    i.rt_thread_resume  thread.o
    0x08003054   0x08003054   0x0000000c   Code   RO         2741    i.rt_thread_self    thread.o
    0x08003060   0x08003060   0x00000044   Code   RO         2742    i.rt_thread_sleep   thread.o
    0x080030a4   0x080030a4   0x0000002c   Code   RO         2743    i.rt_thread_startup  thread.o
    0x080030d0   0x080030d0   0x00000044   Code   RO         2744    i.rt_thread_suspend  thread.o
    0x08003114   0x08003114   0x00000020   Code   RO         2745    i.rt_thread_timeout  thread.o
    0x08003134   0x08003134   0x00000064   Code   RO         2746    i.rt_thread_yield   thread.o
    0x08003198   0x08003198   0x0000000c   Code   RO         1890    i.rt_tick_get       clock.o
    0x080031a4   0x080031a4   0x00000030   Code   RO         1891    i.rt_tick_increase  clock.o
    0x080031d4   0x080031d4   0x0000007c   Code   RO         2851    i.rt_timer_check    timer.o
    0x08003250   0x08003250   0x00000038   Code   RO         2852    i.rt_timer_control  timer.o
    0x08003288   0x08003288   0x00000020   Code   RO         2855    i.rt_timer_detach   timer.o
    0x080032a8   0x080032a8   0x0000002e   Code   RO         2856    i.rt_timer_init     timer.o
    0x080032d6   0x080032d6   0x00000002   PAD
    0x080032d8   0x080032d8   0x000000f8   Code   RO         2859    i.rt_timer_start    timer.o
    0x080033d0   0x080033d0   0x00000030   Code   RO         2860    i.rt_timer_stop     timer.o
    0x08003400   0x08003400   0x00000328   Code   RO         2364    i.rt_vsnprintf      kservice.o
    0x08003728   0x08003728   0x00000004   Code   RO         1931    i.rti_board_end     components.o
    0x0800372c   0x0800372c   0x00000004   Code   RO         1932    i.rti_board_start   components.o
    0x08003730   0x08003730   0x00000004   Code   RO         1933    i.rti_end           components.o
    0x08003734   0x08003734   0x00000004   Code   RO         1934    i.rti_start         components.o
    0x08003738   0x08003738   0x0000002a   Code   RO         1935    i.rtthread_startup  components.o
    0x08003762   0x08003762   0x00000002   PAD
    0x08003764   0x08003764   0x00000028   Code   RO         1594    i.setAngle          motor_ctrl.o
    0x0800378c   0x0800378c   0x00000026   Code   RO         2366    i.skip_atoi         kservice.o
    0x080037b2   0x080037b2   0x00000002   PAD
    0x080037b4   0x080037b4   0x00000284   Code   RO         1596    i.wheel_ctrl_task   motor_ctrl.o
    0x08003a38   0x08003a38   0x00000122   Data   RO         2368    .constdata          kservice.o
    0x08003b5a   0x08003b5a   0x00000081   Data   RO         3050    .constdata          mc_w.l(ctype_o.o)
    0x08003bdb   0x08003bdb   0x00000001   PAD
    0x08003bdc   0x08003bdc   0x00000004   Data   RO         3051    .constdata          mc_w.l(ctype_o.o)
    0x08003be0   0x08003be0   0x00000004   Data   RO         1936    .rti_fn.0           components.o
    0x08003be4   0x08003be4   0x00000004   Data   RO         1937    .rti_fn.0.end       components.o
    0x08003be8   0x08003be8   0x00000004   Data   RO         1938    .rti_fn.1.end       components.o
    0x08003bec   0x08003bec   0x00000004   Data   RO         1939    .rti_fn.6.end       components.o
    0x08003bf0   0x08003bf0   0x00000020   Data   RO         3081    Region$$Table       anon$$obj.o


    Execution Region RW_IRAM1 (Exec base: 0x20000000, Load base: 0x08003c10, Size: 0x000047c0, Max: 0x00005000, ABSOLUTE, COMPRESSED[0x00000064])

    Exec Addr    Load Addr    Size         Type   Attr      Idx    E Section Name        Object

    0x20000000   COMPRESSED   0x00000014   Data   RW           21    .data               system_stm32f10x.o
    0x20000014   COMPRESSED   0x00000014   Data   RW          264    .data               stm32f10x_rcc.o
    0x20000028   COMPRESSED   0x00000001   Data   RW         1416    .data               stm32f10x_it.o
    0x20000029   COMPRESSED   0x00000003   PAD
    0x2000002c   COMPRESSED   0x0000001c   Data   RW         1549    .data               main.o
    0x20000048   COMPRESSED   0x00000034   Data   RW         1597    .data               motor_ctrl.o
    0x2000007c   COMPRESSED   0x00000004   Data   RW         1683    .data               encoder.o
    0x20000080   COMPRESSED   0x00000004   Data   RW         1893    .data               clock.o
    0x20000084   COMPRESSED   0x00000001   Data   RW         2315    .data               irq.o
    0x20000085   COMPRESSED   0x00000003   PAD
    0x20000088   COMPRESSED   0x00000018   Data   RW         2524    .data               mem.o
    0x200000a0   COMPRESSED   0x00000070   Data   RW         2588    .data               object.o
    0x20000110   COMPRESSED   0x00000018   Data   RW         2657    .data               scheduler.o
    0x20000128   COMPRESSED   0x0000000c   Data   RW         2861    .data               timer.o
    0x20000134   COMPRESSED   0x00000010   Data   RW         2955    .data               cpuport.o
    0x20000144   COMPRESSED   0x00000004   Data   RW         3032    .data               mc_w.l(errno.o)
    0x20000148        -       0x00000014   Zero   RW         1791    .bss                can.o
    0x2000015c        -       0x00004000   Zero   RW         1822    .bss                board.o
    0x2000415c        -       0x00000180   Zero   RW         2005    .bss                idle.o
    0x200042dc        -       0x00000080   Zero   RW         2367    .bss                kservice.o
    0x2000435c        -       0x00000020   Zero   RW         2523    .bss                mem.o
    0x2000437c        -       0x00000040   Zero   RW         2656    .bss                scheduler.o
    0x200043bc   COMPRESSED   0x00000004   PAD
    0x200043c0        -       0x00000400   Zero   RW           91    STACK               startup_stm32f10x_hd.o


==============================================================================

Image component sizes


      Code (inc. data)   RO Data    RW Data    ZI Data      Debug   Object Name

       180         22          0          0      16384      17766   board.o
       396         42          0          0         20       1406   can.o
        60         12          0          4          0       1081   clock.o
       186         28         16          0          0       5312   components.o
       240         26          0          0          0        752   context_rvds.o
         0          0          0          0          0       4540   core_cm3.o
       588        328          0         16          0       3078   cpuport.o
       156          8          0          4          0        773   encoder.o
       220         30          0          0        384       4746   idle.o
       640          0          0          0          0       9927   ipc.o
        64         12          0          1          0       1430   irq.o
      1686        164        290          0        128       8779   kservice.o
       316        116          0         28          0        951   main.o
       956        224          0         24         32       3656   mem.o
       132         22          0          0          0       1383   misc.o
      1320        110          0         52          0       4134   motor_ctrl.o
       282          4          0        112          0       7272   object.o
       530         88          0         24         64       7466   scheduler.o
        36          8        304          0       1024        784   startup_stm32f10x_hd.o
       942         16          0          0          0       4975   stm32f10x_can.o
       422          6          0          0          0     214190   stm32f10x_gpio.o
       246         50          0          1          0      10714   stm32f10x_it.o
       308         38          0         20          0       4735   stm32f10x_rcc.o
       656         72          0          0          0       7312   stm32f10x_tim.o
       314          6          0          0          0       3490   stm32f10x_usart.o
       328         28          0         20          0      45401   system_stm32f10x.o
       776         36          0          0          0      10659   thread.o
       732         20          0         12          0       9964   timer.o
       172         10          0          0          0        602   usart1.o

    ----------------------------------------------------------------------
     12924       1526        642        324      18040     397278   Object Totals
         0          0         32          0          0          0   (incl. Generated)
        40          0          0          6          4          0   (incl. Padding)

    ----------------------------------------------------------------------

      Code (inc. data)   RO Data    RW Data    ZI Data      Debug   Library Member Name

        86          0          0          0          0          0   __dczerorl2.o
        28          0          0          0          0         68   _chval.o
       158          0          0          0          0         92   _strtoul.o
        26          0          0          0          0         80   atoi.o
         8          4        133          0          0         68   ctype_o.o
         0          0          0          0          0          0   entry.o
         0          0          0          0          0          0   entry10a.o
         0          0          0          0          0          0   entry11a.o
         4          0          0          0          0          0   entry12b.o
         8          4          0          0          0          0   entry2.o
         4          0          0          0          0          0   entry5.o
         0          0          0          0          0          0   entry7b.o
         0          0          0          0          0          0   entry8b.o
         8          4          0          0          0          0   entry9a.o
         8          4          0          4          0         68   errno.o
        30          0          0          0          0          0   handlers.o
        36          8          0          0          0         68   init.o
         0          0          0          0          0          0   iusefp.o
        30          0          0          0          0         68   llshl.o
        32          0          0          0          0         68   llushr.o
       112          0          0          0          0         88   strtol.o
        48          0          0          0          0         68   cdcmple.o
        48          0          0          0          0         68   cdrcmple.o
        56          0          0          0          0         88   d2f.o
       186          0          0          0          0        176   depilogue.o
        34          0          0          0          0         76   dflti.o
       228          0          0          0          0         96   dmul.o
        38          0          0          0          0         68   f2d.o
       176          0          0          0          0        140   fadd.o
       110          0          0          0          0        168   fepilogue.o
        50          0          0          0          0         68   ffixi.o
        18          0          0          0          0         68   fflti.o
       100          0          0          0          0         76   fmul.o

    ----------------------------------------------------------------------
      1676         24        134          4          0       1828   Library Totals
         6          0          1          0          0          0   (incl. Padding)

    ----------------------------------------------------------------------

      Code (inc. data)   RO Data    RW Data    ZI Data      Debug   Library Name

       578         24        133          4          0        668   mc_w.l
      1092          0          0          0          0       1160   mf_w.l

    ----------------------------------------------------------------------
      1676         24        134          4          0       1828   Library Totals

    ----------------------------------------------------------------------

==============================================================================


      Code (inc. data)   RO Data    RW Data    ZI Data      Debug   

     14600       1550        776        328      18040     390862   Grand Totals
     14600       1550        776        100      18040     390862   ELF Image Totals (compressed)
     14600       1550        776        100          0          0   ROM Totals

==============================================================================

    Total RO  Size (Code + RO Data)                15376 (  15.02kB)
    Total RW  Size (RW Data + ZI Data)             18368 (  17.94kB)
    Total ROM Size (Code + RO Data + RW Data)      15476 (  15.11kB)

==============================================================================

