Component: ARM Compiler 5.06 update 7 (build 960) Tool: armlink [4d3601]

==============================================================================

Section Cross References

    system_stm32f10x.o(i.SetSysClock) refers to system_stm32f10x.o(i.SetSysClockTo72) for SetSysClockTo72
    system_stm32f10x.o(i.SystemCoreClockUpdate) refers to system_stm32f10x.o(.data) for .data
    system_stm32f10x.o(i.SystemInit) refers to system_stm32f10x.o(i.SetSysClock) for SetSysClock
    startup_stm32f10x_hd.o(RESET) refers to startup_stm32f10x_hd.o(STACK) for __initial_sp
    startup_stm32f10x_hd.o(RESET) refers to startup_stm32f10x_hd.o(.text) for Reset_Handler
    startup_stm32f10x_hd.o(RESET) refers to stm32f10x_it.o(i.NMI_Handler) for NMI_Handler
    startup_stm32f10x_hd.o(RESET) refers to context_rvds.o(.text) for HardFault_Handler
    startup_stm32f10x_hd.o(RESET) refers to stm32f10x_it.o(i.MemManage_Handler) for MemManage_Handler
    startup_stm32f10x_hd.o(RESET) refers to stm32f10x_it.o(i.BusFault_Handler) for BusFault_Handler
    startup_stm32f10x_hd.o(RESET) refers to stm32f10x_it.o(i.UsageFault_Handler) for UsageFault_Handler
    startup_stm32f10x_hd.o(RESET) refers to stm32f10x_it.o(i.SVC_Handler) for SVC_Handler
    startup_stm32f10x_hd.o(RESET) refers to stm32f10x_it.o(i.DebugMon_Handler) for DebugMon_Handler
    startup_stm32f10x_hd.o(RESET) refers to board.o(i.SysTick_Handler) for SysTick_Handler
    startup_stm32f10x_hd.o(RESET) refers to stm32f10x_it.o(i.CAN1_RX1_IRQHandler) for CAN1_RX1_IRQHandler
    startup_stm32f10x_hd.o(RESET) refers to stm32f10x_it.o(i.TIM1_UP_IRQHandler) for TIM1_UP_IRQHandler
    startup_stm32f10x_hd.o(RESET) refers to stm32f10x_it.o(i.TIM2_IRQHandler) for TIM2_IRQHandler
    startup_stm32f10x_hd.o(RESET) refers to stm32f10x_it.o(i.TIM3_IRQHandler) for TIM3_IRQHandler
    startup_stm32f10x_hd.o(RESET) refers to stm32f10x_it.o(i.USART1_IRQHandler) for USART1_IRQHandler
    startup_stm32f10x_hd.o(.text) refers to system_stm32f10x.o(i.SystemInit) for SystemInit
    startup_stm32f10x_hd.o(.text) refers to entry.o(.ARM.Collect$$$$00000000) for __main
    stm32f10x_gpio.o(i.GPIO_AFIODeInit) refers to stm32f10x_rcc.o(i.RCC_APB2PeriphResetCmd) for RCC_APB2PeriphResetCmd
    stm32f10x_gpio.o(i.GPIO_DeInit) refers to stm32f10x_rcc.o(i.RCC_APB2PeriphResetCmd) for RCC_APB2PeriphResetCmd
    stm32f10x_rcc.o(i.RCC_GetClocksFreq) refers to stm32f10x_rcc.o(.data) for .data
    stm32f10x_rcc.o(i.RCC_WaitForHSEStartUp) refers to stm32f10x_rcc.o(i.RCC_GetFlagStatus) for RCC_GetFlagStatus
    stm32f10x_tim.o(i.TIM_DeInit) refers to stm32f10x_rcc.o(i.RCC_APB2PeriphResetCmd) for RCC_APB2PeriphResetCmd
    stm32f10x_tim.o(i.TIM_DeInit) refers to stm32f10x_rcc.o(i.RCC_APB1PeriphResetCmd) for RCC_APB1PeriphResetCmd
    stm32f10x_tim.o(i.TIM_ETRClockMode1Config) refers to stm32f10x_tim.o(i.TIM_ETRConfig) for TIM_ETRConfig
    stm32f10x_tim.o(i.TIM_ETRClockMode2Config) refers to stm32f10x_tim.o(i.TIM_ETRConfig) for TIM_ETRConfig
    stm32f10x_tim.o(i.TIM_ICInit) refers to stm32f10x_tim.o(i.TI4_Config) for TI4_Config
    stm32f10x_tim.o(i.TIM_ICInit) refers to stm32f10x_tim.o(i.TIM_SetIC4Prescaler) for TIM_SetIC4Prescaler
    stm32f10x_tim.o(i.TIM_ICInit) refers to stm32f10x_tim.o(i.TI1_Config) for TI1_Config
    stm32f10x_tim.o(i.TIM_ICInit) refers to stm32f10x_tim.o(i.TIM_SetIC1Prescaler) for TIM_SetIC1Prescaler
    stm32f10x_tim.o(i.TIM_ICInit) refers to stm32f10x_tim.o(i.TI2_Config) for TI2_Config
    stm32f10x_tim.o(i.TIM_ICInit) refers to stm32f10x_tim.o(i.TIM_SetIC2Prescaler) for TIM_SetIC2Prescaler
    stm32f10x_tim.o(i.TIM_ICInit) refers to stm32f10x_tim.o(i.TI3_Config) for TI3_Config
    stm32f10x_tim.o(i.TIM_ICInit) refers to stm32f10x_tim.o(i.TIM_SetIC3Prescaler) for TIM_SetIC3Prescaler
    stm32f10x_tim.o(i.TIM_ITRxExternalClockConfig) refers to stm32f10x_tim.o(i.TIM_SelectInputTrigger) for TIM_SelectInputTrigger
    stm32f10x_tim.o(i.TIM_PWMIConfig) refers to stm32f10x_tim.o(i.TI2_Config) for TI2_Config
    stm32f10x_tim.o(i.TIM_PWMIConfig) refers to stm32f10x_tim.o(i.TIM_SetIC2Prescaler) for TIM_SetIC2Prescaler
    stm32f10x_tim.o(i.TIM_PWMIConfig) refers to stm32f10x_tim.o(i.TI1_Config) for TI1_Config
    stm32f10x_tim.o(i.TIM_PWMIConfig) refers to stm32f10x_tim.o(i.TIM_SetIC1Prescaler) for TIM_SetIC1Prescaler
    stm32f10x_tim.o(i.TIM_TIxExternalClockConfig) refers to stm32f10x_tim.o(i.TI1_Config) for TI1_Config
    stm32f10x_tim.o(i.TIM_TIxExternalClockConfig) refers to stm32f10x_tim.o(i.TIM_SelectInputTrigger) for TIM_SelectInputTrigger
    stm32f10x_tim.o(i.TIM_TIxExternalClockConfig) refers to stm32f10x_tim.o(i.TI2_Config) for TI2_Config
    stm32f10x_usart.o(i.USART_DeInit) refers to stm32f10x_rcc.o(i.RCC_APB2PeriphResetCmd) for RCC_APB2PeriphResetCmd
    stm32f10x_usart.o(i.USART_DeInit) refers to stm32f10x_rcc.o(i.RCC_APB1PeriphResetCmd) for RCC_APB1PeriphResetCmd
    stm32f10x_usart.o(i.USART_Init) refers to stm32f10x_rcc.o(i.RCC_GetClocksFreq) for RCC_GetClocksFreq
[...]
    E:\STM32\test\FWLIB\src\stm32f10x_exti.c 0x00000000   Number         0  stm32f10x_exti.o ABSOLUTE
    FWLIB\src\misc.c                         0x00000000   Number         0  misc.o ABSOLUTE
    FWLIB\src\stm32f10x_can.c                0x00000000   Number         0  stm32f10x_can.o ABSOLUTE
    FWLIB\src\stm32f10x_gpio.c               0x00000000   Number         0  stm32f10x_gpio.o ABSOLUTE
    FWLIB\src\stm32f10x_rcc.c                0x00000000   Number         0  stm32f10x_rcc.o ABSOLUTE
    FWLIB\src\stm32f10x_tim.c                0x00000000   Number         0  stm32f10x_tim.o ABSOLUTE
    FWLIB\src\stm32f10x_usart.c              0x00000000   Number         0  stm32f10x_usart.o ABSOLUTE
    USER\board.c                             0x00000000   Number         0  board.o ABSOLUTE
    USER\can.c                               0x00000000   Number         0  can.o ABSOLUTE
    USER\delay.c                             0x00000000   Number         0  delay.o ABSOLUTE
    USER\encoder.c                           0x00000000   Number         0  encoder.o ABSOLUTE
    USER\main.c                              0x00000000   Number         0  main.o ABSOLUTE
    USER\motor_ctrl.c                        0x00000000   Number         0  motor_ctrl.o ABSOLUTE
    USER\oled_SPI.c                          0x00000000   Number         0  oled_spi.o ABSOLUTE
    USER\sr04.c                              0x00000000   Number         0  sr04.o ABSOLUTE
    USER\stm32f10x_it.c                      0x00000000   Number         0  stm32f10x_it.o ABSOLUTE
    USER\usart1.c                            0x00000000   Number         0  usart1.o ABSOLUTE
    cdcmple.s                                0x00000000   Number         0  cdcmple.o ABSOLUTE
    cdrcmple.s                               0x00000000   Number         0  cdrcmple.o ABSOLUTE
    dc.s                                     0x00000000   Number         0  dc.o ABSOLUTE
    handlers.s                               0x00000000   Number         0  handlers.o ABSOLUTE
    init.s                                   0x00000000   Number         0  init.o ABSOLUTE
    rt-thread\libcpu\arm\cortex-m3\context_rvds.S 0x00000000   Number         0  context_rvds.o ABSOLUTE
    rt-thread\libcpu\arm\cortex-m3\cpuport.c 0x00000000   Number         0  cpuport.o ABSOLUTE
    rt-thread\src\clock.c                    0x00000000   Number         0  clock.o ABSOLUTE
    rt-thread\src\components.c               0x00000000   Number         0  components.o ABSOLUTE
    rt-thread\src\device.c                   0x00000000   Number         0  device.o ABSOLUTE
    rt-thread\src\idle.c                     0x00000000   Number         0  idle.o ABSOLUTE
    rt-thread\src\ipc.c                      0x00000000   Number         0  ipc.o ABSOLUTE
    rt-thread\src\irq.c                      0x00000000   Number         0  irq.o ABSOLUTE
    rt-thread\src\kservice.c                 0x00000000   Number         0  kservice.o ABSOLUTE
    rt-thread\src\mem.c                      0x00000000   Number         0  mem.o ABSOLUTE
    rt-thread\src\memheap.c                  0x00000000   Number         0  memheap.o ABSOLUTE
    rt-thread\src\mempool.c                  0x00000000   Number         0  mempool.o ABSOLUTE
    rt-thread\src\object.c                   0x00000000   Number         0  object.o ABSOLUTE
    rt-thread\src\scheduler.c                0x00000000   Number         0  scheduler.o ABSOLUTE
    rt-thread\src\signal.c                   0x00000000   Number         0  signal.o ABSOLUTE
    rt-thread\src\thread.c                   0x00000000   Number         0  thread.o ABSOLUTE
    rt-thread\src\timer.c                    0x00000000   Number         0  timer.o ABSOLUTE
    RESET                                    0x08000000   Section      304  startup_stm32f10x_hd.o(RESET)
    .ARM.Collect$$$$00000000                 0x08000130   Section        0  entry.o(.ARM.Collect$$$$00000000)
    .ARM.Collect$$$$00000001                 0x08000130   Section        4  entry2.o(.ARM.Collect$$$$00000001)
    .ARM.Collect$$$$00000004                 0x08000134   Section        4  entry5.o(.ARM.Collect$$$$00000004)
    .ARM.Collect$$$$00000008                 0x08000138   Section        0  entry7b.o(.ARM.Collect$$$$00000008)
    .ARM.Collect$$$$0000000A                 0x08000138   Section        0  entry8b.o(.ARM.Collect$$$$0000000A)
    .ARM.Collect$$$$0000000B                 0x08000138   Section        8  entry9a.o(.ARM.Collect$$$$0000000B)
    .ARM.Collect$$$$0000000E                 0x08000140   Section        4  entry12b.o(.ARM.Collect$$$$0000000E)
    .ARM.Collect$$$$0000000F                 0x08000144   Section        0  entry10a.o(.ARM.Collect$$$$0000000F)
    .ARM.Collect$$$$00000011                 0x08000144   Section        0  entry11a.o(.ARM.Collect$$$$00000011)
    .ARM.Collect$$$$00002712                 0x08000144   Section        4  entry2.o(.ARM.Collect$$$$00002712)
    __lit__00000000                          0x08000144   Data           4  entry2.o(.ARM.Collect$$$$00002712)
    .text                                    0x08000148   Section       36  startup_stm32f10x_hd.o(.text)
    .text                                    0x0800016c   Section      240  context_rvds.o(.text)
    .text                                    0x0800025c   Section        0  atoi.o(.text)
    .text                                    0x08000276   Section        0  fadd.o(.text)
    .text                                    0x08000326   Section        0  fmul.o(.text)
    .text                                    0x0800038a   Section        0  dmul.o(.text)
    .text                                    0x0800046e   Section        0  dscalb.o(.text)
    .text                                    0x0800049c   Section        0  fflti.o(.text)
    .text                                    0x080004ae   Section        0  dflti.o(.text)
    .text                                    0x080004d0   Section        0  ffixi.o(.text)
    .text                                    0x08000502   Section        0  f2d.o(.text)
    .text                                    0x08000528   Section       48  cdcmple.o(.text)
    .text                                    0x08000558   Section       48  cdrcmple.o(.text)
    .text                                    0x08000588   Section        0  d2f.o(.text)
    .text                                    0x080005c0   Section        0  strtod.o(.text)
    _local_sscanf                            0x080005c1   Thumb Code    54  strtod.o(.text)
    .text                                    0x0800065c   Section        0  strtol.o(.text)
    .text                                    0x080006cc   Section        0  iusefp.o(.text)
    .text                                    0x080006cc   Section        0  fepilogue.o(.text)
    .text                                    0x0800073a   Section        0  depilogue.o(.text)
    .text                                    0x080007f4   Section       36  init.o(.text)
    .text                                    0x08000818   Section        0  llshl.o(.text)
    .text                                    0x08000836   Section        0  llushr.o(.text)
    .text                                    0x08000858   Section        0  ctype_o.o(.text)
    .text                                    0x08000860   Section        0  isspace_o.o(.text)
    .text                                    0x08000874   Section        0  scanf_fp.o(.text)
    _fp_value                                0x08000875   Thumb Code   296  scanf_fp.o(.text)
    .text                                    0x08000bd4   Section        0  _sgetc.o(.text)
    .text                                    0x08000c14   Section        0  _strtoul.o(.text)
    .text                                    0x08000cb2   Section        0  _chval.o(.text)
    .text                                    0x08000cce   Section        0  ddiv.o(.text)
    .text                                    0x08000dac   Section        0  dfltul.o(.text)
    .text                                    0x08000dc4   Section        0  __dczerorl2.o(.text)
    i.$Sub$$main                             0x08000e1a   Section        0  components.o(i.$Sub$$main)
    i.BusFault_Handler                       0x08000e28   Section        0  stm32f10x_it.o(i.BusFault_Handler)
    i.CAN1_RX1_IRQHandler                    0x08000e2c   Section        0  stm32f10x_it.o(i.CAN1_RX1_IRQHandler)
    i.CAN_ClearFlag                          0x08000e5c   Section        0  stm32f10x_can.o(i.CAN_ClearFlag)
    i.CAN_DeInit                             0x08000e8c   Section        0  stm32f10x_can.o(i.CAN_DeInit)
    i.CAN_FilterInit                         0x08000ec4   Section        0  stm32f10x_can.o(i.CAN_FilterInit)
    i.CAN_ITConfig                           0x08000f98   Section        0  stm32f10x_can.o(i.CAN_ITConfig)
    i.CAN_Init                               0x08000fac   Section        0  stm32f10x_can.o(i.CAN_Init)
    i.CAN_Receive                            0x080010b0   Section        0  stm32f10x_can.o(i.CAN_Receive)
    i.CAN_StructInit                         0x08001132   Section        0  stm32f10x_can.o(i.CAN_StructInit)
    i.Can_Init                               0x08001154   Section        0  can.o(i.Can_Init)
    i.DebugMon_Handler                       0x08001258   Section        0  stm32f10x_it.o(i.DebugMon_Handler)
    i.Encoder_Init                           0x0800125c   Section        0  encoder.o(i.Encoder_Init)
    i.GPIO_Init                              0x080012f8   Section        0  stm32f10x_gpio.o(i.GPIO_Init)
    i.GPIO_PinRemapConfig                    0x080013a0   Section        0  stm32f10x_gpio.o(i.GPIO_PinRemapConfig)
    i.MOTOR_GPIO_Init                        0x080013fc   Section        0  motor_ctrl.o(i.MOTOR_GPIO_Init)
    i.MOTOR_PWM_Init                         0x0800145c   Section        0  motor_ctrl.o(i.MOTOR_PWM_Init)
    i.MemManage_Handler                      0x080015a0   Section        0  stm32f10x_it.o(i.MemManage_Handler)
    i.NMI_Handler                            0x080015a2   Section        0  stm32f10x_it.o(i.NMI_Handler)
    i.NVIC_Init                              0x080015a4   Section        0  misc.o(i.NVIC_Init)
    i.NVIC_PriorityGroupConfig               0x08001608   Section        0  misc.o(i.NVIC_PriorityGroupConfig)
    i.RCC_APB1PeriphClockCmd                 0x0800161c   Section        0  stm32f10x_rcc.o(i.RCC_APB1PeriphClockCmd)
    i.RCC_APB1PeriphResetCmd                 0x08001638   Section        0  stm32f10x_rcc.o(i.RCC_APB1PeriphResetCmd)
    i.RCC_APB2PeriphClockCmd                 0x08001654   Section        0  stm32f10x_rcc.o(i.RCC_APB2PeriphClockCmd)
    i.RCC_GetClocksFreq                      0x08001670   Section        0  stm32f10x_rcc.o(i.RCC_GetClocksFreq)
    i.SVC_Handler                            0x0800171c   Section        0  stm32f10x_it.o(i.SVC_Handler)
    i.SetSysClock                            0x0800171e   Section        0  system_stm32f10x.o(i.SetSysClock)
    SetSysClock                              0x0800171f   Thumb Code     4  system_stm32f10x.o(i.SetSysClock)
    i.SetSysClockTo72                        0x08001724   Section        0  system_stm32f10x.o(i.SetSysClockTo72)
    SetSysClockTo72                          0x08001725   Thumb Code   166  system_stm32f10x.o(i.SetSysClockTo72)
    i.SysTick_Handler                        0x080017d4   Section        0  board.o(i.SysTick_Handler)
    i.SystemInit                             0x080017e8   Section        0  system_stm32f10x.o(i.SystemInit)
    i.TIM1_UP_IRQHandler                     0x08001838   Section        0  stm32f10x_it.o(i.TIM1_UP_IRQHandler)
    i.TIM2_IRQHandler                        0x080018ac   Section        0  stm32f10x_it.o(i.TIM2_IRQHandler)
    i.TIM3_IRQHandler                        0x080018bc   Section        0  stm32f10x_it.o(i.TIM3_IRQHandler)
    i.TIM_ARRPreloadConfig                   0x080018d0   Section        0  stm32f10x_tim.o(i.TIM_ARRPreloadConfig)
    i.TIM_ClearFlag                          0x080018e8   Section        0  stm32f10x_tim.o(i.TIM_ClearFlag)
    i.TIM_Cmd                                0x080018ee   Section        0  stm32f10x_tim.o(i.TIM_Cmd)
    i.TIM_CtrlPWMOutputs                     0x08001906   Section        0  stm32f10x_tim.o(i.TIM_CtrlPWMOutputs)
    i.TIM_EncoderInterfaceConfig             0x08001922   Section        0  stm32f10x_tim.o(i.TIM_EncoderInterfaceConfig)
    i.TIM_ITConfig                           0x08001954   Section        0  stm32f10x_tim.o(i.TIM_ITConfig)
    i.TIM_OC1Init                            0x08001968   Section        0  stm32f10x_tim.o(i.TIM_OC1Init)
    i.TIM_OC1PreloadConfig                   0x080019f0   Section        0  stm32f10x_tim.o(i.TIM_OC1PreloadConfig)
    i.TIM_OC4Init                            0x080019fc   Section        0  stm32f10x_tim.o(i.TIM_OC4Init)
    i.TIM_OC4PreloadConfig                   0x08001a64   Section        0  stm32f10x_tim.o(i.TIM_OC4PreloadConfig)
    i.TIM_SetCounter                         0x08001a78   Section        0  stm32f10x_tim.o(i.TIM_SetCounter)
    i.TIM_TimeBaseInit                       0x08001a7c   Section        0  stm32f10x_tim.o(i.TIM_TimeBaseInit)
    i.USART1_IRQHandler                      0x08001b18   Section        0  stm32f10x_it.o(i.USART1_IRQHandler)
    i.USART1_Init                            0x08001b2c   Section        0  usart1.o(i.USART1_Init)
    i.USART_Cmd                              0x08001bd4   Section        0  stm32f10x_usart.o(i.USART_Cmd)
    i.USART_ITConfig                         0x08001bec   Section        0  stm32f10x_usart.o(i.USART_ITConfig)
    i.USART_Init                             0x08001c24   Section        0  stm32f10x_usart.o(i.USART_Init)
    i.UsageFault_Handler                     0x08001ce0   Section        0  stm32f10x_it.o(i.UsageFault_Handler)
    i.__aeabi_errno_addr                     0x08001ce4   Section        0  errno.o(i.__aeabi_errno_addr)
    i.__read_errno                           0x08001cec   Section        0  errno.o(i.__read_errno)
    i.__rt_ffs                               0x08001cf8   Section        0  kservice.o(i.__rt_ffs)
    i.__scatterload_copy                     0x08001d40   Section       14  handlers.o(i.__scatterload_copy)
    i.__scatterload_null                     0x08001d4e   Section        2  handlers.o(i.__scatterload_null)
    i.__scatterload_zeroinit                 0x08001d50   Section       14  handlers.o(i.__scatterload_zeroinit)
    i.__set_errno                            0x08001d60   Section        0  errno.o(i.__set_errno)
    i._has_defunct_thread                    0x08001d6c   Section        0  idle.o(i._has_defunct_thread)
    _has_defunct_thread                      0x08001d6d   Thumb Code    16  idle.o(i._has_defunct_thread)
    i._is_digit                              0x08001d80   Section        0  scanf_fp.o(i._is_digit)
    i._rt_thread_init                        0x08001d90   Section        0  thread.o(i._rt_thread_init)
    _rt_thread_init                          0x08001d91   Thumb Code   110  thread.o(i._rt_thread_init)
    i._rt_timer_init                         0x08001e08   Section        0  timer.o(i._rt_timer_init)
    _rt_timer_init                           0x08001e09   Thumb Code    38  timer.o(i._rt_timer_init)
    i._rt_timer_remove                       0x08001e2e   Section        0  timer.o(i._rt_timer_remove)
    _rt_timer_remove                         0x08001e2f   Thumb Code    34  timer.o(i._rt_timer_remove)
    i.atof                                   0x08001e50   Section        0  atof.o(i.atof)
    i.can_recv_to_ctrl                       0x08001e7c   Section        0  can.o(i.can_recv_to_ctrl)
    i.main                                   0x08001fa8   Section        0  main.o(i.main)
    i.main_thread_entry                      0x080020a8   Section        0  components.o(i.main_thread_entry)
    i.plug_holes                             0x080020b8   Section        0  mem.o(i.plug_holes)
    plug_holes                               0x080020b9   Thumb Code    80  mem.o(i.plug_holes)
    i.print_number                           0x0800210c   Section        0  kservice.o(i.print_number)
    print_number                             0x0800210d   Thumb Code   292  kservice.o(i.print_number)
    i.rt_application_init                    0x08002234   Section        0  components.o(i.rt_application_init)
    i.rt_components_board_init               0x08002260   Section        0  components.o(i.rt_components_board_init)
    i.rt_components_init                     0x0800227c   Section        0  components.o(i.rt_components_init)
    i.rt_enter_critical                      0x08002298   Section        0  scheduler.o(i.rt_enter_critical)
    i.rt_exit_critical                       0x080022b4   Section        0  scheduler.o(i.rt_exit_critical)
    i.rt_free                                0x080022e4   Section        0  mem.o(i.rt_free)
    i.rt_heap_begin_get                      0x080023a8   Section        0  board.o(i.rt_heap_begin_get)
    i.rt_heap_end_get                        0x080023b0   Section        0  board.o(i.rt_heap_end_get)
    i.rt_hw_board_init                       0x080023b8   Section        0  board.o(i.rt_hw_board_init)
    i.rt_hw_console_output                   0x08002424   Section        0  kservice.o(i.rt_hw_console_output)
    i.rt_hw_hard_fault_exception             0x08002428   Section        0  cpuport.o(i.rt_hw_hard_fault_exception)
    i.rt_hw_stack_init                       0x0800261c   Section        0  cpuport.o(i.rt_hw_stack_init)
    i.rt_interrupt_enter                     0x08002658   Section        0  irq.o(i.rt_interrupt_enter)
    i.rt_interrupt_leave                     0x08002674   Section        0  irq.o(i.rt_interrupt_leave)
    i.rt_ipc_list_resume                     0x08002690   Section        0  ipc.o(i.rt_ipc_list_resume)
    rt_ipc_list_resume                       0x08002691   Thumb Code    14  ipc.o(i.rt_ipc_list_resume)
    i.rt_ipc_list_resume_all                 0x0800269e   Section        0  ipc.o(i.rt_ipc_list_resume_all)
    rt_ipc_list_resume_all                   0x0800269f   Thumb Code    46  ipc.o(i.rt_ipc_list_resume_all)
    i.rt_ipc_list_suspend                    0x080026cc   Section        0  ipc.o(i.rt_ipc_list_suspend)
    rt_ipc_list_suspend                      0x080026cd   Thumb Code    92  ipc.o(i.rt_ipc_list_suspend)
    i.rt_kprintf                             0x08002728   Section        0  kservice.o(i.rt_kprintf)
    i.rt_list_insert_after                   0x0800274c   Section        0  object.o(i.rt_list_insert_after)
    rt_list_insert_after                     0x0800274d   Thumb Code    14  object.o(i.rt_list_insert_after)
    i.rt_list_insert_after                   0x0800275a   Section        0  thread.o(i.rt_list_insert_after)
    rt_list_insert_after                     0x0800275b   Thumb Code    14  thread.o(i.rt_list_insert_after)
    i.rt_list_insert_after                   0x08002768   Section        0  timer.o(i.rt_list_insert_after)
    rt_list_insert_after                     0x08002769   Thumb Code    14  timer.o(i.rt_list_insert_after)
    i.rt_list_insert_before                  0x08002776   Section        0  ipc.o(i.rt_list_insert_before)
    rt_list_insert_before                    0x08002777   Thumb Code    14  ipc.o(i.rt_list_insert_before)
    i.rt_list_isempty                        0x08002784   Section        0  ipc.o(i.rt_list_isempty)
    rt_list_isempty                          0x08002785   Thumb Code    14  ipc.o(i.rt_list_isempty)
    i.rt_list_isempty                        0x08002792   Section        0  timer.o(i.rt_list_isempty)
    rt_list_isempty                          0x08002793   Thumb Code    14  timer.o(i.rt_list_isempty)
    i.rt_list_remove                         0x080027a0   Section        0  object.o(i.rt_list_remove)
    rt_list_remove                           0x080027a1   Thumb Code    18  object.o(i.rt_list_remove)
    i.rt_list_remove                         0x080027b2   Section        0  thread.o(i.rt_list_remove)
    rt_list_remove                           0x080027b3   Thumb Code    18  thread.o(i.rt_list_remove)
    i.rt_malloc                              0x080027c4   Section        0  mem.o(i.rt_malloc)
    i.rt_memset                              0x080028c8   Section        0  kservice.o(i.rt_memset)
    i.rt_mq_create                           0x0800290e   Section        0  ipc.o(i.rt_mq_create)
    i.rt_mq_delete                           0x08002982   Section        0  ipc.o(i.rt_mq_delete)
    i.rt_object_allocate                     0x0800299e   Section        0  object.o(i.rt_object_allocate)
    i.rt_object_delete                       0x080029e8   Section        0  object.o(i.rt_object_delete)
    i.rt_object_detach                       0x08002a0a   Section        0  object.o(i.rt_object_detach)
    i.rt_object_get_information              0x08002a28   Section        0  object.o(i.rt_object_get_information)
    i.rt_object_init                         0x08002a4c   Section        0  object.o(i.rt_object_init)
    i.rt_object_is_systemobject              0x08002a88   Section        0  object.o(i.rt_object_is_systemobject)
    i.rt_schedule                            0x08002a98   Section        0  scheduler.o(i.rt_schedule)
    i.rt_schedule_insert_thread              0x08002b0c   Section        0  scheduler.o(i.rt_schedule_insert_thread)
    i.rt_schedule_remove_thread              0x08002b58   Section        0  scheduler.o(i.rt_schedule_remove_thread)
    i.rt_sem_create                          0x08002bac   Section        0  ipc.o(i.rt_sem_create)
    i.rt_sem_init                            0x08002bcc   Section        0  ipc.o(i.rt_sem_init)
    i.rt_sem_release                         0x08002bf2   Section        0  ipc.o(i.rt_sem_release)
    i.rt_sem_take                            0x08002c32   Section        0  ipc.o(i.rt_sem_take)
    i.rt_show_version                        0x08002ca0   Section        0  kservice.o(i.rt_show_version)
    i.rt_strlen                              0x08002d50   Section        0  kservice.o(i.rt_strlen)
    i.rt_strncpy                             0x08002d60   Section        0  kservice.o(i.rt_strncpy)
    i.rt_system_heap_init                    0x08002d88   Section        0  mem.o(i.rt_system_heap_init)
    i.rt_system_scheduler_init               0x08002e38   Section        0  scheduler.o(i.rt_system_scheduler_init)
    i.rt_system_scheduler_start              0x08002e6c   Section        0  scheduler.o(i.rt_system_scheduler_start)
    i.rt_system_timer_init                   0x08002e94   Section        0  timer.o(i.rt_system_timer_init)
    i.rt_system_timer_thread_init            0x08002eac   Section        0  timer.o(i.rt_system_timer_thread_init)
    i.rt_thread_create                       0x08002eae   Section        0  thread.o(i.rt_thread_create)
    i.rt_thread_delay                        0x08002efa   Section        0  thread.o(i.rt_thread_delay)
    i.rt_thread_exit                         0x08002f00   Section        0  thread.o(i.rt_thread_exit)
    i.rt_thread_idle_entry                   0x08002f58   Section        0  idle.o(i.rt_thread_idle_entry)
    rt_thread_idle_entry                     0x08002f59   Thumb Code     6  idle.o(i.rt_thread_idle_entry)
    i.rt_thread_idle_excute                  0x08002f60   Section        0  idle.o(i.rt_thread_idle_excute)
    i.rt_thread_idle_init                    0x08002fdc   Section        0  idle.o(i.rt_thread_idle_init)
    i.rt_thread_init                         0x0800301c   Section        0  thread.o(i.rt_thread_init)
    i.rt_thread_resume                       0x08003054   Section        0  thread.o(i.rt_thread_resume)
    i.rt_thread_self                         0x08003090   Section        0  thread.o(i.rt_thread_self)
    i.rt_thread_sleep                        0x0800309c   Section        0  thread.o(i.rt_thread_sleep)
    i.rt_thread_startup                      0x080030dc   Section        0  thread.o(i.rt_thread_startup)
    i.rt_thread_suspend                      0x08003102   Section        0  thread.o(i.rt_thread_suspend)
    i.rt_thread_timeout                      0x08003144   Section        0  thread.o(i.rt_thread_timeout)
    i.rt_thread_yield                        0x08003164   Section        0  thread.o(i.rt_thread_yield)
    i.rt_tick_get                            0x080031c4   Section        0  clock.o(i.rt_tick_get)
    i.rt_tick_increase                       0x080031d0   Section        0  clock.o(i.rt_tick_increase)
    i.rt_timer_check                         0x080031fc   Section        0  timer.o(i.rt_timer_check)
    i.rt_timer_control                       0x08003268   Section        0  timer.o(i.rt_timer_control)
    i.rt_timer_detach                        0x0800329c   Section        0  timer.o(i.rt_timer_detach)
    i.rt_timer_init                          0x080032bc   Section        0  timer.o(i.rt_timer_init)
    i.rt_timer_start                         0x080032e8   Section        0  timer.o(i.rt_timer_start)
    i.rt_timer_stop                          0x080033bc   Section        0  timer.o(i.rt_timer_stop)
    i.rt_vsnprintf                           0x080033ec   Section        0  kservice.o(i.rt_vsnprintf)
    i.rti_board_end                          0x0800367c   Section        0  components.o(i.rti_board_end)
    rti_board_end                            0x0800367d   Thumb Code     4  components.o(i.rti_board_end)
    i.rti_board_start                        0x08003680   Section        0  components.o(i.rti_board_start)
    rti_board_start                          0x08003681   Thumb Code     4  components.o(i.rti_board_start)
    i.rti_end                                0x08003684   Section        0  components.o(i.rti_end)
    rti_end                                  0x08003685   Thumb Code     4  components.o(i.rti_end)
    i.rti_start                              0x08003688   Section        0  components.o(i.rti_start)
    rti_start                                0x08003689   Thumb Code     4  components.o(i.rti_start)
    i.rtthread_startup                       0x0800368c   Section        0  components.o(i.rtthread_startup)
    i.setAngle                               0x080036b8   Section        0  motor_ctrl.o(i.setAngle)
    i.skip_atoi                              0x080036e4   Section        0  kservice.o(i.skip_atoi)
    skip_atoi                                0x080036e5   Thumb Code    40  kservice.o(i.skip_atoi)
    i.wheel_ctrl_task                        0x0800370c   Section        0  motor_ctrl.o(i.wheel_ctrl_task)
    .constdata                               0x0800391c   Section      290  kservice.o(.constdata)
    small_digits                             0x08003a1c   Data          17  kservice.o(.constdata)
    large_digits                             0x08003a2d   Data          17  kservice.o(.constdata)
    .constdata                               0x08003a3e   Section      129  ctype_o.o(.constdata)
    .constdata                               0x08003ac0   Section        4  ctype_o.o(.constdata)
    table                                    0x08003ac0   Data           4  ctype_o.o(.constdata)
    .rti_fn.0                                0x08003ac4   Section        4  components.o(.rti_fn.0)
    __tagsym$$used                           0x08003ac4   Number         0  components.o(.rti_fn.0)
    .rti_fn.0.end                            0x08003ac8   Section        4  components.o(.rti_fn.0.end)
    __tagsym$$used                           0x08003ac8   Number         0  components.o(.rti_fn.0.end)
    .rti_fn.1.end                            0x08003acc   Section        4  components.o(.rti_fn.1.end)
    __tagsym$$used                           0x08003acc   Number         0  components.o(.rti_fn.1.end)
    .rti_fn.6.end                            0x08003ad0   Section        4  components.o(.rti_fn.6.end)
    __tagsym$$used                           0x08003ad0   Number         0  components.o(.rti_fn.6.end)
    .data                                    0x20000000   Section       20  system_stm32f10x.o(.data)
    .data                                    0x20000014   Section       20  stm32f10x_rcc.o(.data)
    ADCPrescTable                            0x20000014   Data           4  stm32f10x_rcc.o(.data)
    APBAHBPrescTable                         0x20000018   Data          16  stm32f10x_rcc.o(.data)
    .data                                    0x20000028   Section        1  stm32f10x_it.o(.data)
    catch_time                               0x20000028   Data           1  stm32f10x_it.o(.data)
    .data                                    0x2000002c   Section       28  main.o(.data)
    .data                                    0x20000048   Section       52  motor_ctrl.o(.data)
    .data                                    0x2000007c   Section        2  encoder.o(.data)
    .data                                    0x2000007e   Section        2  encoder.o(.data)
    .data                                    0x20000080   Section        4  clock.o(.data)
    rt_tick                                  0x20000080   Data           4  clock.o(.data)
    .data                                    0x20000084   Section        1  irq.o(.data)
    .data                                    0x20000088   Section       24  mem.o(.data)
    heap_ptr                                 0x20000088   Data           4  mem.o(.data)
    heap_end                                 0x2000008c   Data           4  mem.o(.data)
    lfree                                    0x20000090   Data           4  mem.o(.data)
    mem_size_aligned                         0x20000094   Data           4  mem.o(.data)
    used_mem                                 0x20000098   Data           4  mem.o(.data)
    max_mem                                  0x2000009c   Data           4  mem.o(.data)
    .data                                    0x200000a0   Section      112  object.o(.data)
    rt_object_container                      0x200000a0   Data         112  object.o(.data)
    .data                                    0x20000110   Section       20  scheduler.o(.data)
    rt_scheduler_lock_nest                   0x20000112   Data           2  scheduler.o(.data)
    .data                                    0x20000124   Section       12  timer.o(.data)
    random_nr                                0x20000124   Data           4  timer.o(.data)
    rt_timer_list                            0x20000128   Data           8  timer.o(.data)
    .data                                    0x20000130   Section        4  cpuport.o(.data)
    rt_exception_hook                        0x20000130   Data           4  cpuport.o(.data)
    .data                                    0x20000134   Section        4  cpuport.o(.data)
    .data                                    0x20000138   Section        4  cpuport.o(.data)
    .data                                    0x2000013c   Section        4  cpuport.o(.data)
    .data                                    0x20000140   Section        4  errno.o(.data)
    _errno                                   0x20000140   Data           4  errno.o(.data)
    .bss                                     0x20000144   Section       20  can.o(.bss)
    .bss                                     0x20000158   Section    16384  board.o(.bss)
    rt_heap                                  0x20000158   Data       16384  board.o(.bss)
    .bss                                     0x20004158   Section      384  idle.o(.bss)
    idle                                     0x20004158   Data         128  idle.o(.bss)
    rt_thread_stack                          0x200041d8   Data         256  idle.o(.bss)
    .bss                                     0x200042d8   Section      128  kservice.o(.bss)
    rt_log_buf                               0x200042d8   Data         128  kservice.o(.bss)
    .bss                                     0x20004358   Section       32  mem.o(.bss)
    heap_sem                                 0x20004358   Data          32  mem.o(.bss)
    .bss                                     0x20004378   Section       64  scheduler.o(.bss)
    STACK                                    0x200043b8   Section     1024  startup_stm32f10x_hd.o(STACK)

    Global Symbols

    Symbol Name                              Value     Ov Type        Size  Object(Section)

    BuildAttributes$$THM_ISAv4$P$D$K$B$S$PE$A:L22UL41UL21$X:L11$S22US41US21$IEEE1$IW$USESV6$~STKCKD$USESV7$~SHL$OTIME$ROPI$IEEEJ$EBA8$MICROLIB$REQ8$PRES8$EABIv2 0x00000000   Number         0  anon$$obj.o ABSOLUTE
    __ARM_use_no_argv                        0x00000000   Number         0  main.o ABSOLUTE
    __arm_fini_                               - Undefined Weak Reference
    __cpp_initialize__aeabi_                  - Undefined Weak Reference
    __cxa_finalize                            - Undefined Weak Reference
    _clock_init                               - Undefined Weak Reference
    _microlib_exit                            - Undefined Weak Reference
    __Vectors_Size                           0x00000130   Number         0  startup_stm32f10x_hd.o ABSOLUTE
    __Vectors                                0x08000000   Data           4  startup_stm32f10x_hd.o(RESET)
    __Vectors_End                            0x08000130   Data           0  startup_stm32f10x_hd.o(RESET)
    __main                                   0x08000131   Thumb Code     0  entry.o(.ARM.Collect$$$$00000000)
    _main_stk                                0x08000131   Thumb Code     0  entry2.o(.ARM.Collect$$$$00000001)
    _main_scatterload                        0x08000135   Thumb Code     0  entry5.o(.ARM.Collect$$$$00000004)
    __main_after_scatterload                 0x08000139   Thumb Code     0  entry5.o(.ARM.Collect$$$$00000004)
    _main_clock                              0x08000139   Thumb Code     0  entry7b.o(.ARM.Collect$$$$00000008)
    _main_cpp_init                           0x08000139   Thumb Code     0  entry8b.o(.ARM.Collect$$$$0000000A)
    _main_init                               0x08000139   Thumb Code     0  entry9a.o(.ARM.Collect$$$$0000000B)
    __rt_lib_shutdown_fini                   0x08000141   Thumb Code     0  entry12b.o(.ARM.Collect$$$$0000000E)
    __rt_final_cpp                           0x08000145   Thumb Code     0  entry10a.o(.ARM.Collect$$$$0000000F)
    __rt_final_exit                          0x08000145   Thumb Code     0  entry11a.o(.ARM.Collect$$$$00000011)
    Reset_Handler                            0x08000149   Thumb Code     8  startup_stm32f10x_hd.o(.text)
    ADC1_2_IRQHandler                        0x08000163   Thumb Code     0  startup_stm32f10x_hd.o(.text)
    ADC3_IRQHandler                          0x08000163   Thumb Code     0  startup_stm32f10x_hd.o(.text)
    CAN1_SCE_IRQHandler                      0x08000163   Thumb Code     0  startup_stm32f10x_hd.o(.text)
    DMA1_Channel1_IRQHandler                 0x08000163   Thumb Code     0  startup_stm32f10x_hd.o(.text)
    DMA1_Channel2_IRQHandler                 0x08000163   Thumb Code     0  startup_stm32f10x_hd.o(.text)
    DMA1_Channel3_IRQHandler                 0x08000163   Thumb Code     0  startup_stm32f10x_hd.o(.text)
    DMA1_Channel4_IRQHandler                 0x08000163   Thumb Code     0  startup_stm32f10x_hd.o(.text)
    DMA1_Channel5_IRQHandler                 0x08000163   Thumb Code     0  startup_stm32f10x_hd.o(.text)
    DMA1_Channel6_IRQHandler                 0x08000163   Thumb Code     0  startup_stm32f10x_hd.o(.text)
    DMA1_Channel7_IRQHandler                 0x08000163   Thumb Code     0  startup_stm32f10x_hd.o(.text)
    DMA2_Channel1_IRQHandler                 0x08000163   Thumb Code     0  startup_stm32f10x_hd.o(.text)
    DMA2_Channel2_IRQHandler                 0x08000163   Thumb Code     0  startup_stm32f10x_hd.o(.text)
    DMA2_Channel3_IRQHandler                 0x08000163   Thumb Code     0  startup_stm32f10x_hd.o(.text)
    DMA2_Channel4_5_IRQHandler               0x08000163   Thumb Code     0  startup_stm32f10x_hd.o(.text)
    EXTI0_IRQHandler                         0x08000163   Thumb Code     0  startup_stm32f10x_hd.o(.text)
    EXTI15_10_IRQHandler                     0x08000163   Thumb Code     0  startup_stm32f10x_hd.o(.text)
    EXTI1_IRQHandler                         0x08000163   Thumb Code     0  startup_stm32f10x_hd.o(.text)
    EXTI2_IRQHandler                         0x08000163   Thumb Code     0  startup_stm32f10x_hd.o(.text)
    EXTI3_IRQHandler                         0x08000163   Thumb Code     0  startup_stm32f10x_hd.o(.text)
    EXTI4_IRQHandler                         0x08000163   Thumb Code     0  startup_stm32f10x_hd.o(.text)
    EXTI9_5_IRQHandler                       0x08000163   Thumb Code     0  startup_stm32f10x_hd.o(.text)
    FLASH_IRQHandler                         0x08000163   Thumb Code     0  startup_stm32f10x_hd.o(.text)
    FSMC_IRQHandler                          0x08000163   Thumb Code     0  startup_stm32f10x_hd.o(.text)
    I2C1_ER_IRQHandler                       0x08000163   Thumb Code     0  startup_stm32f10x_hd.o(.text)
    I2C1_EV_IRQHandler                       0x08000163   Thumb Code     0  startup_stm32f10x_hd.o(.text)
    I2C2_ER_IRQHandler                       0x08000163   Thumb Code     0  startup_stm32f10x_hd.o(.text)
    I2C2_EV_IRQHandler                       0x08000163   Thumb Code     0  startup_stm32f10x_hd.o(.text)
    PVD_IRQHandler                           0x08000163   Thumb Code     0  startup_stm32f10x_hd.o(.text)
    RCC_IRQHandler                           0x08000163   Thumb Code     0  startup_stm32f10x_hd.o(.text)
    RTCAlarm_IRQHandler                      0x08000163   Thumb Code     0  startup_stm32f10x_hd.o(.text)
    RTC_IRQHandler                           0x08000163   Thumb Code     0  startup_stm32f10x_hd.o(.text)
    SDIO_IRQHandler                          0x08000163   Thumb Code     0  startup_stm32f10x_hd.o(.text)
    SPI1_IRQHandler                          0x08000163   Thumb Code     0  startup_stm32f10x_hd.o(.text)
    SPI2_IRQHandler                          0x08000163   Thumb Code     0  startup_stm32f10x_hd.o(.text)
    SPI3_IRQHandler                          0x08000163   Thumb Code     0  startup_stm32f10x_hd.o(.text)
    TAMPER_IRQHandler                        0x08000163   Thumb Code     0  startup_stm32f10x_hd.o(.text)
    TIM1_BRK_IRQHandler                      0x08000163   Thumb Code     0  startup_stm32f10x_hd.o(.text)
    TIM1_CC_IRQHandler                       0x08000163   Thumb Code     0  startup_stm32f10x_hd.o(.text)
    TIM1_TRG_COM_IRQHandler                  0x08000163   Thumb Code     0  startup_stm32f10x_hd.o(.text)
    TIM4_IRQHandler                          0x08000163   Thumb Code     0  startup_stm32f10x_hd.o(.text)
    TIM5_IRQHandler                          0x08000163   Thumb Code     0  startup_stm32f10x_hd.o(.text)
    TIM6_IRQHandler                          0x08000163   Thumb Code     0  startup_stm32f10x_hd.o(.text)
    TIM7_IRQHandler                          0x08000163   Thumb Code     0  startup_stm32f10x_hd.o(.text)
    TIM8_BRK_IRQHandler                      0x08000163   Thumb Code     0  startup_stm32f10x_hd.o(.text)
    TIM8_CC_IRQHandler                       0x08000163   Thumb Code     0  startup_stm32f10x_hd.o(.text)
    TIM8_TRG_COM_IRQHandler                  0x08000163   Thumb Code     0  startup_stm32f10x_hd.o(.text)
    TIM8_UP_IRQHandler                       0x08000163   Thumb Code     0  startup_stm32f10x_hd.o(.text)
    UART4_IRQHandler                         0x08000163   Thumb Code     0  startup_stm32f10x_hd.o(.text)
    UART5_IRQHandler                         0x08000163   Thumb Code     0  startup_stm32f10x_hd.o(.text)
    USART2_IRQHandler                        0x08000163   Thumb Code     0  startup_stm32f10x_hd.o(.text)
    USART3_IRQHandler                        0x08000163   Thumb Code     0  startup_stm32f10x_hd.o(.text)
    USBWakeUp_IRQHandler                     0x08000163   Thumb Code     0  startup_stm32f10x_hd.o(.text)
    USB_HP_CAN1_TX_IRQHandler                0x08000163   Thumb Code     0  startup_stm32f10x_hd.o(.text)
    USB_LP_CAN1_RX0_IRQHandler               0x08000163   Thumb Code     0  startup_stm32f10x_hd.o(.text)
    WWDG_IRQHandler                          0x08000163   Thumb Code     0  startup_stm32f10x_hd.o(.text)
    rt_hw_interrupt_disable                  0x0800016d   Thumb Code     8  context_rvds.o(.text)
    rt_hw_interrupt_enable                   0x08000175   Thumb Code     6  context_rvds.o(.text)
    rt_hw_context_switch                     0x0800017b   Thumb Code    32  context_rvds.o(.text)
    rt_hw_context_switch_interrupt           0x0800017b   Thumb Code     0  context_rvds.o(.text)
    PendSV_Handler                           0x0800019b   Thumb Code    60  context_rvds.o(.text)
    rt_hw_context_switch_to                  0x080001d7   Thumb Code    58  context_rvds.o(.text)
    rt_hw_interrupt_thread_switch            0x08000211   Thumb Code     2  context_rvds.o(.text)
    HardFault_Handler                        0x08000213   Thumb Code    48  context_rvds.o(.text)
    atoi                                     0x0800025d   Thumb Code    26  atoi.o(.text)
    __aeabi_fadd                             0x08000277   Thumb Code   164  fadd.o(.text)
    __aeabi_fsub                             0x0800031b   Thumb Code     6  fadd.o(.text)
    __aeabi_frsub                            0x08000321   Thumb Code     6  fadd.o(.text)
    __aeabi_fmul                             0x08000327   Thumb Code   100  fmul.o(.text)
    __aeabi_dmul                             0x0800038b   Thumb Code   228  dmul.o(.text)
    __ARM_scalbn                             0x0800046f   Thumb Code    46  dscalb.o(.text)
    scalbn                                   0x0800046f   Thumb Code     0  dscalb.o(.text)
    __aeabi_i2f                              0x0800049d   Thumb Code    18  fflti.o(.text)
    __aeabi_i2d                              0x080004af   Thumb Code    34  dflti.o(.text)
    __aeabi_f2iz                             0x080004d1   Thumb Code    50  ffixi.o(.text)
    __aeabi_f2d                              0x08000503   Thumb Code    38  f2d.o(.text)
    __aeabi_cdcmpeq                          0x08000529   Thumb Code     0  cdcmple.o(.text)
    __aeabi_cdcmple                          0x08000529   Thumb Code    48  cdcmple.o(.text)
    __aeabi_cdrcmple                         0x08000559   Thumb Code    48  cdrcmple.o(.text)
    __aeabi_d2f                              0x08000589   Thumb Code    56  d2f.o(.text)
    __strtod_int                             0x080005f7   Thumb Code    90  strtod.o(.text)
    strtol                                   0x0800065d   Thumb Code   112  strtol.o(.text)
    __I$use$fp                               0x080006cd   Thumb Code     0  iusefp.o(.text)
    _float_round                             0x080006cd   Thumb Code    18  fepilogue.o(.text)
    _float_epilogue                          0x080006df   Thumb Code    92  fepilogue.o(.text)
    _double_round                            0x0800073b   Thumb Code    30  depilogue.o(.text)
    _double_epilogue                         0x08000759   Thumb Code   156  depilogue.o(.text)
    __scatterload                            0x080007f5   Thumb Code    28  init.o(.text)
    __scatterload_rt2                        0x080007f5   Thumb Code     0  init.o(.text)
    __aeabi_llsl                             0x08000819   Thumb Code    30  llshl.o(.text)
    _ll_shift_l                              0x08000819   Thumb Code     0  llshl.o(.text)
    __aeabi_llsr                             0x08000837   Thumb Code    32  llushr.o(.text)
    _ll_ushift_r                             0x08000837   Thumb Code     0  llushr.o(.text)
    __rt_ctype_table                         0x08000859   Thumb Code     4  ctype_o.o(.text)
    isspace                                  0x08000861   Thumb Code    18  isspace_o.o(.text)
    _scanf_real                              0x0800099d   Thumb Code     0  scanf_fp.o(.text)
    _scanf_really_real                       0x0800099d   Thumb Code   556  scanf_fp.o(.text)
    _sgetc                                   0x08000bd5   Thumb Code    30  _sgetc.o(.text)
    _sbackspace                              0x08000bf3   Thumb Code    34  _sgetc.o(.text)
    _strtoul                                 0x08000c15   Thumb Code   158  _strtoul.o(.text)
    _chval                                   0x08000cb3   Thumb Code    28  _chval.o(.text)
    __aeabi_ddiv                             0x08000ccf   Thumb Code   222  ddiv.o(.text)
    __aeabi_ul2d                             0x08000dad   Thumb Code    24  dfltul.o(.text)
    __decompress                             0x08000dc5   Thumb Code     0  __dczerorl2.o(.text)
    __decompress1                            0x08000dc5   Thumb Code    86  __dczerorl2.o(.text)
    main                                     0x08000e1b   Thumb Code    14  components.o(i.$Sub$$main)
    BusFault_Handler                         0x08000e29   Thumb Code     2  stm32f10x_it.o(i.BusFault_Handler)
    CAN1_RX1_IRQHandler                      0x08000e2d   Thumb Code    34  stm32f10x_it.o(i.CAN1_RX1_IRQHandler)
    CAN_ClearFlag                            0x08000e5d   Thumb Code    44  stm32f10x_can.o(i.CAN_ClearFlag)
    CAN_DeInit                               0x08000e8d   Thumb Code    52  stm32f10x_can.o(i.CAN_DeInit)
    CAN_FilterInit                           0x08000ec5   Thumb Code   202  stm32f10x_can.o(i.CAN_FilterInit)
    CAN_ITConfig                             0x08000f99   Thumb Code    20  stm32f10x_can.o(i.CAN_ITConfig)
    CAN_Init                                 0x08000fad   Thumb Code   260  stm32f10x_can.o(i.CAN_Init)
    CAN_Receive                              0x080010b1   Thumb Code   130  stm32f10x_can.o(i.CAN_Receive)
    CAN_StructInit                           0x08001133   Thumb Code    32  stm32f10x_can.o(i.CAN_StructInit)
    Can_Init                                 0x08001155   Thumb Code   248  can.o(i.Can_Init)
    DebugMon_Handler                         0x08001259   Thumb Code     2  stm32f10x_it.o(i.DebugMon_Handler)
    Encoder_Init                             0x0800125d   Thumb Code   148  encoder.o(i.Encoder_Init)
    GPIO_Init                                0x080012f9   Thumb Code   166  stm32f10x_gpio.o(i.GPIO_Init)
    GPIO_PinRemapConfig                      0x080013a1   Thumb Code    86  stm32f10x_gpio.o(i.GPIO_PinRemapConfig)
    MOTOR_GPIO_Init                          0x080013fd   Thumb Code    86  motor_ctrl.o(i.MOTOR_GPIO_Init)
    MOTOR_PWM_Init                           0x0800145d   Thumb Code   308  motor_ctrl.o(i.MOTOR_PWM_Init)
    MemManage_Handler                        0x080015a1   Thumb Code     2  stm32f10x_it.o(i.MemManage_Handler)
    NMI_Handler                              0x080015a3   Thumb Code     2  stm32f10x_it.o(i.NMI_Handler)
    NVIC_Init                                0x080015a5   Thumb Code    96  misc.o(i.NVIC_Init)
    NVIC_PriorityGroupConfig                 0x08001609   Thumb Code    10  misc.o(i.NVIC_PriorityGroupConfig)
    RCC_APB1PeriphClockCmd                   0x0800161d   Thumb Code    22  stm32f10x_rcc.o(i.RCC_APB1PeriphClockCmd)
    RCC_APB1PeriphResetCmd                   0x08001639   Thumb Code    22  stm32f10x_rcc.o(i.RCC_APB1PeriphResetCmd)
    RCC_APB2PeriphClockCmd                   0x08001655   Thumb Code    22  stm32f10x_rcc.o(i.RCC_APB2PeriphClockCmd)
    RCC_GetClocksFreq                        0x08001671   Thumb Code   154  stm32f10x_rcc.o(i.RCC_GetClocksFreq)
    SVC_Handler                              0x0800171d   Thumb Code     2  stm32f10x_it.o(i.SVC_Handler)
    SysTick_Handler                          0x080017d5   Thumb Code    18  board.o(i.SysTick_Handler)
    SystemInit                               0x080017e9   Thumb Code    64  system_stm32f10x.o(i.SystemInit)
    TIM1_UP_IRQHandler                       0x08001839   Thumb Code    90  stm32f10x_it.o(i.TIM1_UP_IRQHandler)
    TIM2_IRQHandler                          0x080018ad   Thumb Code    16  stm32f10x_it.o(i.TIM2_IRQHandler)
    TIM3_IRQHandler                          0x080018bd   Thumb Code    14  stm32f10x_it.o(i.TIM3_IRQHandler)
    TIM_ARRPreloadConfig                     0x080018d1   Thumb Code    24  stm32f10x_tim.o(i.TIM_ARRPreloadConfig)
    TIM_ClearFlag                            0x080018e9   Thumb Code     6  stm32f10x_tim.o(i.TIM_ClearFlag)
    TIM_Cmd                                  0x080018ef   Thumb Code    24  stm32f10x_tim.o(i.TIM_Cmd)
    TIM_CtrlPWMOutputs                       0x08001907   Thumb Code    28  stm32f10x_tim.o(i.TIM_CtrlPWMOutputs)
    TIM_EncoderInterfaceConfig               0x08001923   Thumb Code    50  stm32f10x_tim.o(i.TIM_EncoderInterfaceConfig)
    TIM_ITConfig                             0x08001955   Thumb Code    20  stm32f10x_tim.o(i.TIM_ITConfig)
    TIM_OC1Init                              0x08001969   Thumb Code   114  stm32f10x_tim.o(i.TIM_OC1Init)
    TIM_OC1PreloadConfig                     0x080019f1   Thumb Code    12  stm32f10x_tim.o(i.TIM_OC1PreloadConfig)
    TIM_OC4Init                              0x080019fd   Thumb Code    94  stm32f10x_tim.o(i.TIM_OC4Init)
    TIM_OC4PreloadConfig                     0x08001a65   Thumb Code    20  stm32f10x_tim.o(i.TIM_OC4PreloadConfig)
    TIM_SetCounter                           0x08001a79   Thumb Code     4  stm32f10x_tim.o(i.TIM_SetCounter)
    TIM_TimeBaseInit                         0x08001a7d   Thumb Code   114  stm32f10x_tim.o(i.TIM_TimeBaseInit)
    USART1_IRQHandler                        0x08001b19   Thumb Code    14  stm32f10x_it.o(i.USART1_IRQHandler)
    USART1_Init                              0x08001b2d   Thumb Code   160  usart1.o(i.USART1_Init)
    USART_Cmd                                0x08001bd5   Thumb Code    24  stm32f10x_usart.o(i.USART_Cmd)
    USART_ITConfig                           0x08001bed   Thumb Code    54  stm32f10x_usart.o(i.USART_ITConfig)
    USART_Init                               0x08001c25   Thumb Code   182  stm32f10x_usart.o(i.USART_Init)
    UsageFault_Handler                       0x08001ce1   Thumb Code     2  stm32f10x_it.o(i.UsageFault_Handler)
    __aeabi_errno_addr                       0x08001ce5   Thumb Code     4  errno.o(i.__aeabi_errno_addr)
    __rt_errno_addr                          0x08001ce5   Thumb Code     0  errno.o(i.__aeabi_errno_addr)
    __read_errno                             0x08001ced   Thumb Code     6  errno.o(i.__read_errno)
    __rt_ffs                                 0x08001cf9   Thumb Code    66  kservice.o(i.__rt_ffs)
    __scatterload_copy                       0x08001d41   Thumb Code    14  handlers.o(i.__scatterload_copy)
    __scatterload_null                       0x08001d4f   Thumb Code     2  handlers.o(i.__scatterload_null)
    __scatterload_zeroinit                   0x08001d51   Thumb Code    14  handlers.o(i.__scatterload_zeroinit)
    __set_errno                              0x08001d61   Thumb Code     6  errno.o(i.__set_errno)
    _is_digit                                0x08001d81   Thumb Code    14  scanf_fp.o(i._is_digit)
    atof                                     0x08001e51   Thumb Code    42  atof.o(i.atof)
    can_recv_to_ctrl                         0x08001e7d   Thumb Code   264  can.o(i.can_recv_to_ctrl)
    $Super$$main                             0x08001fa9   Thumb Code   164  main.o(i.main)
    main_thread_entry                        0x080020a9   Thumb Code    14  components.o(i.main_thread_entry)
    rt_application_init                      0x08002235   Thumb Code    30  components.o(i.rt_application_init)
    rt_components_board_init                 0x08002261   Thumb Code    20  components.o(i.rt_components_board_init)
    rt_components_init                       0x0800227d   Thumb Code    20  components.o(i.rt_components_init)
    rt_enter_critical                        0x08002299   Thumb Code    22  scheduler.o(i.rt_enter_critical)
    rt_exit_critical                         0x080022b5   Thumb Code    44  scheduler.o(i.rt_exit_critical)
    rt_free                                  0x080022e5   Thumb Code   112  mem.o(i.rt_free)
    rt_heap_begin_get                        0x080023a9   Thumb Code     4  board.o(i.rt_heap_begin_get)
    rt_heap_end_get                          0x080023b1   Thumb Code     4  board.o(i.rt_heap_end_get)
    rt_hw_board_init                         0x080023b9   Thumb Code    98  board.o(i.rt_hw_board_init)
    rt_hw_console_output                     0x08002425   Thumb Code     2  kservice.o(i.rt_hw_console_output)
    rt_hw_hard_fault_exception               0x08002429   Thumb Code   180  cpuport.o(i.rt_hw_hard_fault_exception)
    rt_hw_stack_init                         0x0800261d   Thumb Code    56  cpuport.o(i.rt_hw_stack_init)
    rt_interrupt_enter                       0x08002659   Thumb Code    22  irq.o(i.rt_interrupt_enter)
    rt_interrupt_leave                       0x08002675   Thumb Code    22  irq.o(i.rt_interrupt_leave)
    rt_kprintf                               0x08002729   Thumb Code    30  kservice.o(i.rt_kprintf)
    rt_malloc                                0x080027c5   Thumb Code   252  mem.o(i.rt_malloc)
    rt_memset                                0x080028c9   Thumb Code    70  kservice.o(i.rt_memset)
    rt_mq_create                             0x0800290f   Thumb Code   116  ipc.o(i.rt_mq_create)
    rt_mq_delete                             0x08002983   Thumb Code    28  ipc.o(i.rt_mq_delete)
    rt_object_allocate                       0x0800299f   Thumb Code    74  object.o(i.rt_object_allocate)
    rt_object_delete                         0x080029e9   Thumb Code    34  object.o(i.rt_object_delete)
    rt_object_detach                         0x08002a0b   Thumb Code    28  object.o(i.rt_object_detach)
    rt_object_get_information                0x08002a29   Thumb Code    30  object.o(i.rt_object_get_information)
    rt_object_init                           0x08002a4d   Thumb Code    60  object.o(i.rt_object_init)
    rt_object_is_systemobject                0x08002a89   Thumb Code    14  object.o(i.rt_object_is_systemobject)
    rt_schedule                              0x08002a99   Thumb Code   102  scheduler.o(i.rt_schedule)
    rt_schedule_insert_thread                0x08002b0d   Thumb Code    68  scheduler.o(i.rt_schedule_insert_thread)
    rt_schedule_remove_thread                0x08002b59   Thumb Code    74  scheduler.o(i.rt_schedule_remove_thread)
    rt_sem_create                            0x08002bad   Thumb Code    32  ipc.o(i.rt_sem_create)
    rt_sem_init                              0x08002bcd   Thumb Code    38  ipc.o(i.rt_sem_init)
    rt_sem_release                           0x08002bf3   Thumb Code    64  ipc.o(i.rt_sem_release)
    rt_sem_take                              0x08002c33   Thumb Code   110  ipc.o(i.rt_sem_take)
    rt_show_version                          0x08002ca1   Thumb Code    40  kservice.o(i.rt_show_version)
    rt_strlen                                0x08002d51   Thumb Code    16  kservice.o(i.rt_strlen)
    rt_strncpy                               0x08002d61   Thumb Code    38  kservice.o(i.rt_strncpy)
    rt_system_heap_init                      0x08002d89   Thumb Code   100  mem.o(i.rt_system_heap_init)
    rt_system_scheduler_init                 0x08002e39   Thumb Code    44  scheduler.o(i.rt_system_scheduler_init)
    rt_system_scheduler_start                0x08002e6d   Thumb Code    32  scheduler.o(i.rt_system_scheduler_start)
    rt_system_timer_init                     0x08002e95   Thumb Code    20  timer.o(i.rt_system_timer_init)
    rt_system_timer_thread_init              0x08002ead   Thumb Code     2  timer.o(i.rt_system_timer_thread_init)
    rt_thread_create                         0x08002eaf   Thumb Code    76  thread.o(i.rt_thread_create)
    rt_thread_delay                          0x08002efb   Thumb Code     4  thread.o(i.rt_thread_delay)
    rt_thread_exit                           0x08002f01   Thumb Code    78  thread.o(i.rt_thread_exit)
    rt_thread_idle_excute                    0x08002f61   Thumb Code   118  idle.o(i.rt_thread_idle_excute)
    rt_thread_idle_init                      0x08002fdd   Thumb Code    46  idle.o(i.rt_thread_idle_init)
    rt_thread_init                           0x0800301d   Thumb Code    56  thread.o(i.rt_thread_init)
    rt_thread_resume                         0x08003055   Thumb Code    60  thread.o(i.rt_thread_resume)
    rt_thread_self                           0x08003091   Thumb Code     6  thread.o(i.rt_thread_self)
    rt_thread_sleep                          0x0800309d   Thumb Code    60  thread.o(i.rt_thread_sleep)
    rt_thread_startup                        0x080030dd   Thumb Code    38  thread.o(i.rt_thread_startup)
    rt_thread_suspend                        0x08003103   Thumb Code    66  thread.o(i.rt_thread_suspend)
    rt_thread_timeout                        0x08003145   Thumb Code    32  thread.o(i.rt_thread_timeout)
    rt_thread_yield                          0x08003165   Thumb Code    88  thread.o(i.rt_thread_yield)
    rt_tick_get                              0x080031c5   Thumb Code     6  clock.o(i.rt_tick_get)
    rt_tick_increase                         0x080031d1   Thumb Code    38  clock.o(i.rt_tick_increase)
    rt_timer_check                           0x080031fd   Thumb Code   102  timer.o(i.rt_timer_check)
    rt_timer_control                         0x08003269   Thumb Code    52  timer.o(i.rt_timer_control)
    rt_timer_detach                          0x0800329d   Thumb Code    32  timer.o(i.rt_timer_detach)
    rt_timer_init                            0x080032bd   Thumb Code    42  timer.o(i.rt_timer_init)
    rt_timer_start                           0x080032e9   Thumb Code   208  timer.o(i.rt_timer_start)
    rt_timer_stop                            0x080033bd   Thumb Code    46  timer.o(i.rt_timer_stop)
    rt_vsnprintf                             0x080033ed   Thumb Code   646  kservice.o(i.rt_vsnprintf)
    rtthread_startup                         0x0800368d   Thumb Code    42  components.o(i.rtthread_startup)
    setAngle                                 0x080036b9   Thumb Code    30  motor_ctrl.o(i.setAngle)
    wheel_ctrl_task                          0x0800370d   Thumb Code   492  motor_ctrl.o(i.wheel_ctrl_task)
    __lowest_bit_bitmap                      0x0800391c   Data         256  kservice.o(.constdata)
    __ctype_table                            0x08003a3e   Data         129  ctype_o.o(.constdata)
    __rt_init_rti_start                      0x08003ac4   Data           4  components.o(.rti_fn.0)
    __rt_init_rti_board_start                0x08003ac8   Data           4  components.o(.rti_fn.0.end)
    __rt_init_rti_board_end                  0x08003acc   Data           4  components.o(.rti_fn.1.end)
    __rt_init_rti_end                        0x08003ad0   Data           4  components.o(.rti_fn.6.end)
    Region$$Table$$Base                      0x08003ad4   Number         0  anon$$obj.o(Region$$Table)
    Region$$Table$$Limit                     0x08003af4   Number         0  anon$$obj.o(Region$$Table)
    SystemCoreClock                          0x20000000   Data           4  system_stm32f10x.o(.data)
    AHBPrescTable                            0x20000004   Data          16  system_stm32f10x.o(.data)
    wheel_flag_sem                           0x2000002c   Data           4  main.o(.data)
    can_recv_sem                             0x20000030   Data           4  main.o(.data)
    angle_sem                                0x20000034   Data           4  main.o(.data)
    speed_mq                                 0x20000038   Data           4  main.o(.data)
    wheel_task                               0x2000003c   Data           4  main.o(.data)
    setAngle_task                            0x20000040   Data           4  main.o(.data)
    can_recv_task                            0x20000044   Data           4  main.o(.data)
    expect_speed                             0x20000048   Data           2  motor_ctrl.o(.data)
    angle                                    0x2000004a   Data           2  motor_ctrl.o(.data)
    r_pid_val                                0x2000004c   Data          24  motor_ctrl.o(.data)
    l_pid_val                                0x20000064   Data          24  motor_ctrl.o(.data)
    L_Pulse                                  0x2000007c   Data           2  encoder.o(.data)
    R_Pulse                                  0x2000007e   Data           2  encoder.o(.data)
    rt_interrupt_nest                        0x20000084   Data           1  irq.o(.data)
    rt_current_priority                      0x20000110   Data           1  scheduler.o(.data)
    rt_current_thread                        0x20000114   Data           4  scheduler.o(.data)
    rt_thread_ready_priority_group           0x20000118   Data           4  scheduler.o(.data)
    rt_thread_defunct                        0x2000011c   Data           8  scheduler.o(.data)
    rt_interrupt_from_thread                 0x20000134   Data           4  cpuport.o(.data)
    rt_interrupt_to_thread                   0x20000138   Data           4  cpuport.o(.data)
    rt_thread_switch_interrupt_flag          0x2000013c   Data           4  cpuport.o(.data)
    recv_data                                0x20000144   Data          20  can.o(.bss)
    rt_thread_priority_table                 0x20004378   Data          64  scheduler.o(.bss)
    __initial_sp                             0x200047b8   Data           0  startup_stm32f10x_hd.o(STACK)



==============================================================================

Memory Map of the image

  Image Entry point : 0x08000131

  Load Region LR_IROM1 (Base: 0x08000000, Size: 0x00003c38, Max: 0x00010000, ABSOLUTE, COMPRESSED[0x00003b58])

    Execution Region ER_IROM1 (Exec base: 0x08000000, Load base: 0x08000000, Size: 0x00003af4, Max: 0x00010000, ABSOLUTE)

    Exec Addr    Load Addr    Size         Type   Attr      Idx    E Section Name        Object

    0x08000000   0x08000000   0x00000130   Data   RO           93    RESET               startup_stm32f10x_hd.o
    0x08000130   0x08000130   0x00000000   Code   RO         2972  * .ARM.Collect$$$$00000000  mc_w.l(entry.o)
    0x08000130   0x08000130   0x00000004   Code   RO         2999    .ARM.Collect$$$$00000001  mc_w.l(entry2.o)
    0x08000134   0x08000134   0x00000004   Code   RO         3002    .ARM.Collect$$$$00000004  mc_w.l(entry5.o)
    0x08000138   0x08000138   0x00000000   Code   RO         3004    .ARM.Collect$$$$00000008  mc_w.l(entry7b.o)
    0x08000138   0x08000138   0x00000000   Code   RO         3006    .ARM.Collect$$$$0000000A  mc_w.l(entry8b.o)
    0x08000138   0x08000138   0x00000008   Code   RO         3007    .ARM.Collect$$$$0000000B  mc_w.l(entry9a.o)
    0x08000140   0x08000140   0x00000004   Code   RO         3014    .ARM.Collect$$$$0000000E  mc_w.l(entry12b.o)
    0x08000144   0x08000144   0x00000000   Code   RO         3009    .ARM.Collect$$$$0000000F  mc_w.l(entry10a.o)
    0x08000144   0x08000144   0x00000000   Code   RO         3011    .ARM.Collect$$$$00000011  mc_w.l(entry11a.o)
    0x08000144   0x08000144   0x00000004   Code   RO         3000    .ARM.Collect$$$$00002712  mc_w.l(entry2.o)
    0x08000148   0x08000148   0x00000024   Code   RO           94    .text               startup_stm32f10x_hd.o
    0x0800016c   0x0800016c   0x000000f0   Code   RO         2964    .text               context_rvds.o
    0x0800025c   0x0800025c   0x0000001a   Code   RO         2975    .text               mc_w.l(atoi.o)
    0x08000276   0x08000276   0x000000b0   Code   RO         2977    .text               mf_w.l(fadd.o)
    0x08000326   0x08000326   0x00000064   Code   RO         2979    .text               mf_w.l(fmul.o)
    0x0800038a   0x0800038a   0x000000e4   Code   RO         2981    .text               mf_w.l(dmul.o)
    0x0800046e   0x0800046e   0x0000002e   Code   RO         2983    .text               mf_w.l(dscalb.o)
    0x0800049c   0x0800049c   0x00000012   Code   RO         2985    .text               mf_w.l(fflti.o)
    0x080004ae   0x080004ae   0x00000022   Code   RO         2987    .text               mf_w.l(dflti.o)
    0x080004d0   0x080004d0   0x00000032   Code   RO         2989    .text               mf_w.l(ffixi.o)
    0x08000502   0x08000502   0x00000026   Code   RO         2991    .text               mf_w.l(f2d.o)
    0x08000528   0x08000528   0x00000030   Code   RO         2993    .text               mf_w.l(cdcmple.o)
    0x08000558   0x08000558   0x00000030   Code   RO         2995    .text               mf_w.l(cdrcmple.o)
    0x08000588   0x08000588   0x00000038   Code   RO         2997    .text               mf_w.l(d2f.o)
    0x080005c0   0x080005c0   0x0000009c   Code   RO         3022    .text               mc_w.l(strtod.o)
    0x0800065c   0x0800065c   0x00000070   Code   RO         3024    .text               mc_w.l(strtol.o)
    0x080006cc   0x080006cc   0x00000000   Code   RO         3026    .text               mc_w.l(iusefp.o)
    0x080006cc   0x080006cc   0x0000006e   Code   RO         3027    .text               mf_w.l(fepilogue.o)
    0x0800073a   0x0800073a   0x000000ba   Code   RO         3029    .text               mf_w.l(depilogue.o)
    0x080007f4   0x080007f4   0x00000024   Code   RO         3031    .text               mc_w.l(init.o)
    0x08000818   0x08000818   0x0000001e   Code   RO         3033    .text               mc_w.l(llshl.o)
    0x08000836   0x08000836   0x00000020   Code   RO         3035    .text               mc_w.l(llushr.o)
    0x08000856   0x08000856   0x00000002   PAD
    0x08000858   0x08000858   0x00000008   Code   RO         3039    .text               mc_w.l(ctype_o.o)
    0x08000860   0x08000860   0x00000012   Code   RO         3061    .text               mc_w.l(isspace_o.o)
    0x08000872   0x08000872   0x00000002   PAD
    0x08000874   0x08000874   0x00000360   Code   RO         3067    .text               mc_w.l(scanf_fp.o)
    0x08000bd4   0x08000bd4   0x00000040   Code   RO         3071    .text               mc_w.l(_sgetc.o)
    0x08000c14   0x08000c14   0x0000009e   Code   RO         3073    .text               mc_w.l(_strtoul.o)
    0x08000cb2   0x08000cb2   0x0000001c   Code   RO         3078    .text               mc_w.l(_chval.o)
    0x08000cce   0x08000cce   0x000000de   Code   RO         3080    .text               mf_w.l(ddiv.o)
    0x08000dac   0x08000dac   0x00000018   Code   RO         3082    .text               mf_w.l(dfltul.o)
    0x08000dc4   0x08000dc4   0x00000056   Code   RO         3092    .text               mc_w.l(__dczerorl2.o)
    0x08000e1a   0x08000e1a   0x0000000e   Code   RO         1923    i.$Sub$$main        components.o
    0x08000e28   0x08000e28   0x00000002   Code   RO         1405    i.BusFault_Handler  stm32f10x_it.o
    0x08000e2a   0x08000e2a   0x00000002   PAD
    0x08000e2c   0x08000e2c   0x00000030   Code   RO         1406    i.CAN1_RX1_IRQHandler  stm32f10x_it.o
    0x08000e5c   0x08000e5c   0x00000030   Code   RO         1197    i.CAN_ClearFlag     stm32f10x_can.o
    0x08000e8c   0x08000e8c   0x00000038   Code   RO         1200    i.CAN_DeInit        stm32f10x_can.o
    0x08000ec4   0x08000ec4   0x000000d4   Code   RO         1202    i.CAN_FilterInit    stm32f10x_can.o
    0x08000f98   0x08000f98   0x00000014   Code   RO         1208    i.CAN_ITConfig      stm32f10x_can.o
    0x08000fac   0x08000fac   0x00000104   Code   RO         1209    i.CAN_Init          stm32f10x_can.o
    0x080010b0   0x080010b0   0x00000082   Code   RO         1212    i.CAN_Receive       stm32f10x_can.o
    0x08001132   0x08001132   0x00000020   Code   RO         1215    i.CAN_StructInit    stm32f10x_can.o
    0x08001152   0x08001152   0x00000002   PAD
    0x08001154   0x08001154   0x00000104   Code   RO         1785    i.Can_Init          can.o
    0x08001258   0x08001258   0x00000002   Code   RO         1407    i.DebugMon_Handler  stm32f10x_it.o
    0x0800125a   0x0800125a   0x00000002   PAD
    0x0800125c   0x0800125c   0x0000009c   Code   RO         1676    i.Encoder_Init      encoder.o
    0x080012f8   0x080012f8   0x000000a6   Code   RO          104    i.GPIO_Init         stm32f10x_gpio.o
    0x0800139e   0x0800139e   0x00000002   PAD
    0x080013a0   0x080013a0   0x0000005c   Code   RO          106    i.GPIO_PinRemapConfig  stm32f10x_gpio.o
    0x080013fc   0x080013fc   0x00000060   Code   RO         1590    i.MOTOR_GPIO_Init   motor_ctrl.o
    0x0800145c   0x0800145c   0x00000144   Code   RO         1591    i.MOTOR_PWM_Init    motor_ctrl.o
    0x080015a0   0x080015a0   0x00000002   Code   RO         1408    i.MemManage_Handler  stm32f10x_it.o
    0x080015a2   0x080015a2   0x00000002   Code   RO         1409    i.NMI_Handler       stm32f10x_it.o
    0x080015a4   0x080015a4   0x00000064   Code   RO         1160    i.NVIC_Init         misc.o
    0x08001608   0x08001608   0x00000014   Code   RO         1161    i.NVIC_PriorityGroupConfig  misc.o
    0x0800161c   0x0800161c   0x0000001c   Code   RO          234    i.RCC_APB1PeriphClockCmd  stm32f10x_rcc.o
    0x08001638   0x08001638   0x0000001c   Code   RO          235    i.RCC_APB1PeriphResetCmd  stm32f10x_rcc.o
    0x08001654   0x08001654   0x0000001c   Code   RO          236    i.RCC_APB2PeriphClockCmd  stm32f10x_rcc.o
    0x08001670   0x08001670   0x000000ac   Code   RO          244    i.RCC_GetClocksFreq  stm32f10x_rcc.o
    0x0800171c   0x0800171c   0x00000002   Code   RO         1410    i.SVC_Handler       stm32f10x_it.o
    0x0800171e   0x0800171e   0x00000004   Code   RO           17    i.SetSysClock       system_stm32f10x.o
    0x08001722   0x08001722   0x00000002   PAD
    0x08001724   0x08001724   0x000000b0   Code   RO           18    i.SetSysClockTo72   system_stm32f10x.o
    0x080017d4   0x080017d4   0x00000012   Code   RO         1814    i.SysTick_Handler   board.o
    0x080017e6   0x080017e6   0x00000002   PAD
    0x080017e8   0x080017e8   0x00000050   Code   RO           20    i.SystemInit        system_stm32f10x.o
    0x08001838   0x08001838   0x00000074   Code   RO         1411    i.TIM1_UP_IRQHandler  stm32f10x_it.o
    0x080018ac   0x080018ac   0x00000010   Code   RO         1412    i.TIM2_IRQHandler   stm32f10x_it.o
    0x080018bc   0x080018bc   0x00000014   Code   RO         1413    i.TIM3_IRQHandler   stm32f10x_it.o
    0x080018d0   0x080018d0   0x00000018   Code   RO          436    i.TIM_ARRPreloadConfig  stm32f10x_tim.o
    0x080018e8   0x080018e8   0x00000006   Code   RO          442    i.TIM_ClearFlag     stm32f10x_tim.o
    0x080018ee   0x080018ee   0x00000018   Code   RO          448    i.TIM_Cmd           stm32f10x_tim.o
    0x08001906   0x08001906   0x0000001c   Code   RO          450    i.TIM_CtrlPWMOutputs  stm32f10x_tim.o
    0x08001922   0x08001922   0x00000032   Code   RO          457    i.TIM_EncoderInterfaceConfig  stm32f10x_tim.o
    0x08001954   0x08001954   0x00000014   Code   RO          473    i.TIM_ITConfig      stm32f10x_tim.o
    0x08001968   0x08001968   0x00000088   Code   RO          477    i.TIM_OC1Init       stm32f10x_tim.o
    0x080019f0   0x080019f0   0x0000000c   Code   RO          480    i.TIM_OC1PreloadConfig  stm32f10x_tim.o
    0x080019fc   0x080019fc   0x00000068   Code   RO          492    i.TIM_OC4Init       stm32f10x_tim.o
    0x08001a64   0x08001a64   0x00000014   Code   RO          494    i.TIM_OC4PreloadConfig  stm32f10x_tim.o
    0x08001a78   0x08001a78   0x00000004   Code   RO          513    i.TIM_SetCounter    stm32f10x_tim.o
    0x08001a7c   0x08001a7c   0x0000009c   Code   RO          519    i.TIM_TimeBaseInit  stm32f10x_tim.o
    0x08001b18   0x08001b18   0x00000014   Code   RO         1414    i.USART1_IRQHandler  stm32f10x_it.o
    0x08001b2c   0x08001b2c   0x000000a8   Code   RO         1654    i.USART1_Init       usart1.o
    0x08001bd4   0x08001bd4   0x00000018   Code   RO          984    i.USART_Cmd         stm32f10x_usart.o
    0x08001bec   0x08001bec   0x00000036   Code   RO          990    i.USART_ITConfig    stm32f10x_usart.o
    0x08001c22   0x08001c22   0x00000002   PAD
    0x08001c24   0x08001c24   0x000000bc   Code   RO          991    i.USART_Init        stm32f10x_usart.o
    0x08001ce0   0x08001ce0   0x00000002   Code   RO         1415    i.UsageFault_Handler  stm32f10x_it.o
    0x08001ce2   0x08001ce2   0x00000002   PAD
    0x08001ce4   0x08001ce4   0x00000008   Code   RO         3015    i.__aeabi_errno_addr  mc_w.l(errno.o)
    0x08001cec   0x08001cec   0x0000000c   Code   RO         3016    i.__read_errno      mc_w.l(errno.o)
    0x08001cf8   0x08001cf8   0x00000048   Code   RO         2326    i.__rt_ffs          kservice.o
    0x08001d40   0x08001d40   0x0000000e   Code   RO         3086    i.__scatterload_copy  mc_w.l(handlers.o)
    0x08001d4e   0x08001d4e   0x00000002   Code   RO         3087    i.__scatterload_null  mc_w.l(handlers.o)
    0x08001d50   0x08001d50   0x0000000e   Code   RO         3088    i.__scatterload_zeroinit  mc_w.l(handlers.o)
    0x08001d5e   0x08001d5e   0x00000002   PAD
    0x08001d60   0x08001d60   0x0000000c   Code   RO         3017    i.__set_errno       mc_w.l(errno.o)
    0x08001d6c   0x08001d6c   0x00000014   Code   RO         1997    i._has_defunct_thread  idle.o
    0x08001d80   0x08001d80   0x0000000e   Code   RO         3069    i._is_digit         mc_w.l(scanf_fp.o)
    0x08001d8e   0x08001d8e   0x00000002   PAD
    0x08001d90   0x08001d90   0x00000078   Code   RO         2711    i._rt_thread_init   thread.o
    0x08001e08   0x08001e08   0x00000026   Code   RO         2826    i._rt_timer_init    timer.o
    0x08001e2e   0x08001e2e   0x00000022   Code   RO         2827    i._rt_timer_remove  timer.o
    0x08001e50   0x08001e50   0x0000002a   Code   RO         2969    i.atof              m_ws.l(atof.o)
    0x08001e7a   0x08001e7a   0x00000002   PAD
    0x08001e7c   0x08001e7c   0x0000012c   Code   RO         1786    i.can_recv_to_ctrl  can.o
    0x08001fa8   0x08001fa8   0x00000100   Code   RO         1548    i.main              main.o
    0x080020a8   0x080020a8   0x0000000e   Code   RO         1924    i.main_thread_entry  components.o
    0x080020b6   0x080020b6   0x00000002   PAD
    0x080020b8   0x080020b8   0x00000054   Code   RO         2503    i.plug_holes        mem.o
    0x0800210c   0x0800210c   0x00000128   Code   RO         2328    i.print_number      kservice.o
    0x08002234   0x08002234   0x0000002c   Code   RO         1925    i.rt_application_init  components.o
    0x08002260   0x08002260   0x0000001c   Code   RO         1926    i.rt_components_board_init  components.o
    0x0800227c   0x0800227c   0x0000001c   Code   RO         1927    i.rt_components_init  components.o
    0x08002298   0x08002298   0x0000001c   Code   RO         2635    i.rt_enter_critical  scheduler.o
    0x080022b4   0x080022b4   0x00000030   Code   RO         2636    i.rt_exit_critical  scheduler.o
    0x080022e4   0x080022e4   0x000000c4   Code   RO         2505    i.rt_free           mem.o
    0x080023a8   0x080023a8   0x00000008   Code   RO         1815    i.rt_heap_begin_get  board.o
    0x080023b0   0x080023b0   0x00000008   Code   RO         1816    i.rt_heap_end_get   board.o
    0x080023b8   0x080023b8   0x0000006c   Code   RO         1817    i.rt_hw_board_init  board.o
    0x08002424   0x08002424   0x00000002   Code   RO         2331    i.rt_hw_console_output  kservice.o
    0x08002426   0x08002426   0x00000002   PAD
    0x08002428   0x08002428   0x000001f4   Code   RO         2930    i.rt_hw_hard_fault_exception  cpuport.o
    0x0800261c   0x0800261c   0x0000003c   Code   RO         2931    i.rt_hw_stack_init  cpuport.o
    0x08002658   0x08002658   0x0000001c   Code   RO         2299    i.rt_interrupt_enter  irq.o
    0x08002674   0x08002674   0x0000001c   Code   RO         2301    i.rt_interrupt_leave  irq.o
    0x08002690   0x08002690   0x0000000e   Code   RO         2044    i.rt_ipc_list_resume  ipc.o
    0x0800269e   0x0800269e   0x0000002e   Code   RO         2045    i.rt_ipc_list_resume_all  ipc.o
    0x080026cc   0x080026cc   0x0000005c   Code   RO         2046    i.rt_ipc_list_suspend  ipc.o
    0x08002728   0x08002728   0x00000024   Code   RO         2332    i.rt_kprintf        kservice.o
    0x0800274c   0x0800274c   0x0000000e   Code   RO         2565    i.rt_list_insert_after  object.o
    0x0800275a   0x0800275a   0x0000000e   Code   RO         2712    i.rt_list_insert_after  thread.o
    0x08002768   0x08002768   0x0000000e   Code   RO         2828    i.rt_list_insert_after  timer.o
    0x08002776   0x08002776   0x0000000e   Code   RO         2047    i.rt_list_insert_before  ipc.o
    0x08002784   0x08002784   0x0000000e   Code   RO         2048    i.rt_list_isempty   ipc.o
    0x08002792   0x08002792   0x0000000e   Code   RO         2829    i.rt_list_isempty   timer.o
    0x080027a0   0x080027a0   0x00000012   Code   RO         2566    i.rt_list_remove    object.o
    0x080027b2   0x080027b2   0x00000012   Code   RO         2713    i.rt_list_remove    thread.o
    0x080027c4   0x080027c4   0x00000104   Code   RO         2506    i.rt_malloc         mem.o
    0x080028c8   0x080028c8   0x00000046   Code   RO         2338    i.rt_memset         kservice.o
    0x0800290e   0x0800290e   0x00000074   Code   RO         2058    i.rt_mq_create      ipc.o
    0x08002982   0x08002982   0x0000001c   Code   RO         2059    i.rt_mq_delete      ipc.o
    0x0800299e   0x0800299e   0x0000004a   Code   RO         2567    i.rt_object_allocate  object.o
    0x080029e8   0x080029e8   0x00000022   Code   RO         2568    i.rt_object_delete  object.o
    0x08002a0a   0x08002a0a   0x0000001c   Code   RO         2569    i.rt_object_detach  object.o
    0x08002a26   0x08002a26   0x00000002   PAD
    0x08002a28   0x08002a28   0x00000024   Code   RO         2571    i.rt_object_get_information  object.o
    0x08002a4c   0x08002a4c   0x0000003c   Code   RO         2572    i.rt_object_init    object.o
    0x08002a88   0x08002a88   0x0000000e   Code   RO         2573    i.rt_object_is_systemobject  object.o
    0x08002a96   0x08002a96   0x00000002   PAD
    0x08002a98   0x08002a98   0x00000074   Code   RO         2637    i.rt_schedule       scheduler.o
    0x08002b0c   0x08002b0c   0x0000004c   Code   RO         2638    i.rt_schedule_insert_thread  scheduler.o
    0x08002b58   0x08002b58   0x00000054   Code   RO         2639    i.rt_schedule_remove_thread  scheduler.o
    0x08002bac   0x08002bac   0x00000020   Code   RO         2073    i.rt_sem_create     ipc.o
    0x08002bcc   0x08002bcc   0x00000026   Code   RO         2076    i.rt_sem_init       ipc.o
    0x08002bf2   0x08002bf2   0x00000040   Code   RO         2077    i.rt_sem_release    ipc.o
    0x08002c32   0x08002c32   0x0000006e   Code   RO         2078    i.rt_sem_take       ipc.o
    0x08002ca0   0x08002ca0   0x000000b0   Code   RO         2340    i.rt_show_version   kservice.o
    0x08002d50   0x08002d50   0x00000010   Code   RO         2346    i.rt_strlen         kservice.o
    0x08002d60   0x08002d60   0x00000026   Code   RO         2348    i.rt_strncpy        kservice.o
    0x08002d86   0x08002d86   0x00000002   PAD
    0x08002d88   0x08002d88   0x000000b0   Code   RO         2509    i.rt_system_heap_init  mem.o
    0x08002e38   0x08002e38   0x00000034   Code   RO         2640    i.rt_system_scheduler_init  scheduler.o
    0x08002e6c   0x08002e6c   0x00000028   Code   RO         2641    i.rt_system_scheduler_start  scheduler.o
    0x08002e94   0x08002e94   0x00000018   Code   RO         2830    i.rt_system_timer_init  timer.o
    0x08002eac   0x08002eac   0x00000002   Code   RO         2831    i.rt_system_timer_thread_init  timer.o
    0x08002eae   0x08002eae   0x0000004c   Code   RO         2715    i.rt_thread_create  thread.o
    0x08002efa   0x08002efa   0x00000004   Code   RO         2716    i.rt_thread_delay   thread.o
    0x08002efe   0x08002efe   0x00000002   PAD
    0x08002f00   0x08002f00   0x00000058   Code   RO         2719    i.rt_thread_exit    thread.o
    0x08002f58   0x08002f58   0x00000006   Code   RO         1998    i.rt_thread_idle_entry  idle.o
    0x08002f5e   0x08002f5e   0x00000002   PAD
    0x08002f60   0x08002f60   0x0000007c   Code   RO         1999    i.rt_thread_idle_excute  idle.o
    0x08002fdc   0x08002fdc   0x00000040   Code   RO         2001    i.rt_thread_idle_init  idle.o
    0x0800301c   0x0800301c   0x00000038   Code   RO         2721    i.rt_thread_init    thread.o
    0x08003054   0x08003054   0x0000003c   Code   RO         2722    i.rt_thread_resume  thread.o
    0x08003090   0x08003090   0x0000000c   Code   RO         2723    i.rt_thread_self    thread.o
    0x0800309c   0x0800309c   0x00000040   Code   RO         2724    i.rt_thread_sleep   thread.o
    0x080030dc   0x080030dc   0x00000026   Code   RO         2725    i.rt_thread_startup  thread.o
    0x08003102   0x08003102   0x00000042   Code   RO         2726    i.rt_thread_suspend  thread.o
    0x08003144   0x08003144   0x00000020   Code   RO         2727    i.rt_thread_timeout  thread.o
    0x08003164   0x08003164   0x00000060   Code   RO         2728    i.rt_thread_yield   thread.o
    0x080031c4   0x080031c4   0x0000000c   Code   RO         1887    i.rt_tick_get       clock.o
    0x080031d0   0x080031d0   0x0000002c   Code   RO         1888    i.rt_tick_increase  clock.o
    0x080031fc   0x080031fc   0x0000006c   Code   RO         2832    i.rt_timer_check    timer.o
    0x08003268   0x08003268   0x00000034   Code   RO         2833    i.rt_timer_control  timer.o
    0x0800329c   0x0800329c   0x00000020   Code   RO         2836    i.rt_timer_detach   timer.o
    0x080032bc   0x080032bc   0x0000002a   Code   RO         2837    i.rt_timer_init     timer.o
    0x080032e6   0x080032e6   0x00000002   PAD
    0x080032e8   0x080032e8   0x000000d4   Code   RO         2840    i.rt_timer_start    timer.o
    0x080033bc   0x080033bc   0x0000002e   Code   RO         2841    i.rt_timer_stop     timer.o
    0x080033ea   0x080033ea   0x00000002   PAD
    0x080033ec   0x080033ec   0x00000290   Code   RO         2351    i.rt_vsnprintf      kservice.o
    0x0800367c   0x0800367c   0x00000004   Code   RO         1928    i.rti_board_end     components.o
    0x08003680   0x08003680   0x00000004   Code   RO         1929    i.rti_board_start   components.o
    0x08003684   0x08003684   0x00000004   Code   RO         1930    i.rti_end           components.o
    0x08003688   0x08003688   0x00000004   Code   RO         1931    i.rti_start         components.o
    0x0800368c   0x0800368c   0x0000002a   Code   RO         1932    i.rtthread_startup  components.o
    0x080036b6   0x080036b6   0x00000002   PAD
    0x080036b8   0x080036b8   0x0000002c   Code   RO         1592    i.setAngle          motor_ctrl.o
    0x080036e4   0x080036e4   0x00000028   Code   RO         2353    i.skip_atoi         kservice.o
    0x0800370c   0x0800370c   0x00000210   Code   RO         1594    i.wheel_ctrl_task   motor_ctrl.o
    0x0800391c   0x0800391c   0x00000122   Data   RO         2355    .constdata          kservice.o
    0x08003a3e   0x08003a3e   0x00000081   Data   RO         3040    .constdata          mc_w.l(ctype_o.o)
    0x08003abf   0x08003abf   0x00000001   PAD
    0x08003ac0   0x08003ac0   0x00000004   Data   RO         3041    .constdata          mc_w.l(ctype_o.o)
    0x08003ac4   0x08003ac4   0x00000004   Data   RO         1933    .rti_fn.0           components.o
    0x08003ac8   0x08003ac8   0x00000004   Data   RO         1934    .rti_fn.0.end       components.o
    0x08003acc   0x08003acc   0x00000004   Data   RO         1935    .rti_fn.1.end       components.o
    0x08003ad0   0x08003ad0   0x00000004   Data   RO         1936    .rti_fn.6.end       components.o
    0x08003ad4   0x08003ad4   0x00000020   Data   RO         3084    Region$$Table       anon$$obj.o


    Execution Region RW_IRAM1 (Exec base: 0x20000000, Load base: 0x08003af4, Size: 0x000047b8, Max: 0x00005000, ABSOLUTE, COMPRESSED[0x00000064])

    Exec Addr    Load Addr    Size         Type   Attr      Idx    E Section Name        Object

    0x20000000   COMPRESSED   0x00000014   Data   RW           21    .data               system_stm32f10x.o
    0x20000014   COMPRESSED   0x00000014   Data   RW          264    .data               stm32f10x_rcc.o
    0x20000028   COMPRESSED   0x00000001   Data   RW         1416    .data               stm32f10x_it.o
    0x20000029   COMPRESSED   0x00000003   PAD
    0x2000002c   COMPRESSED   0x0000001c   Data   RW         1549    .data               main.o
    0x20000048   COMPRESSED   0x00000034   Data   RW         1595    .data               motor_ctrl.o
    0x2000007c   COMPRESSED   0x00000002   Data   RW         1677    .data               encoder.o
    0x2000007e   COMPRESSED   0x00000002   Data   RW         1678    .data               encoder.o
    0x20000080   COMPRESSED   0x00000004   Data   RW         1890    .data               clock.o
    0x20000084   COMPRESSED   0x00000001   Data   RW         2302    .data               irq.o
    0x20000085   COMPRESSED   0x00000003   PAD
    0x20000088   COMPRESSED   0x00000018   Data   RW         2511    .data               mem.o
    0x200000a0   COMPRESSED   0x00000070   Data   RW         2575    .data               object.o
    0x20000110   COMPRESSED   0x00000014   Data   RW         2643    .data               scheduler.o
    0x20000124   COMPRESSED   0x0000000c   Data   RW         2842    .data               timer.o
    0x20000130   COMPRESSED   0x00000004   Data   RW         2932    .data               cpuport.o
    0x20000134   COMPRESSED   0x00000004   Data   RW         2933    .data               cpuport.o
    0x20000138   COMPRESSED   0x00000004   Data   RW         2934    .data               cpuport.o
    0x2000013c   COMPRESSED   0x00000004   Data   RW         2935    .data               cpuport.o
    0x20000140   COMPRESSED   0x00000004   Data   RW         3018    .data               mc_w.l(errno.o)
    0x20000144        -       0x00000014   Zero   RW         1787    .bss                can.o
    0x20000158        -       0x00004000   Zero   RW         1818    .bss                board.o
    0x20004158        -       0x00000180   Zero   RW         2002    .bss                idle.o
    0x200042d8        -       0x00000080   Zero   RW         2354    .bss                kservice.o
    0x20004358        -       0x00000020   Zero   RW         2510    .bss                mem.o
    0x20004378        -       0x00000040   Zero   RW         2642    .bss                scheduler.o
    0x200043b8        -       0x00000400   Zero   RW           91    STACK               startup_stm32f10x_hd.o


==============================================================================

Image component sizes


      Code (inc. data)   RO Data    RW Data    ZI Data      Debug   Object Name

       142         18          0          0      16384      17734   board.o
       560         48          0          0         20       1606   can.o
        56         12          0          4          0       1113   clock.o
       186         30         16          0          0       5344   components.o
       240         26          0          0          0        752   context_rvds.o
         0          0          0          0          0       4540   core_cm3.o
       560        324          0         16          0       3102   cpuport.o
       156          8          0          4          0        781   encoder.o
       214         28          0          0        384       4818   idle.o
       568          0          0          0          0       9675   ipc.o
        56         12          0          1          0       1454   irq.o
      1402        162        290          0        128       9551   kservice.o
       256         92          0         28          0        951   main.o
       716        172          0         24         32       3856   mem.o
       120         14          0          0          0       1439   misc.o
       992         76          0         52          0       4046   motor_ctrl.o
       278          6          0        112          0       7372   object.o
       444         58          0         20         64       7506   scheduler.o
        36          8        304          0       1024        784   startup_stm32f10x_hd.o
       758         18          0          0          0       5283   stm32f10x_can.o
       258          6          0          0          0     214266   stm32f10x_gpio.o
       232         52          0          1          0      10762   stm32f10x_it.o
       256         36          0         20          0       4951   stm32f10x_rcc.o
       584         74          0          0          0       7740   stm32f10x_tim.o
       266          6          0          0          0       3686   stm32f10x_usart.o
       260         26          0         20          0      45381   system_stm32f10x.o
       744         38          0          0          0      10795   thread.o
       618         14          0         12          0       9828   timer.o
       168          8          0          0          0        610   usart1.o

    ----------------------------------------------------------------------
     11162       1372        642        320      18036     399726   Object Totals
         0          0         32          0          0          0   (incl. Generated)
        36          0          0          6          0          0   (incl. Padding)

    ----------------------------------------------------------------------

      Code (inc. data)   RO Data    RW Data    ZI Data      Debug   Library Member Name

        42          0          0          0          0         84   atof.o
        86          0          0          0          0          0   __dczerorl2.o
        28          0          0          0          0         68   _chval.o
        64          0          0          0          0         84   _sgetc.o
       158          0          0          0          0         92   _strtoul.o
        26          0          0          0          0         80   atoi.o
         8          4        133          0          0         68   ctype_o.o
         0          0          0          0          0          0   entry.o
         0          0          0          0          0          0   entry10a.o
         0          0          0          0          0          0   entry11a.o
         4          0          0          0          0          0   entry12b.o
         8          4          0          0          0          0   entry2.o
         4          0          0          0          0          0   entry5.o
         0          0          0          0          0          0   entry7b.o
         0          0          0          0          0          0   entry8b.o
         8          4          0          0          0          0   entry9a.o
        32         16          0          4          0        204   errno.o
        30          0          0          0          0          0   handlers.o
        36          8          0          0          0         68   init.o
        18          0          0          0          0         76   isspace_o.o
         0          0          0          0          0          0   iusefp.o
        30          0          0          0          0         68   llshl.o
        32          0          0          0          0         68   llushr.o
       878         12          0          0          0        216   scanf_fp.o
       156         12          0          0          0        120   strtod.o
       112          0          0          0          0         88   strtol.o
        48          0          0          0          0         68   cdcmple.o
        48          0          0          0          0         68   cdrcmple.o
        56          0          0          0          0         88   d2f.o
       222          0          0          0          0        100   ddiv.o
       186          0          0          0          0        176   depilogue.o
        34          0          0          0          0         76   dflti.o
        24          0          0          0          0         76   dfltul.o
       228          0          0          0          0         96   dmul.o
        46          0          0          0          0         80   dscalb.o
        38          0          0          0          0         68   f2d.o
       176          0          0          0          0        140   fadd.o
       110          0          0          0          0        168   fepilogue.o
        50          0          0          0          0         68   ffixi.o
        18          0          0          0          0         68   fflti.o
       100          0          0          0          0         76   fmul.o

    ----------------------------------------------------------------------
      3154         60        134          4          0       2800   Library Totals
        10          0          1          0          0          0   (incl. Padding)

    ----------------------------------------------------------------------

      Code (inc. data)   RO Data    RW Data    ZI Data      Debug   Library Name

        42          0          0          0          0         84   m_ws.l
      1718         60        133          4          0       1300   mc_w.l
      1384          0          0          0          0       1416   mf_w.l

    ----------------------------------------------------------------------
      3154         60        134          4          0       2800   Library Totals

    ----------------------------------------------------------------------

==============================================================================


      Code (inc. data)   RO Data    RW Data    ZI Data      Debug   

     14316       1432        776        324      18036     394022   Grand Totals
     14316       1432        776        100      18036     394022   ELF Image Totals (compressed)
     14316       1432        776        100          0          0   ROM Totals

==============================================================================

    Total RO  Size (Code + RO Data)                15092 (  14.74kB)
    Total RW  Size (RW Data + ZI Data)             18360 (  17.93kB)
    Total ROM Size (Code + RO Data + RW Data)      15192 (  14.84kB)

==============================================================================

