<html>
<body>
<pre>
<h1>µVision Build Log</h1>
<h2>Tool Versions:</h2>
IDE-Version: ¦ÌVision V5.34.0.0
Copyright (C) 2021 ARM Ltd and ARM Germany GmbH. All rights reserved.
License Information: z z, z, LIC=EXJT4-FX06B-EVK1R-KZA1C-PP11A-APZDL
 
Tool Versions:
Toolchain:       MDK-ARM Plus  Version: 5.34.0.0
Toolchain Path:  D:\Keil_v5\ARM\ARMCC\Bin
C Compiler:      Armcc.exe V5.06 update 7 (build 960)
Assembler:       Armasm.exe V5.06 update 7 (build 960)
Linker/Locator:  ArmLink.exe V5.06 update 7 (build 960)
Library Manager: ArmAr.exe V5.06 update 7 (build 960)
Hex Converter:   FromElf.exe V5.06 update 7 (build 960)
CPU DLL:         SARMCM3.DLL V5.34.0.0
Dialog DLL:      DCM.DLL V1.17.3.0
Target DLL:      STLink\ST-LINKIII-KEIL_SWO.dll V3.0.8.0
Dialog DLL:      TCM.DLL V1.48.0.0
 
<h2>Project:</h2>
G:\Logistics-trolley\Ó²¼þ\³ÌÐò\STM32\test\test.uvprojx
Project File Date:  11/27/2021

<h2>Output:</h2>
*** Using Compiler 'V5.06 update 7 (build 960)', folder: 'D:\Keil_v5\ARM\ARMCC\Bin'
Rebuild target 'Target 1'
assembling startup_stm32f10x_hd.s...
compiling core_cm3.c...
compiling system_stm32f10x.c...
compiling stm32f10x_gpio.c...
compiling misc.c...
compiling stm32f10x_usart.c...
compiling stm32f10x_rcc.c...
compiling stm32f10x_tim.c...
compiling stm32f10x_can.c...
compiling stm32f10x_exti.c...
compiling usart1.c...
compiling delay.c...
compiling stm32f10x_it.c...
USER\main.h(10): warning:  #1295-D: Deprecated declaration sr04_Init - give arg types
  void sr04_Init();
USER\main.h(11): warning:  #1295-D: Deprecated declaration get_distan - give arg types
  void get_distan();
USER\stm32f10x_it.c: 2 warnings, 0 errors
compiling main.c...
USER\main.h(10): warning:  #1295-D: Deprecated declaration sr04_Init - give arg types
  void sr04_Init();
USER\main.h(11): warning:  #1295-D: Deprecated declaration get_distan - give arg types
  void get_distan();
USER\main.c: 2 warnings, 0 errors
compiling motor_ctrl.c...
USER\main.h(10): warning:  #1295-D: Deprecated declaration sr04_Init - give arg types
  void sr04_Init();
USER\main.h(11): warning:  #1295-D: Deprecated declaration get_distan - give arg types
  void get_distan();
USER\motor_ctrl.c: 2 warnings, 0 errors
compiling encoder.c...
compiling clock.c...
compiling components.c...
compiling oled_SPI.c...
compiling device.c...
compiling idle.c...
compiling irq.c...
compiling board.c...
USER\main.h(10): warning:  #1295-D: Deprecated declaration sr04_Init - give arg types
  void sr04_Init();
USER\main.h(11): warning:  #1295-D: Deprecated declaration get_distan - give arg types
  void get_distan();
USER\board.c: 2 warnings, 0 errors
compiling sr04.c...
USER\main.h(10): warning:  #1295-D: Deprecated declaration sr04_Init - give arg types
  void sr04_Init();
USER\main.h(11): warning:  #1295-D: Deprecated declaration get_distan - give arg types
  void get_distan();
USER\sr04.c(8): warning:  #177-D: variable "EXTI_InitStruct"  was declared but never referenced
  	EXTI_InitTypeDef EXTI_InitStruct;
USER\sr04.c(9): warning:  #177-D: variable "NVIC_InitStructure"  was declared but never referenced
  	NVIC_InitTypeDef NVIC_InitStructure;
USER\sr04.c(36): warning:  #550-D: variable "t"  was set but never used
  	int t = 0;
USER\sr04.c: 5 warnings, 0 errors
compiling can.c...
USER\main.h(10): warning:  #1295-D: Deprecated declaration sr04_Init - give arg types
  void sr04_Init();
USER\main.h(11): warning:  #1295-D: Deprecated declaration get_distan - give arg types
  void get_distan();
USER\can.c: 2 warnings, 0 errors
compiling ipc.c...
compiling mem.c...
compiling kservice.c...
compiling memheap.c...
compiling mempool.c...
compiling object.c...
compiling scheduler.c...
compiling signal.c...
compiling cpuport.c...
assembling context_rvds.S...
compiling thread.c...
compiling timer.c...
linking...
Program Size: Code=14316 RO-data=776 RW-data=324 ZI-data=18036  
FromELF: creating hex file...
".\Objects\test.axf" - 0 Error(s), 15 Warning(s).

<h2>Software Packages used:</h2>

Package Vendor: Keil
                http://www.keil.com/pack/Keil.STM32F1xx_DFP.2.3.0.pack
                Keil.STM32F1xx_DFP.2.3.0
                STMicroelectronics STM32F1 Series Device Support, Drivers and Examples

<h2>Collection of Component include folders:</h2>
  D:\Users\Kero\AppData\Local\Arm\Packs\Keil\STM32F1xx_DFP\2.3.0\Device\Include

<h2>Collection of Component Files used:</h2>
Build Time Elapsed:  00:00:01
</pre>
</body>
</html>
